Archive member included because of file (symbol)

c:/program files (x86)/atmel/atmel toolchain/avr32 gcc/native/3.4.1057/avr32-gnu-toolchain/bin/../lib/gcc/avr32/4.4.7/ucr2\libgcc.a(_avr32_f32_div.o)
                              src/main.o (__avr32_f32_div)
c:/program files (x86)/atmel/atmel toolchain/avr32 gcc/native/3.4.1057/avr32-gnu-toolchain/bin/../lib/gcc/avr32/4.4.7/ucr2\libgcc.a(_avr32_f32_mul.o)
                              src/main.o (__avr32_f32_mul)
c:/program files (x86)/atmel/atmel toolchain/avr32 gcc/native/3.4.1057/avr32-gnu-toolchain/bin/../lib/gcc/avr32/4.4.7/ucr2\libgcc.a(_avr32_s32_to_f32.o)
                              src/main.o (__avr32_s32_to_f32)
c:/program files (x86)/atmel/atmel toolchain/avr32 gcc/native/3.4.1057/avr32-gnu-toolchain/bin/../lib/gcc/avr32/4.4.7/ucr2\libgcc.a(_avr32_f32_to_u32.o)
                              src/main.o (__avr32_f32_to_u32)
c:/program files (x86)/atmel/atmel toolchain/avr32 gcc/native/3.4.1057/avr32-gnu-toolchain/bin/../lib/gcc/avr32/4.4.7/ucr2\libgcc.a(_avr32_f32_to_f64.o)
                              src/main.o (__avr32_f32_to_f64)
c:/program files (x86)/atmel/atmel toolchain/avr32 gcc/native/3.4.1057/avr32-gnu-toolchain/bin/../lib/gcc/avr32/4.4.7/../../../../avr32/lib/ucr2\libc.a(lib_a-memcpy.o)
                              src/ASF/avr32/drivers/flashc/flashc.o (memcpy)
c:/program files (x86)/atmel/atmel toolchain/avr32 gcc/native/3.4.1057/avr32-gnu-toolchain/bin/../lib/gcc/avr32/4.4.7/../../../../avr32/lib/ucr2\libc.a(lib_a-vsprintf.o)
                              src/ASF/avr32/components/display/dip204/dip204.o (vsprintf)
c:/program files (x86)/atmel/atmel toolchain/avr32 gcc/native/3.4.1057/avr32-gnu-toolchain/bin/../lib/gcc/avr32/4.4.7/../../../../avr32/lib/ucr2\libc.a(lib_a-impure.o)
                              c:/program files (x86)/atmel/atmel toolchain/avr32 gcc/native/3.4.1057/avr32-gnu-toolchain/bin/../lib/gcc/avr32/4.4.7/../../../../avr32/lib/ucr2\libc.a(lib_a-vsprintf.o) (_impure_ptr)
c:/program files (x86)/atmel/atmel toolchain/avr32 gcc/native/3.4.1057/avr32-gnu-toolchain/bin/../lib/gcc/avr32/4.4.7/../../../../avr32/lib/ucr2\libc.a(lib_a-vfprintf.o)
                              c:/program files (x86)/atmel/atmel toolchain/avr32 gcc/native/3.4.1057/avr32-gnu-toolchain/bin/../lib/gcc/avr32/4.4.7/../../../../avr32/lib/ucr2\libc.a(lib_a-vsprintf.o) (_vfprintf_r)
c:/program files (x86)/atmel/atmel toolchain/avr32 gcc/native/3.4.1057/avr32-gnu-toolchain/bin/../lib/gcc/avr32/4.4.7/../../../../avr32/lib/ucr2\libc.a(lib_a-wsetup.o)
                              c:/program files (x86)/atmel/atmel toolchain/avr32 gcc/native/3.4.1057/avr32-gnu-toolchain/bin/../lib/gcc/avr32/4.4.7/../../../../avr32/lib/ucr2\libc.a(lib_a-vfprintf.o) (__swsetup_r)
c:/program files (x86)/atmel/atmel toolchain/avr32 gcc/native/3.4.1057/avr32-gnu-toolchain/bin/../lib/gcc/avr32/4.4.7/../../../../avr32/lib/ucr2\libc.a(lib_a-dtoa.o)
                              c:/program files (x86)/atmel/atmel toolchain/avr32 gcc/native/3.4.1057/avr32-gnu-toolchain/bin/../lib/gcc/avr32/4.4.7/../../../../avr32/lib/ucr2\libc.a(lib_a-vfprintf.o) (_dtoa_r)
c:/program files (x86)/atmel/atmel toolchain/avr32 gcc/native/3.4.1057/avr32-gnu-toolchain/bin/../lib/gcc/avr32/4.4.7/../../../../avr32/lib/ucr2\libc.a(lib_a-fflush.o)
                              c:/program files (x86)/atmel/atmel toolchain/avr32 gcc/native/3.4.1057/avr32-gnu-toolchain/bin/../lib/gcc/avr32/4.4.7/../../../../avr32/lib/ucr2\libc.a(lib_a-vfprintf.o) (_fflush_r)
c:/program files (x86)/atmel/atmel toolchain/avr32 gcc/native/3.4.1057/avr32-gnu-toolchain/bin/../lib/gcc/avr32/4.4.7/../../../../avr32/lib/ucr2\libc.a(lib_a-findfp.o)
                              c:/program files (x86)/atmel/atmel toolchain/avr32 gcc/native/3.4.1057/avr32-gnu-toolchain/bin/../lib/gcc/avr32/4.4.7/../../../../avr32/lib/ucr2\libc.a(lib_a-vfprintf.o) (__sinit)
c:/program files (x86)/atmel/atmel toolchain/avr32 gcc/native/3.4.1057/avr32-gnu-toolchain/bin/../lib/gcc/avr32/4.4.7/../../../../avr32/lib/ucr2\libc.a(lib_a-freer.o)
                              c:/program files (x86)/atmel/atmel toolchain/avr32 gcc/native/3.4.1057/avr32-gnu-toolchain/bin/../lib/gcc/avr32/4.4.7/../../../../avr32/lib/ucr2\libc.a(lib_a-wsetup.o) (_free_r)
c:/program files (x86)/atmel/atmel toolchain/avr32 gcc/native/3.4.1057/avr32-gnu-toolchain/bin/../lib/gcc/avr32/4.4.7/../../../../avr32/lib/ucr2\libc.a(lib_a-fvwrite.o)
                              c:/program files (x86)/atmel/atmel toolchain/avr32 gcc/native/3.4.1057/avr32-gnu-toolchain/bin/../lib/gcc/avr32/4.4.7/../../../../avr32/lib/ucr2\libc.a(lib_a-vfprintf.o) (__sfvwrite_r)
c:/program files (x86)/atmel/atmel toolchain/avr32 gcc/native/3.4.1057/avr32-gnu-toolchain/bin/../lib/gcc/avr32/4.4.7/../../../../avr32/lib/ucr2\libc.a(lib_a-fwalk.o)
[...]
Memory Configuration

Name             Origin             Length             Attributes
FLASH            0x80000000         0x00080000         axrl !w
INTRAM           0x00000004         0x0000fffc         axw !rl
USERPAGE         0x80800000         0x00000200
*default*        0x00000000         0xffffffff

Linker script and memory map

                0x00001000                _stack_size = 0x1000
LOAD src/ASF/avr32/drivers/adc/adc.o
LOAD src/ASF/avr32/drivers/usart/usart.o
LOAD src/ASF/avr32/utils/debug/print_funcs.o
LOAD src/can/can.o
LOAD src/main.o
LOAD src/ASF/avr32/boards/evk1100/led.o
LOAD src/ASF/avr32/components/display/dip204/dip204.o
LOAD src/ASF/avr32/drivers/flashc/flashc.o
LOAD src/ASF/avr32/drivers/gpio/gpio.o
LOAD src/ASF/avr32/drivers/intc/exception.o
LOAD src/ASF/avr32/drivers/intc/intc.o
LOAD src/ASF/avr32/drivers/pm/pm.o
LOAD src/ASF/avr32/drivers/pm/pm_conf_clocks.o
LOAD src/ASF/avr32/drivers/pm/power_clocks_lib.o
LOAD src/ASF/avr32/drivers/pwm/pwm.o
LOAD src/ASF/avr32/drivers/spi/spi.o
LOAD src/ASF/avr32/utils/startup/startup_uc3.o
LOAD src/ASF/avr32/utils/startup/trampoline_uc3.o
LOAD src/ASF/common/services/clock/uc3a0_a1/sysclk.o
START GROUP
LOAD c:/program files (x86)/atmel/atmel toolchain/avr32 gcc/native/3.4.1057/avr32-gnu-toolchain/bin/../lib/gcc/avr32/4.4.7/../../../../avr32/lib/ucr2\libm.a
END GROUP
LOAD c:/program files (x86)/atmel/atmel toolchain/avr32 gcc/native/3.4.1057/avr32-gnu-toolchain/bin/../lib/gcc/avr32/4.4.7/ucr2\libgcc.a
LOAD c:/program files (x86)/atmel/atmel toolchain/avr32 gcc/native/3.4.1057/avr32-gnu-toolchain/bin/../lib/gcc/avr32/4.4.7/../../../../avr32/lib/ucr2\libc.a
LOAD c:/program files (x86)/atmel/atmel toolchain/avr32 gcc/native/3.4.1057/avr32-gnu-toolchain/bin/../lib/gcc/avr32/4.4.7/ucr2\libgcc.a
                0xffffffff                __max_heap_size__ = 0xffffffff
                [0xffffffff]                __heap_size__ = DEFINED (__heap_size__)?__heap_size__:__max_heap_size__
                [0x00001000]                __stack_size__ = DEFINED (__stack_size__)?__stack_size__:0x1000
                0x80000000                PROVIDE (__executable_start, 0x80000000)
                0x80000000                . = 0x80000000

.interp
 *(.interp)

.reset          0x80000000     0x2008
 *(.reset)
 .reset         0x80000000        0x4 src/ASF/avr32/utils/startup/startup_uc3.o
                                  0x8 (size before relaxing)
                0x80000000                _start
 .reset         0x80000004     0x2004 src/ASF/avr32/utils/startup/trampoline_uc3.o
                               0x2008 (size before relaxing)
                0x80000004                _trampoline

.hash
 *(.hash)

.dynsym
 *(.dynsym)

.dynstr
 *(.dynstr)

.gnu.version
 *(.gnu.version)

.gnu.version_d
 *(.gnu.version_d)

.gnu.version_r
 *(.gnu.version_r)

.rel.init
 *(.rel.init)

.rela.init
 *(.rela.init)

.rel.text
 *(.rel.text .rel.text.* .rel.gnu.linkonce.t.*)

.rela.text
 *(.rela.text .rela.text.* .rela.gnu.linkonce.t.*)

.rel.fini
 *(.rel.fini)

.rela.fini
 *(.rela.fini)

.rel.rodata
 *(.rel.rodata .rel.rodata.* .rel.gnu.linkonce.r.*)

.rela.rodata
 *(.rela.rodata .rela.rodata.* .rela.gnu.linkonce.r.*)

.rel.data.rel.ro
 *(.rel.data.rel.ro*)

.rela.data.rel.ro
 *(.rel.data.rel.ro*)

.rel.data
 *(.rel.data .rel.data.* .rel.gnu.linkonce.d.*)

.rela.data
 *(.rela.data .rela.data.* .rela.gnu.linkonce.d.*)

.rel.tdata
 *(.rel.tdata .rel.tdata.* .rel.gnu.linkonce.td.*)

.rela.tdata
 *(.rela.tdata .rela.tdata.* .rela.gnu.linkonce.td.*)

.rel.tbss
 *(.rel.tbss .rel.tbss.* .rel.gnu.linkonce.tb.*)

.rela.tbss
 *(.rela.tbss .rela.tbss.* .rela.gnu.linkonce.tb.*)

.rel.ctors
 *(.rel.ctors)

.rela.ctors
 *(.rela.ctors)

.rel.dtors
 *(.rel.dtors)

.rela.dtors
 *(.rela.dtors)

.rel.got
 *(.rel.got)

.rela.got       0x80002008        0x0
 *(.rela.got)
 .rela.got      0x80002008        0x0 src/ASF/avr32/drivers/flashc/flashc.o

.rel.bss
 *(.rel.bss .rel.bss.* .rel.gnu.linkonce.b.*)

.rela.bss
 *(.rela.bss .rela.bss.* .rela.gnu.linkonce.b.*)

.rel.plt
 *(.rel.plt)

.rela.plt
 *(.rela.plt)

.init
 *(.init)

.plt
 *(.plt)

.text           0x80002008     0x6fcc
 *(.text .stub .text.* .gnu.linkonce.t.*)
 .text.adc_configure
                0x80002008       0x12 src/ASF/avr32/drivers/adc/adc.o
                0x80002008                adc_configure
 .text.adc_start
                0x8000201a        0x6 src/ASF/avr32/drivers/adc/adc.o
                0x8000201a                adc_start
 .text.adc_enable
                0x80002020        0xa src/ASF/avr32/drivers/adc/adc.o
                0x80002020                adc_enable
 .text.adc_check_eoc
                0x8000202a       0x10 src/ASF/avr32/drivers/adc/adc.o
                0x8000202a                adc_check_eoc
 *fill*         0x8000203a        0x2 d703d703
 .text.adc_get_value
                0x8000203c       0x28 src/ASF/avr32/drivers/adc/adc.o
                0x8000203c                adc_get_value
 .text.ClearMessages
                0x80002064       0x14 src/can/can.o
                0x80002064                ClearMessages
 .text.config_dpi204
                0x80002078       0x78 src/can/can.o
                0x80002078                config_dpi204
 .text.mASSERT_CS
                0x800020f0       0x14 src/can/can.o
                0x800020f0                mASSERT_CS
 .text.config_SPI_SPARE
                0x80002104       0x84 src/can/can.o
                0x80002104                config_SPI_SPARE
 .text.XferSPI_send
                0x80002188       0x10 src/can/can.o
 .text.ReadStatus2515
                0x80002198       0x50 src/can/can.o
 .text.CANRxReady
                0x800021e8       0x14 src/can/can.o
                0x800021e8                CANRxReady
 .text.CANTxReady
                0x800021fc       0x14 src/can/can.o
                0x800021fc                CANTxReady
 .text.mDEASSERT_CS
                0x80002210       0x14 src/can/can.o
                0x80002210                mDEASSERT_CS
 .text.CAN2515ByteWrite
                0x80002224       0x40 src/can/can.o
                0x80002224                CAN2515ByteWrite
 .text.CAN2515SetRXB1Filters
                0x80002264       0xac src/can/can.o
                0x80002264                CAN2515SetRXB1Filters
 .text.CAN2515SetRXB0Filters
                0x80002310       0x68 src/can/can.o
                0x80002310                CAN2515SetRXB0Filters
 .text.CANReset
                0x80002378       0x30 src/can/can.o
                0x80002378                CANReset
 .text.CAN2515ByteRead
                0x800023a8       0x74 src/can/can.o
 .text.CANEnable
                0x8000241c       0xd4 src/can/can.o
                0x8000241c                CANEnable
 .text.InitializeCAN
                0x800024f0       0x40 src/can/can.o
                0x800024f0                InitializeCAN
 .text.CANSendMsg
                0x80002530      0x138 src/can/can.o
                0x80002530                CANSendMsg
 .text.CANGetMsg
                0x80002668      0x1a4 src/can/can.o
                0x80002668                CANGetMsg
 .text.main     0x8000280c      0x1b0 src/main.o
                0x8000280c                main
 .text.LED_On   0x800029bc       0x50 src/ASF/avr32/boards/evk1100/led.o
                0x800029bc                LED_On
 .text.LED_Off  0x80002a0c       0x54 src/ASF/avr32/boards/evk1100/led.o
                0x80002a0c                LED_Off
 .text.dip204_select
                0x80002a60       0x14 src/ASF/avr32/components/display/dip204/dip204.o
 .text.dip204_write_byte
                0x80002a74       0x58 src/ASF/avr32/components/display/dip204/dip204.o
 .text.dip204_read_byte
                0x80002acc       0x3c src/ASF/avr32/components/display/dip204/dip204.o
 .text.dip204_wait_busy
                0x80002b08       0x34 src/ASF/avr32/components/display/dip204/dip204.o
 .text.dip204_unselect
                0x80002b3c       0x14 src/ASF/avr32/components/display/dip204/dip204.o
 .text.dip204_printf_string
                0x80002b50       0x98 src/ASF/avr32/components/display/dip204/dip204.o
                0x80002b50                dip204_printf_string
 .text.dip204_set_cursor_position
                0x80002be8       0x5c src/ASF/avr32/components/display/dip204/dip204.o
                0x80002be8                dip204_set_cursor_position
 .text.dip204_hide_cursor
                0x80002c44       0x30 src/ASF/avr32/components/display/dip204/dip204.o
                0x80002c44                dip204_hide_cursor
 .text.dip204_clear_display
                0x80002c74       0x5c src/ASF/avr32/components/display/dip204/dip204.o
                0x80002c74                dip204_clear_display
 .text.dip204_init
                0x80002cd0      0x228 src/ASF/avr32/components/display/dip204/dip204.o
                0x80002cd0                dip204_init
 .text.gpio_enable_module_pin
                0x80002ef8       0x52 src/ASF/avr32/drivers/gpio/gpio.o
                0x80002ef8                gpio_enable_module_pin
 *fill*         0x80002f4a        0x2 d703d703
 .text.gpio_enable_module
                0x80002f4c       0x30 src/ASF/avr32/drivers/gpio/gpio.o
                0x80002f4c                gpio_enable_module
 .text.gpio_set_gpio_pin
                0x80002f7c       0x1c src/ASF/avr32/drivers/gpio/gpio.o
                0x80002f7c                gpio_set_gpio_pin
 .text.gpio_clr_gpio_pin
                0x80002f98       0x1c src/ASF/avr32/drivers/gpio/gpio.o
                0x80002f98                gpio_clr_gpio_pin
 .text._unhandled_interrupt
                0x80002fb4        0x2 src/ASF/avr32/drivers/intc/intc.o
 *fill*         0x80002fb6        0x2 d703d703
 .text.INTC_init_interrupts
                0x80002fb8       0x54 src/ASF/avr32/drivers/intc/intc.o
                0x80002fb8                INTC_init_interrupts
 .text._get_interrupt_handler
                0x8000300c       0x38 src/ASF/avr32/drivers/intc/intc.o
                0x8000300c                _get_interrupt_handler
 .text.pm_set_osc0_mode
                0x80003044        0xa src/ASF/avr32/drivers/pm/pm.o
 *fill*         0x8000304e        0x2 d703d703
 .text.pm_enable_osc0_crystal
                0x80003050       0x3c src/ASF/avr32/drivers/pm/pm.o
                0x80003050                pm_enable_osc0_crystal
 .text.pm_enable_clk0_no_wait
                0x8000308c       0x10 src/ASF/avr32/drivers/pm/pm.o
                0x8000308c                pm_enable_clk0_no_wait
 .text.pm_wait_for_clk0_ready
                0x8000309c        0xa src/ASF/avr32/drivers/pm/pm.o
                0x8000309c                pm_wait_for_clk0_ready
 *fill*         0x800030a6        0x2 d703d703
 .text.pm_enable_clk0
                0x800030a8       0x1c src/ASF/avr32/drivers/pm/pm.o
                0x800030a8                pm_enable_clk0
 .text.pm_switch_to_clock
                0x800030c4        0xa src/ASF/avr32/drivers/pm/pm.o
                0x800030c4                pm_switch_to_clock
 *fill*         0x800030ce        0x2 d703d703
 .text.pm_switch_to_osc0
                0x800030d0       0x2c src/ASF/avr32/drivers/pm/pm.o
                0x800030d0                pm_switch_to_osc0
 .text.pwm_channel_init
                0x800030fc       0x36 src/ASF/avr32/drivers/pwm/pwm.o
                0x800030fc                pwm_channel_init
 .text.pwm_start_channels
                0x80003132       0x12 src/ASF/avr32/drivers/pwm/pwm.o
                0x80003132                pwm_start_channels
 .text.pwm_init
                0x80003144       0x46 src/ASF/avr32/drivers/pwm/pwm.o
                0x80003144                pwm_init
 .text.getBaudDiv
                0x8000318a       0x20 src/ASF/avr32/drivers/spi/spi.o
                0x8000318a                getBaudDiv
 .text.spi_initMaster
                0x800031aa       0x38 src/ASF/avr32/drivers/spi/spi.o
                0x800031aa                spi_initMaster
 .text.spi_selectionMode
                0x800031e2       0x2c src/ASF/avr32/drivers/spi/spi.o
                0x800031e2                spi_selectionMode
 .text.spi_selectChip
                0x8000320e       0x4c src/ASF/avr32/drivers/spi/spi.o
                0x8000320e                spi_selectChip
 .text.spi_unselectChip
                0x8000325a       0x26 src/ASF/avr32/drivers/spi/spi.o
                0x8000325a                spi_unselectChip
 .text.spi_setupChipReg
                0x80003280       0xb8 src/ASF/avr32/drivers/spi/spi.o
                0x80003280                spi_setupChipReg
 .text.spi_enable
                0x80003338        0x6 src/ASF/avr32/drivers/spi/spi.o
                0x80003338                spi_enable
 .text.spi_write
                0x8000333e       0x1c src/ASF/avr32/drivers/spi/spi.o
                0x8000333e                spi_write
 .text.spi_readRegisterFullCheck
                0x8000335a        0x8 src/ASF/avr32/drivers/spi/spi.o
                0x8000335a                spi_readRegisterFullCheck
 .text.spi_read
                0x80003362       0x20 src/ASF/avr32/drivers/spi/spi.o
                0x80003362                spi_read
 *fill*         0x80003382        0x2 d703d703
 .text._stext   0x80003384       0x40 src/ASF/avr32/utils/startup/startup_uc3.o
                                 0x50 (size before relaxing)
                0x80003384                _stext
 .text.sysclk_init
                0x800033c4        0x2 src/ASF/common/services/clock/uc3a0_a1/sysclk.o
                0x800033c4                sysclk_init
 *fill*         0x800033c6        0x2 d703d703
 .text          0x800033c8      0x160 c:/program files (x86)/atmel/atmel toolchain/avr32 gcc/native/3.4.1057/avr32-gnu-toolchain/bin/../lib/gcc/avr32/4.4.7/ucr2\libgcc.a(_avr32_f32_div.o)
                0x800033c8                __avr32_f32_div
 .text          0x80003528       0xe2 c:/program files (x86)/atmel/atmel toolchain/avr32 gcc/native/3.4.1057/avr32-gnu-toolchain/bin/../lib/gcc/avr32/4.4.7/ucr2\libgcc.a(_avr32_f32_mul.o)
                0x80003528                __avr32_f32_mul
 .text          0x8000360a       0x74 c:/program files (x86)/atmel/atmel toolchain/avr32 gcc/native/3.4.1057/avr32-gnu-toolchain/bin/../lib/gcc/avr32/4.4.7/ucr2\libgcc.a(_avr32_s32_to_f32.o)
                0x8000360a                __avr32_s32_to_f32
 .text          0x8000367e       0x1a c:/program files (x86)/atmel/atmel toolchain/avr32 gcc/native/3.4.1057/avr32-gnu-toolchain/bin/../lib/gcc/avr32/4.4.7/ucr2\libgcc.a(_avr32_f32_to_u32.o)
                0x8000367e                __avr32_f32_to_u32
 .text          0x80003698       0x60 c:/program files (x86)/atmel/atmel toolchain/avr32 gcc/native/3.4.1057/avr32-gnu-toolchain/bin/../lib/gcc/avr32/4.4.7/ucr2\libgcc.a(_avr32_f32_to_f64.o)
                0x80003698                __avr32_f32_to_f64
 .text          0x800036f8      0x148 c:/program files (x86)/atmel/atmel toolchain/avr32 gcc/native/3.4.1057/avr32-gnu-toolchain/bin/../lib/gcc/avr32/4.4.7/../../../../avr32/lib/ucr2\libc.a(lib_a-memcpy.o)
                0x800036f8                memcpy
 .text._vsprintf_r
                0x80003840       0x2c c:/program files (x86)/atmel/atmel toolchain/avr32 gcc/native/3.4.1057/avr32-gnu-toolchain/bin/../lib/gcc/avr32/4.4.7/../../../../avr32/lib/ucr2\libc.a(lib_a-vsprintf.o)
                                 0x34 (size before relaxing)
                0x80003840                _vsprintf_r
 .text.vsprintf
                0x8000386c       0x14 c:/program files (x86)/atmel/atmel toolchain/avr32 gcc/native/3.4.1057/avr32-gnu-toolchain/bin/../lib/gcc/avr32/4.4.7/../../../../avr32/lib/ucr2\libc.a(lib_a-vsprintf.o)
                                 0x1c (size before relaxing)
                0x8000386c                vsprintf
 .text.get_arg  0x80003880      0x314 c:/program files (x86)/atmel/atmel toolchain/avr32 gcc/native/3.4.1057/avr32-gnu-toolchain/bin/../lib/gcc/avr32/4.4.7/../../../../avr32/lib/ucr2\libc.a(lib_a-vfprintf.o)
                                0x324 (size before relaxing)
 .text.__sprint_r
                0x80003b94       0x1c c:/program files (x86)/atmel/atmel toolchain/avr32 gcc/native/3.4.1057/avr32-gnu-toolchain/bin/../lib/gcc/avr32/4.4.7/../../../../avr32/lib/ucr2\libc.a(lib_a-vfprintf.o)
                                 0x20 (size before relaxing)
 .text._vfprintf_r
                0x80003bb0     0x1f14 c:/program files (x86)/atmel/atmel toolchain/avr32 gcc/native/3.4.1057/avr32-gnu-toolchain/bin/../lib/gcc/avr32/4.4.7/../../../../avr32/lib/ucr2\libc.a(lib_a-vfprintf.o)
                               0x1f9c (size before relaxing)
                0x80003bb0                _vfprintf_r
 .text.__swsetup_r
                0x80005ac4       0xdc c:/program files (x86)/atmel/atmel toolchain/avr32 gcc/native/3.4.1057/avr32-gnu-toolchain/bin/../lib/gcc/avr32/4.4.7/../../../../avr32/lib/ucr2\libc.a(lib_a-wsetup.o)
                                 0xe8 (size before relaxing)
                0x80005ac4                __swsetup_r
 .text.quorem   0x80005ba0      0x120 c:/program files (x86)/atmel/atmel toolchain/avr32 gcc/native/3.4.1057/avr32-gnu-toolchain/bin/../lib/gcc/avr32/4.4.7/../../../../avr32/lib/ucr2\libc.a(lib_a-dtoa.o)
                                0x124 (size before relaxing)
 .text._dtoa_r  0x80005cc0      0xbdc c:/program files (x86)/atmel/atmel toolchain/avr32 gcc/native/3.4.1057/avr32-gnu-toolchain/bin/../lib/gcc/avr32/4.4.7/../../../../avr32/lib/ucr2\libc.a(lib_a-dtoa.o)
                                0xc90 (size before relaxing)
                0x80005cc0                _dtoa_r
 .text._fflush_r
                0x8000689c      0x10c c:/program files (x86)/atmel/atmel toolchain/avr32 gcc/native/3.4.1057/avr32-gnu-toolchain/bin/../lib/gcc/avr32/4.4.7/../../../../avr32/lib/ucr2\libc.a(lib_a-fflush.o)
                                0x118 (size before relaxing)
                0x8000689c                _fflush_r
 .text.__sfp_lock_acquire
                0x800069a8        0x2 c:/program files (x86)/atmel/atmel toolchain/avr32 gcc/native/3.4.1057/avr32-gnu-toolchain/bin/../lib/gcc/avr32/4.4.7/../../../../avr32/lib/ucr2\libc.a(lib_a-findfp.o)
                0x800069a8                __sfp_lock_acquire
 .text.__sfp_lock_release
                0x800069aa        0x2 c:/program files (x86)/atmel/atmel toolchain/avr32 gcc/native/3.4.1057/avr32-gnu-toolchain/bin/../lib/gcc/avr32/4.4.7/../../../../avr32/lib/ucr2\libc.a(lib_a-findfp.o)
                0x800069aa                __sfp_lock_release
 .text._cleanup_r
                0x800069ac        0xc c:/program files (x86)/atmel/atmel toolchain/avr32 gcc/native/3.4.1057/avr32-gnu-toolchain/bin/../lib/gcc/avr32/4.4.7/../../../../avr32/lib/ucr2\libc.a(lib_a-findfp.o)
                                 0x14 (size before relaxing)
                0x800069ac                _cleanup_r
 .text.__sfmoreglue
                0x800069b8       0x28 c:/program files (x86)/atmel/atmel toolchain/avr32 gcc/native/3.4.1057/avr32-gnu-toolchain/bin/../lib/gcc/avr32/4.4.7/../../../../avr32/lib/ucr2\libc.a(lib_a-findfp.o)
                                 0x30 (size before relaxing)
                0x800069b8                __sfmoreglue
 .text.__sfp    0x800069e0       0x6c c:/program files (x86)/atmel/atmel toolchain/avr32 gcc/native/3.4.1057/avr32-gnu-toolchain/bin/../lib/gcc/avr32/4.4.7/../../../../avr32/lib/ucr2\libc.a(lib_a-findfp.o)
                                 0x7c (size before relaxing)
                0x800069e0                __sfp
 .text.__sinit  0x80006a4c       0x9c c:/program files (x86)/atmel/atmel toolchain/avr32 gcc/native/3.4.1057/avr32-gnu-toolchain/bin/../lib/gcc/avr32/4.4.7/../../../../avr32/lib/ucr2\libc.a(lib_a-findfp.o)
                                 0xb0 (size before relaxing)
                0x80006a4c                __sinit
 .text._malloc_trim_r
                0x80006ae8       0x98 c:/program files (x86)/atmel/atmel toolchain/avr32 gcc/native/3.4.1057/avr32-gnu-toolchain/bin/../lib/gcc/avr32/4.4.7/../../../../avr32/lib/ucr2\libc.a(lib_a-freer.o)
                                 0xa8 (size before relaxing)
                0x80006ae8                _malloc_trim_r
 .text._free_r  0x80006b80      0x18c c:/program files (x86)/atmel/atmel toolchain/avr32 gcc/native/3.4.1057/avr32-gnu-toolchain/bin/../lib/gcc/avr32/4.4.7/../../../../avr32/lib/ucr2\libc.a(lib_a-freer.o)
                                0x1a0 (size before relaxing)
                0x80006b80                _free_r
 .text.__sfvwrite_r
                0x80006d0c      0x2a0 c:/program files (x86)/atmel/atmel toolchain/avr32 gcc/native/3.4.1057/avr32-gnu-toolchain/bin/../lib/gcc/avr32/4.4.7/../../../../avr32/lib/ucr2\libc.a(lib_a-fvwrite.o)
                                0x2c4 (size before relaxing)
                0x80006d0c                __sfvwrite_r
 .text._fwalk   0x80006fac       0x4c c:/program files (x86)/atmel/atmel toolchain/avr32 gcc/native/3.4.1057/avr32-gnu-toolchain/bin/../lib/gcc/avr32/4.4.7/../../../../avr32/lib/ucr2\libc.a(lib_a-fwalk.o)
                                 0x54 (size before relaxing)
                0x80006fac                _fwalk
 .text._localeconv_r
                0x80006ff8        0x8 c:/program files (x86)/atmel/atmel toolchain/avr32 gcc/native/3.4.1057/avr32-gnu-toolchain/bin/../lib/gcc/avr32/4.4.7/../../../../avr32/lib/ucr2\libc.a(lib_a-locale.o)
                0x80006ff8                _localeconv_r
 .text.__smakebuf_r
                0x80007000       0xbc c:/program files (x86)/atmel/atmel toolchain/avr32 gcc/native/3.4.1057/avr32-gnu-toolchain/bin/../lib/gcc/avr32/4.4.7/../../../../avr32/lib/ucr2\libc.a(lib_a-makebuf.o)
                                 0xcc (size before relaxing)
                0x80007000                __smakebuf_r
 .text.malloc   0x800070bc       0x10 c:/program files (x86)/atmel/atmel toolchain/avr32 gcc/native/3.4.1057/avr32-gnu-toolchain/bin/../lib/gcc/avr32/4.4.7/../../../../avr32/lib/ucr2\libc.a(lib_a-malloc.o)
                                 0x18 (size before relaxing)
                0x800070bc                malloc
 .text._malloc_r
                0x800070cc      0x430 c:/program files (x86)/atmel/atmel toolchain/avr32 gcc/native/3.4.1057/avr32-gnu-toolchain/bin/../lib/gcc/avr32/4.4.7/../../../../avr32/lib/ucr2\libc.a(lib_a-mallocr.o)
                                0x450 (size before relaxing)
                0x800070cc                _malloc_r
 .text.memchr   0x800074fc       0x16 c:/program files (x86)/atmel/atmel toolchain/avr32 gcc/native/3.4.1057/avr32-gnu-toolchain/bin/../lib/gcc/avr32/4.4.7/../../../../avr32/lib/ucr2\libc.a(lib_a-memchr.o)
                0x800074fc                memchr
 .text.memmove  0x80007512       0x3e c:/program files (x86)/atmel/atmel toolchain/avr32 gcc/native/3.4.1057/avr32-gnu-toolchain/bin/../lib/gcc/avr32/4.4.7/../../../../avr32/lib/ucr2\libc.a(lib_a-memmove.o)
                0x80007512                memmove
 .text.memset   0x80007550        0xe c:/program files (x86)/atmel/atmel toolchain/avr32 gcc/native/3.4.1057/avr32-gnu-toolchain/bin/../lib/gcc/avr32/4.4.7/../../../../avr32/lib/ucr2\libc.a(lib_a-memset.o)
                0x80007550                memset
 .text.__malloc_lock
                0x8000755e        0x2 c:/program files (x86)/atmel/atmel toolchain/avr32 gcc/native/3.4.1057/avr32-gnu-toolchain/bin/../lib/gcc/avr32/4.4.7/../../../../avr32/lib/ucr2\libc.a(lib_a-mlock.o)
                0x8000755e                __malloc_lock
 .text.__malloc_unlock
                0x80007560        0x2 c:/program files (x86)/atmel/atmel toolchain/avr32 gcc/native/3.4.1057/avr32-gnu-toolchain/bin/../lib/gcc/avr32/4.4.7/../../../../avr32/lib/ucr2\libc.a(lib_a-mlock.o)
                0x80007560                __malloc_unlock
 .text.__hi0bits
                0x80007562       0x60 c:/program files (x86)/atmel/atmel toolchain/avr32 gcc/native/3.4.1057/avr32-gnu-toolchain/bin/../lib/gcc/avr32/4.4.7/../../../../avr32/lib/ucr2\libc.a(lib_a-mprec.o)
                0x80007562                __hi0bits
 .text.__lo0bits
                0x800075c2       0x8e c:/program files (x86)/atmel/atmel toolchain/avr32 gcc/native/3.4.1057/avr32-gnu-toolchain/bin/../lib/gcc/avr32/4.4.7/../../../../avr32/lib/ucr2\libc.a(lib_a-mprec.o)
                0x800075c2                __lo0bits
 .text.__mcmp   0x80007650       0x32 c:/program files (x86)/atmel/atmel toolchain/avr32 gcc/native/3.4.1057/avr32-gnu-toolchain/bin/../lib/gcc/avr32/4.4.7/../../../../avr32/lib/ucr2\libc.a(lib_a-mprec.o)
                0x80007650                __mcmp
 *fill*         0x80007682        0x2 d703d703
 .text._Bfree   0x80007684       0x34 c:/program files (x86)/atmel/atmel toolchain/avr32 gcc/native/3.4.1057/avr32-gnu-toolchain/bin/../lib/gcc/avr32/4.4.7/../../../../avr32/lib/ucr2\libc.a(lib_a-mprec.o)
                                 0x38 (size before relaxing)
                0x80007684                _Bfree
 .text._Balloc  0x800076b8       0x70 c:/program files (x86)/atmel/atmel toolchain/avr32 gcc/native/3.4.1057/avr32-gnu-toolchain/bin/../lib/gcc/avr32/4.4.7/../../../../avr32/lib/ucr2\libc.a(lib_a-mprec.o)
                                 0x78 (size before relaxing)
                0x800076b8                _Balloc
 .text.__d2b    0x80007728       0xa0 c:/program files (x86)/atmel/atmel toolchain/avr32 gcc/native/3.4.1057/avr32-gnu-toolchain/bin/../lib/gcc/avr32/4.4.7/../../../../avr32/lib/ucr2\libc.a(lib_a-mprec.o)
                                 0xb4 (size before relaxing)
                0x80007728                __d2b
 .text.__mdiff  0x800077c8       0xd0 c:/program files (x86)/atmel/atmel toolchain/avr32 gcc/native/3.4.1057/avr32-gnu-toolchain/bin/../lib/gcc/avr32/4.4.7/../../../../avr32/lib/ucr2\libc.a(lib_a-mprec.o)
                                 0xd8 (size before relaxing)
                0x800077c8                __mdiff
 .text.__lshift
                0x80007898       0x88 c:/program files (x86)/atmel/atmel toolchain/avr32 gcc/native/3.4.1057/avr32-gnu-toolchain/bin/../lib/gcc/avr32/4.4.7/../../../../avr32/lib/ucr2\libc.a(lib_a-mprec.o)
                                 0x94 (size before relaxing)
                0x80007898                __lshift
 .text.__multiply
                0x80007920      0x100 c:/program files (x86)/atmel/atmel toolchain/avr32 gcc/native/3.4.1057/avr32-gnu-toolchain/bin/../lib/gcc/avr32/4.4.7/../../../../avr32/lib/ucr2\libc.a(lib_a-mprec.o)
                                0x108 (size before relaxing)
                0x80007920                __multiply
 .text.__i2b    0x80007a20       0x10 c:/program files (x86)/atmel/atmel toolchain/avr32 gcc/native/3.4.1057/avr32-gnu-toolchain/bin/../lib/gcc/avr32/4.4.7/../../../../avr32/lib/ucr2\libc.a(lib_a-mprec.o)
                                 0x18 (size before relaxing)
                0x80007a20                __i2b
 .text.__multadd
                0x80007a30       0x7c c:/program files (x86)/atmel/atmel toolchain/avr32 gcc/native/3.4.1057/avr32-gnu-toolchain/bin/../lib/gcc/avr32/4.4.7/../../../../avr32/lib/ucr2\libc.a(lib_a-mprec.o)
                                 0x88 (size before relaxing)
                0x80007a30                __multadd
 .text.__pow5mult
                0x80007aac       0x8c c:/program files (x86)/atmel/atmel toolchain/avr32 gcc/native/3.4.1057/avr32-gnu-toolchain/bin/../lib/gcc/avr32/4.4.7/../../../../avr32/lib/ucr2\libc.a(lib_a-mprec.o)
                                 0xac (size before relaxing)
                0x80007aac                __pow5mult
 .text._realloc_r
                0x80007b38      0x2c0 c:/program files (x86)/atmel/atmel toolchain/avr32 gcc/native/3.4.1057/avr32-gnu-toolchain/bin/../lib/gcc/avr32/4.4.7/../../../../avr32/lib/ucr2\libc.a(lib_a-reallocr.o)
                                0x2e0 (size before relaxing)
                0x80007b38                _realloc_r
 .text.__isinfd
                0x80007df8       0x2a c:/program files (x86)/atmel/atmel toolchain/avr32 gcc/native/3.4.1057/avr32-gnu-toolchain/bin/../lib/gcc/avr32/4.4.7/../../../../avr32/lib/ucr2\libc.a(lib_a-s_isinfd.o)
                0x80007df8                __isinfd
 .text.__isnand
                0x80007e22       0x1c c:/program files (x86)/atmel/atmel toolchain/avr32 gcc/native/3.4.1057/avr32-gnu-toolchain/bin/../lib/gcc/avr32/4.4.7/../../../../avr32/lib/ucr2\libc.a(lib_a-s_isnand.o)
                0x80007e22                __isnand
 *fill*         0x80007e3e        0x2 d703d703
 .text._sbrk_r  0x80007e40       0x20 c:/program files (x86)/atmel/atmel toolchain/avr32 gcc/native/3.4.1057/avr32-gnu-toolchain/bin/../lib/gcc/avr32/4.4.7/../../../../avr32/lib/ucr2\libc.a(lib_a-sbrkr.o)
                                 0x28 (size before relaxing)
                0x80007e40                _sbrk_r
 .text.__sclose
                0x80007e60        0x8 c:/program files (x86)/atmel/atmel toolchain/avr32 gcc/native/3.4.1057/avr32-gnu-toolchain/bin/../lib/gcc/avr32/4.4.7/../../../../avr32/lib/ucr2\libc.a(lib_a-stdio.o)
                                 0x10 (size before relaxing)
                0x80007e60                __sclose
 .text.__sseek  0x80007e68       0x20 c:/program files (x86)/atmel/atmel toolchain/avr32 gcc/native/3.4.1057/avr32-gnu-toolchain/bin/../lib/gcc/avr32/4.4.7/../../../../avr32/lib/ucr2\libc.a(lib_a-stdio.o)
                                 0x28 (size before relaxing)
                0x80007e68                __sseek
 .text.__swrite
                0x80007e88       0x2c c:/program files (x86)/atmel/atmel toolchain/avr32 gcc/native/3.4.1057/avr32-gnu-toolchain/bin/../lib/gcc/avr32/4.4.7/../../../../avr32/lib/ucr2\libc.a(lib_a-stdio.o)
                                 0x38 (size before relaxing)
                0x80007e88                __swrite
 .text.__sread  0x80007eb4       0x1c c:/program files (x86)/atmel/atmel toolchain/avr32 gcc/native/3.4.1057/avr32-gnu-toolchain/bin/../lib/gcc/avr32/4.4.7/../../../../avr32/lib/ucr2\libc.a(lib_a-stdio.o)
                                 0x24 (size before relaxing)
                0x80007eb4                __sread
 .text.strlen   0x80007ed0       0x16 c:/program files (x86)/atmel/atmel toolchain/avr32 gcc/native/3.4.1057/avr32-gnu-toolchain/bin/../lib/gcc/avr32/4.4.7/../../../../avr32/lib/ucr2\libc.a(lib_a-strlen.o)
                0x80007ed0                strlen
 *fill*         0x80007ee6        0x2 d703d703
 .text._close   0x80007ee8       0x14 c:/program files (x86)/atmel/atmel toolchain/avr32 gcc/native/3.4.1057/avr32-gnu-toolchain/bin/../lib/gcc/avr32/4.4.7/../../../../avr32/lib/ucr2\libc.a(lib_a-syscalls.o)
                                 0x18 (size before relaxing)
                0x80007ee8                _close
 .text._lseek   0x80007efc       0x14 c:/program files (x86)/atmel/atmel toolchain/avr32 gcc/native/3.4.1057/avr32-gnu-toolchain/bin/../lib/gcc/avr32/4.4.7/../../../../avr32/lib/ucr2\libc.a(lib_a-syscalls.o)
                                 0x18 (size before relaxing)
                0x80007efc                _lseek
 .text._read    0x80007f10       0x14 c:/program files (x86)/atmel/atmel toolchain/avr32 gcc/native/3.4.1057/avr32-gnu-toolchain/bin/../lib/gcc/avr32/4.4.7/../../../../avr32/lib/ucr2\libc.a(lib_a-syscalls.o)
                                 0x18 (size before relaxing)
                0x80007f10                _read
 .text._write   0x80007f24       0x14 c:/program files (x86)/atmel/atmel toolchain/avr32 gcc/native/3.4.1057/avr32-gnu-toolchain/bin/../lib/gcc/avr32/4.4.7/../../../../avr32/lib/ucr2\libc.a(lib_a-syscalls.o)
                                 0x18 (size before relaxing)
                0x80007f24                _write
 .text.isatty   0x80007f38       0x14 c:/program files (x86)/atmel/atmel toolchain/avr32 gcc/native/3.4.1057/avr32-gnu-toolchain/bin/../lib/gcc/avr32/4.4.7/../../../../avr32/lib/ucr2\libc.a(lib_a-syscalls.o)
                                 0x18 (size before relaxing)
                0x80007f38                isatty
 .text._fstat_host
                0x80007f4c       0x14 c:/program files (x86)/atmel/atmel toolchain/avr32 gcc/native/3.4.1057/avr32-gnu-toolchain/bin/../lib/gcc/avr32/4.4.7/../../../../avr32/lib/ucr2\libc.a(lib_a-syscalls.o)
                                 0x18 (size before relaxing)
                0x80007f4c                _fstat_host
 .text._fstat   0x80007f60       0x4c c:/program files (x86)/atmel/atmel toolchain/avr32 gcc/native/3.4.1057/avr32-gnu-toolchain/bin/../lib/gcc/avr32/4.4.7/../../../../avr32/lib/ucr2\libc.a(lib_a-syscalls.o)
                                 0x50 (size before relaxing)
                0x80007f60                _fstat
 .text._sbrk    0x80007fac       0x38 c:/program files (x86)/atmel/atmel toolchain/avr32 gcc/native/3.4.1057/avr32-gnu-toolchain/bin/../lib/gcc/avr32/4.4.7/../../../../avr32/lib/ucr2\libc.a(lib_a-syscalls.o)
                                 0x40 (size before relaxing)
                0x80007fac                _sbrk
 .text._write_r
                0x80007fe4       0x24 c:/program files (x86)/atmel/atmel toolchain/avr32 gcc/native/3.4.1057/avr32-gnu-toolchain/bin/../lib/gcc/avr32/4.4.7/../../../../avr32/lib/ucr2\libc.a(lib_a-writer.o)
                                 0x2c (size before relaxing)
                0x80007fe4                _write_r
 .text._calloc_r
                0x80008008       0x58 c:/program files (x86)/atmel/atmel toolchain/avr32 gcc/native/3.4.1057/avr32-gnu-toolchain/bin/../lib/gcc/avr32/4.4.7/../../../../avr32/lib/ucr2\libc.a(lib_a-callocr.o)
                                 0x60 (size before relaxing)
                0x80008008                _calloc_r
 .text._close_r
                0x80008060       0x20 c:/program files (x86)/atmel/atmel toolchain/avr32 gcc/native/3.4.1057/avr32-gnu-toolchain/bin/../lib/gcc/avr32/4.4.7/../../../../avr32/lib/ucr2\libc.a(lib_a-closer.o)
                                 0x28 (size before relaxing)
                0x80008060                _close_r
 .text.__errno  0x80008080        0xc c:/program files (x86)/atmel/atmel toolchain/avr32 gcc/native/3.4.1057/avr32-gnu-toolchain/bin/../lib/gcc/avr32/4.4.7/../../../../avr32/lib/ucr2\libc.a(lib_a-errno.o)
                0x80008080                __errno
 .text._fclose_r
                0x8000808c       0xb8 c:/program files (x86)/atmel/atmel toolchain/avr32 gcc/native/3.4.1057/avr32-gnu-toolchain/bin/../lib/gcc/avr32/4.4.7/../../../../avr32/lib/ucr2\libc.a(lib_a-fclose.o)
                                 0xd0 (size before relaxing)
                0x8000808c                _fclose_r
 .text.fclose   0x80008144       0x10 c:/program files (x86)/atmel/atmel toolchain/avr32 gcc/native/3.4.1057/avr32-gnu-toolchain/bin/../lib/gcc/avr32/4.4.7/../../../../avr32/lib/ucr2\libc.a(lib_a-fclose.o)
                                 0x18 (size before relaxing)
                0x80008144                fclose
 .text._fstat_r
                0x80008154       0x24 c:/program files (x86)/atmel/atmel toolchain/avr32 gcc/native/3.4.1057/avr32-gnu-toolchain/bin/../lib/gcc/avr32/4.4.7/../../../../avr32/lib/ucr2\libc.a(lib_a-fstatr.o)
                                 0x2c (size before relaxing)
                0x80008154                _fstat_r
 .text._lseek_r
                0x80008178       0x24 c:/program files (x86)/atmel/atmel toolchain/avr32 gcc/native/3.4.1057/avr32-gnu-toolchain/bin/../lib/gcc/avr32/4.4.7/../../../../avr32/lib/ucr2\libc.a(lib_a-lseekr.o)
                                 0x2c (size before relaxing)
                0x80008178                _lseek_r
 .text._read_r  0x8000819c       0x24 c:/program files (x86)/atmel/atmel toolchain/avr32 gcc/native/3.4.1057/avr32-gnu-toolchain/bin/../lib/gcc/avr32/4.4.7/../../../../avr32/lib/ucr2\libc.a(lib_a-readr.o)
                                 0x2c (size before relaxing)
                0x8000819c                _read_r
 .text          0x800081c0      0x1d4 c:/program files (x86)/atmel/atmel toolchain/avr32 gcc/native/3.4.1057/avr32-gnu-toolchain/bin/../lib/gcc/avr32/4.4.7/ucr2\libgcc.a(_avr32_f64_mul.o)
                0x800081c0                __avr32_f64_mul
 .text          0x80008394      0x2b0 c:/program files (x86)/atmel/atmel toolchain/avr32 gcc/native/3.4.1057/avr32-gnu-toolchain/bin/../lib/gcc/avr32/4.4.7/ucr2\libgcc.a(_avr32_f64_addsub.o)
                0x80008398                __avr32_f64_sub
                0x80008534                __avr32_f64_add
 .text          0x80008644       0x2a c:/program files (x86)/atmel/atmel toolchain/avr32 gcc/native/3.4.1057/avr32-gnu-toolchain/bin/../lib/gcc/avr32/4.4.7/ucr2\libgcc.a(_avr32_f64_to_s32.o)
                0x80008644                __avr32_f64_to_u32
                0x80008648                __avr32_f64_to_s32
 .text          0x8000866e       0xe8 c:/program files (x86)/atmel/atmel toolchain/avr32 gcc/native/3.4.1057/avr32-gnu-toolchain/bin/../lib/gcc/avr32/4.4.7/ucr2\libgcc.a(_avr32_s32_to_f64.o)
                0x8000866e                __avr32_u32_to_f64
                0x80008676                __avr32_s32_to_f64
 .text          0x80008756       0x26 c:/program files (x86)/atmel/atmel toolchain/avr32 gcc/native/3.4.1057/avr32-gnu-toolchain/bin/../lib/gcc/avr32/4.4.7/ucr2\libgcc.a(_avr32_f64_cmp_eq.o)
                0x80008756                __avr32_f64_cmp_eq
 .text          0x8000877c       0x68 c:/program files (x86)/atmel/atmel toolchain/avr32 gcc/native/3.4.1057/avr32-gnu-toolchain/bin/../lib/gcc/avr32/4.4.7/ucr2\libgcc.a(_avr32_f64_cmp_ge.o)
                0x8000877c                __avr32_f64_cmp_ge
 .text          0x800087e4       0x68 c:/program files (x86)/atmel/atmel toolchain/avr32 gcc/native/3.4.1057/avr32-gnu-toolchain/bin/../lib/gcc/avr32/4.4.7/ucr2\libgcc.a(_avr32_f64_cmp_lt.o)
                0x800087e4                __avr32_f64_cmp_lt
 .text          0x8000884c      0x318 c:/program files (x86)/atmel/atmel toolchain/avr32 gcc/native/3.4.1057/avr32-gnu-toolchain/bin/../lib/gcc/avr32/4.4.7/ucr2\libgcc.a(_avr32_f64_div.o)
                0x8000884c                __avr32_f64_div
 .text          0x80008b64      0x264 c:/program files (x86)/atmel/atmel toolchain/avr32 gcc/native/3.4.1057/avr32-gnu-toolchain/bin/../lib/gcc/avr32/4.4.7/ucr2\libgcc.a(_udivdi3.o)
                0x80008b64                __avr32_udiv64
                0x80008b64                __udivdi3
 .text          0x80008dc8      0x20c c:/program files (x86)/atmel/atmel toolchain/avr32 gcc/native/3.4.1057/avr32-gnu-toolchain/bin/../lib/gcc/avr32/4.4.7/ucr2\libgcc.a(_umoddi3.o)
                0x80008dc8                __avr32_umod64
                0x80008dc8                __umoddi3
 *(.text.*personality*)
 *(.gnu.warning)

.exception      0x80009000      0x200
 .exception     0x80009000      0x200 src/ASF/avr32/drivers/intc/exception.o
                0x80009000                _evba
                0x80009104                _int0
                0x80009112                _int1
                0x80009120                _int2
                0x8000912e                _int3

.fini
 *(.fini)
                0x80009200                PROVIDE (__etext, .)
                0x80009200                PROVIDE (_etext, .)
                0x80009200                PROVIDE (etext, .)

.rodata         0x80009200      0x754
 *(.rodata .rodata.* .gnu.linkonce.r.*)
 .rodata.SPARE_SPI_GPIO_MAP.11468
                0x80009200       0x20 src/can/can.o
 .rodata.C.60.11470
                0x80009220       0x10 src/can/can.o
 .rodata.C.70.11855
                0x80009230       0x10 src/can/can.o
 .rodata.DIP204_SPI_GPIO_MAP.11853
                0x80009240       0x20 src/can/can.o
 .rodata.str1.4
                0x80009260       0x2a src/can/can.o
                                 0x2c (size before relaxing)
 *fill*         0x8000928a        0x2 
 .rodata.ADC_GPIO_MAP
                0x8000928c        0x8 src/main.o
                0x8000928c                ADC_GPIO_MAP
 .rodata.str1.4
                0x80009294       0x17 src/main.o
                                 0x18 (size before relaxing)
 *fill*         0x800092ab        0x1 
 .rodata.LED_DESCRIPTOR
                0x800092ac       0x80 src/ASF/avr32/boards/evk1100/led.o
 .rodata._int_handler_table
                0x8000932c       0xa0 src/ASF/avr32/drivers/intc/intc.o
 .rodata.str1.4
                0x800093cc        0x2 c:/program files (x86)/atmel/atmel toolchain/avr32 gcc/native/3.4.1057/avr32-gnu-toolchain/bin/../lib/gcc/avr32/4.4.7/../../../../avr32/lib/ucr2\libc.a(lib_a-impure.o)
                                  0x4 (size before relaxing)
 *fill*         0x800093ce        0x2 
 .rodata._global_impure_ptr
                0x800093d0        0x4 c:/program files (x86)/atmel/atmel toolchain/avr32 gcc/native/3.4.1057/avr32-gnu-toolchain/bin/../lib/gcc/avr32/4.4.7/../../../../avr32/lib/ucr2\libc.a(lib_a-impure.o)
                0x800093d0                _global_impure_ptr
 .rodata.get_arg
                0x800093d4       0x3c c:/program files (x86)/atmel/atmel toolchain/avr32 gcc/native/3.4.1057/avr32-gnu-toolchain/bin/../lib/gcc/avr32/4.4.7/../../../../avr32/lib/ucr2\libc.a(lib_a-vfprintf.o)
 .rodata._vfprintf_r
                0x80009410      0x164 c:/program files (x86)/atmel/atmel toolchain/avr32 gcc/native/3.4.1057/avr32-gnu-toolchain/bin/../lib/gcc/avr32/4.4.7/../../../../avr32/lib/ucr2\libc.a(lib_a-vfprintf.o)
 .rodata.state_table
                0x80009574       0x6c c:/program files (x86)/atmel/atmel toolchain/avr32 gcc/native/3.4.1057/avr32-gnu-toolchain/bin/../lib/gcc/avr32/4.4.7/../../../../avr32/lib/ucr2\libc.a(lib_a-vfprintf.o)
 .rodata.action_table
                0x800095e0       0x6c c:/program files (x86)/atmel/atmel toolchain/avr32 gcc/native/3.4.1057/avr32-gnu-toolchain/bin/../lib/gcc/avr32/4.4.7/../../../../avr32/lib/ucr2\libc.a(lib_a-vfprintf.o)
 .rodata.str1.4
                0x8000964c       0x3a c:/program files (x86)/atmel/atmel toolchain/avr32 gcc/native/3.4.1057/avr32-gnu-toolchain/bin/../lib/gcc/avr32/4.4.7/../../../../avr32/lib/ucr2\libc.a(lib_a-vfprintf.o)
                                 0x3c (size before relaxing)
 *fill*         0x80009686        0x2 
 .rodata.blanks.3430
                0x80009688       0x10 c:/program files (x86)/atmel/atmel toolchain/avr32 gcc/native/3.4.1057/avr32-gnu-toolchain/bin/../lib/gcc/avr32/4.4.7/../../../../avr32/lib/ucr2\libc.a(lib_a-vfprintf.o)
 .rodata.zeroes.3431
                0x80009698       0x10 c:/program files (x86)/atmel/atmel toolchain/avr32 gcc/native/3.4.1057/avr32-gnu-toolchain/bin/../lib/gcc/avr32/4.4.7/../../../../avr32/lib/ucr2\libc.a(lib_a-vfprintf.o)
 .rodata.chclass
                0x800096a8      0x100 c:/program files (x86)/atmel/atmel toolchain/avr32 gcc/native/3.4.1057/avr32-gnu-toolchain/bin/../lib/gcc/avr32/4.4.7/../../../../avr32/lib/ucr2\libc.a(lib_a-vfprintf.o)
 .rodata.str1.4
                0x800097a8       0x10 c:/program files (x86)/atmel/atmel toolchain/avr32 gcc/native/3.4.1057/avr32-gnu-toolchain/bin/../lib/gcc/avr32/4.4.7/../../../../avr32/lib/ucr2\libc.a(lib_a-dtoa.o)
                                 0x14 (size before relaxing)
 .rodata.__sf_fake_stdin
                0x800097b8       0x20 c:/program files (x86)/atmel/atmel toolchain/avr32 gcc/native/3.4.1057/avr32-gnu-toolchain/bin/../lib/gcc/avr32/4.4.7/../../../../avr32/lib/ucr2\libc.a(lib_a-findfp.o)
                0x800097b8                __sf_fake_stdin
 .rodata.__sf_fake_stdout
                0x800097d8       0x20 c:/program files (x86)/atmel/atmel toolchain/avr32 gcc/native/3.4.1057/avr32-gnu-toolchain/bin/../lib/gcc/avr32/4.4.7/../../../../avr32/lib/ucr2\libc.a(lib_a-findfp.o)
                0x800097d8                __sf_fake_stdout
 .rodata.__sf_fake_stderr
                0x800097f8       0x20 c:/program files (x86)/atmel/atmel toolchain/avr32 gcc/native/3.4.1057/avr32-gnu-toolchain/bin/../lib/gcc/avr32/4.4.7/../../../../avr32/lib/ucr2\libc.a(lib_a-findfp.o)
                0x800097f8                __sf_fake_stderr
 .rodata.lconv  0x80009818       0x30 c:/program files (x86)/atmel/atmel toolchain/avr32 gcc/native/3.4.1057/avr32-gnu-toolchain/bin/../lib/gcc/avr32/4.4.7/../../../../avr32/lib/ucr2\libc.a(lib_a-locale.o)
 .rodata.str1.4
                0x80009848       0x10 c:/program files (x86)/atmel/atmel toolchain/avr32 gcc/native/3.4.1057/avr32-gnu-toolchain/bin/../lib/gcc/avr32/4.4.7/../../../../avr32/lib/ucr2\libc.a(lib_a-locale.o)
                                 0x18 (size before relaxing)
 .rodata.p05.2471
                0x80009858        0xc c:/program files (x86)/atmel/atmel toolchain/avr32 gcc/native/3.4.1057/avr32-gnu-toolchain/bin/../lib/gcc/avr32/4.4.7/../../../../avr32/lib/ucr2\libc.a(lib_a-mprec.o)
 .rodata.__mprec_tens
                0x80009864       0xc8 c:/program files (x86)/atmel/atmel toolchain/avr32 gcc/native/3.4.1057/avr32-gnu-toolchain/bin/../lib/gcc/avr32/4.4.7/../../../../avr32/lib/ucr2\libc.a(lib_a-mprec.o)
                0x80009864                __mprec_tens
 .rodata.__mprec_bigtens
                0x8000992c       0x28 c:/program files (x86)/atmel/atmel toolchain/avr32 gcc/native/3.4.1057/avr32-gnu-toolchain/bin/../lib/gcc/avr32/4.4.7/../../../../avr32/lib/ucr2\libc.a(lib_a-mprec.o)
                0x8000992c                __mprec_bigtens

.rodata1
 *(.rodata1)

.eh_frame_hdr
 *(.eh_frame_hdr)

.eh_frame
 *(.eh_frame)

.gcc_except_table
 *(.gcc_except_table)
 *(.gcc_except_table.*)

.lalign         0x80009954        0x4
                0x80009958                . = ALIGN (0x8)
 *fill*         0x80009954        0x4 
                0x80009958                PROVIDE (_data_lma, .)
                0x00000004                . = ORIGIN (INTRAM)

.dalign         0x00000004        0x4
                0x00000008                . = ALIGN (0x8)
 *fill*         0x00000004        0x4 
                0x00000008                PROVIDE (_data, .)

.eh_frame
 *(.eh_frame)

.gcc_except_table
 *(.gcc_except_table)
 *(.gcc_except_table.*)

.tdata
 *(.tdata .tdata.* .gnu.linkonce.td.*)

.tbss
 *(.tbss .tbss.* .gnu.linkonce.tb.*)
 *(.tcommon)
                0x00000008                PROVIDE (__preinit_array_start, ALIGN (0x4))

.preinit_array
 *(.preinit_array)
                0x00000008                PROVIDE (__preinit_array_end, .)
                0x00000008                PROVIDE (__init_array_start, .)

.init_array
 *(.init_array)
                0x00000008                PROVIDE (__init_array_end, .)
                0x00000008                PROVIDE (__fini_array_start, .)

.fini_array
 *(.fini_array)
                0x00000008                PROVIDE (__fini_array_end, .)

.ctors
 *crtbegin*.o(.ctors)
 *(EXCLUDE_FILE(*crtend*.o) .ctors)
 *(SORT(.ctors.*))
 *(.ctors)

.dtors
 *crtbegin*.o(.dtors)
 *(EXCLUDE_FILE(*crtend*.o) .dtors)
 *(SORT(.dtors.*))
 *(.dtors)

.jcr
 *(.jcr)

.data.rel.ro
 *(.data.rel.ro.local)
 *(.data.rel.ro*)

.dynamic
 *(.dynamic)

.got
 *(.got.plt)
 *(.got)

.ramtext
 *(.ramtext .ramtext.*)

.ddalign        0x00000008        0x0 load address 0x80009958
                0x00000008                . = ALIGN (0x8)

.data           0x00000008      0x50c load address 0x80009958
 *(.data .data.* .gnu.linkonce.d.*)
 .data.LED_State
                0x00000008        0x4 src/ASF/avr32/boards/evk1100/led.o
 .data.channel_id
                0x0000000c        0x4 src/ASF/avr32/components/display/dip204/dip204.o
 .data.impure_data
                0x00000010       0xf0 c:/program files (x86)/atmel/atmel toolchain/avr32 gcc/native/3.4.1057/avr32-gnu-toolchain/bin/../lib/gcc/avr32/4.4.7/../../../../avr32/lib/ucr2\libc.a(lib_a-impure.o)
 .data._impure_ptr
                0x00000100        0x4 c:/program files (x86)/atmel/atmel toolchain/avr32 gcc/native/3.4.1057/avr32-gnu-toolchain/bin/../lib/gcc/avr32/4.4.7/../../../../avr32/lib/ucr2\libc.a(lib_a-impure.o)
                0x00000100                _impure_ptr
 .data.__malloc_av_
                0x00000104      0x408 c:/program files (x86)/atmel/atmel toolchain/avr32 gcc/native/3.4.1057/avr32-gnu-toolchain/bin/../lib/gcc/avr32/4.4.7/../../../../avr32/lib/ucr2\libc.a(lib_a-mallocr.o)
                0x00000104                __malloc_av_
 .data.__malloc_trim_threshold
                0x0000050c        0x4 c:/program files (x86)/atmel/atmel toolchain/avr32 gcc/native/3.4.1057/avr32-gnu-toolchain/bin/../lib/gcc/avr32/4.4.7/../../../../avr32/lib/ucr2\libc.a(lib_a-mallocr.o)
                0x0000050c                __malloc_trim_threshold
 .data.__malloc_sbrk_base
                0x00000510        0x4 c:/program files (x86)/atmel/atmel toolchain/avr32 gcc/native/3.4.1057/avr32-gnu-toolchain/bin/../lib/gcc/avr32/4.4.7/../../../../avr32/lib/ucr2\libc.a(lib_a-mallocr.o)
                0x00000510                __malloc_sbrk_base
 *(.gnu.linkonce.d.*personality*)

.data1
 *(.data1)

.balign         0x00000514        0x4 load address 0x80009e64
                0x00000518                . = ALIGN (0x8)
 *fill*         0x00000514        0x4 
                0x00000518                PROVIDE (_edata, .)
                0x00000518                PROVIDE (edata, .)
                0x00000518                __bss_start = .

.bss            0x00000518      0x160
 *(.dynbss)
 *(.bss .bss.* .gnu.linkonce.b.*)
 .bss.pwm_channel
                0x00000518       0x20 src/ASF/avr32/components/display/dip204/dip204.o
 .bss.pwm_duty  0x00000538        0x2 src/ASF/avr32/components/display/dip204/dip204.o
 *fill*         0x0000053a        0x2 
 .bss._int_line_handler_table_6
                0x0000053c        0x4 src/ASF/avr32/drivers/intc/intc.o
 .bss._int_line_handler_table_7
                0x00000540        0x4 src/ASF/avr32/drivers/intc/intc.o
 .bss._int_line_handler_table_8
                0x00000544        0x4 src/ASF/avr32/drivers/intc/intc.o
 .bss._int_line_handler_table_9
                0x00000548        0x4 src/ASF/avr32/drivers/intc/intc.o
 .bss._int_line_handler_table_10
                0x0000054c        0x4 src/ASF/avr32/drivers/intc/intc.o
 .bss._int_line_handler_table_11
                0x00000550        0x4 src/ASF/avr32/drivers/intc/intc.o
 .bss._int_line_handler_table_12
                0x00000554        0x4 src/ASF/avr32/drivers/intc/intc.o
 .bss._int_line_handler_table_13
                0x00000558        0x4 src/ASF/avr32/drivers/intc/intc.o
 .bss._int_line_handler_table_14
                0x0000055c        0xc src/ASF/avr32/drivers/intc/intc.o
 .bss._int_line_handler_table_15
                0x00000568        0x4 src/ASF/avr32/drivers/intc/intc.o
 .bss._int_line_handler_table_16
                0x0000056c        0x4 src/ASF/avr32/drivers/intc/intc.o
 .bss._int_line_handler_table_17
                0x00000570        0x4 src/ASF/avr32/drivers/intc/intc.o
 .bss._int_line_handler_table_18
                0x00000574        0x4 src/ASF/avr32/drivers/intc/intc.o
 .bss._int_line_handler_table_19
                0x00000578        0x4 src/ASF/avr32/drivers/intc/intc.o
 .bss._int_line_handler_table_0
                0x0000057c        0x4 src/ASF/avr32/drivers/intc/intc.o
 .bss._int_line_handler_table_1
                0x00000580       0x2c src/ASF/avr32/drivers/intc/intc.o
 .bss._int_line_handler_table_2
                0x000005ac       0x38 src/ASF/avr32/drivers/intc/intc.o
 .bss._int_line_handler_table_3
                0x000005e4       0x3c src/ASF/avr32/drivers/intc/intc.o
 .bss._int_line_handler_table_4
                0x00000620        0x4 src/ASF/avr32/drivers/intc/intc.o
 .bss._int_line_handler_table_5
                0x00000624        0x4 src/ASF/avr32/drivers/intc/intc.o
 .bss.__malloc_max_total_mem
                0x00000628        0x4 c:/program files (x86)/atmel/atmel toolchain/avr32 gcc/native/3.4.1057/avr32-gnu-toolchain/bin/../lib/gcc/avr32/4.4.7/../../../../avr32/lib/ucr2\libc.a(lib_a-mallocr.o)
                0x00000628                __malloc_max_total_mem
 .bss.__malloc_max_sbrked_mem
                0x0000062c        0x4 c:/program files (x86)/atmel/atmel toolchain/avr32 gcc/native/3.4.1057/avr32-gnu-toolchain/bin/../lib/gcc/avr32/4.4.7/../../../../avr32/lib/ucr2\libc.a(lib_a-mallocr.o)
                0x0000062c                __malloc_max_sbrked_mem
 .bss.__malloc_top_pad
                0x00000630        0x4 c:/program files (x86)/atmel/atmel toolchain/avr32 gcc/native/3.4.1057/avr32-gnu-toolchain/bin/../lib/gcc/avr32/4.4.7/../../../../avr32/lib/ucr2\libc.a(lib_a-mallocr.o)
                0x00000630                __malloc_top_pad
 .bss.__malloc_current_mallinfo
                0x00000634       0x28 c:/program files (x86)/atmel/atmel toolchain/avr32 gcc/native/3.4.1057/avr32-gnu-toolchain/bin/../lib/gcc/avr32/4.4.7/../../../../avr32/lib/ucr2\libc.a(lib_a-mallocr.o)
                0x00000634                __malloc_current_mallinfo
 .bss.cur_heap_pos.1869
                0x0000065c        0x4 c:/program files (x86)/atmel/atmel toolchain/avr32 gcc/native/3.4.1057/avr32-gnu-toolchain/bin/../lib/gcc/avr32/4.4.7/../../../../avr32/lib/ucr2\libc.a(lib_a-syscalls.o)
 *(COMMON)
 COMMON         0x00000660       0x10 src/main.o
                0x00000660                msg
                0x00000668                mSize
                0x0000066c                Ident
 COMMON         0x00000670        0x4 c:/program files (x86)/atmel/atmel toolchain/avr32 gcc/native/3.4.1057/avr32-gnu-toolchain/bin/../lib/gcc/avr32/4.4.7/../../../../avr32/lib/ucr2\libc.a(lib_a-reent.o)
                0x00000670                errno
                0x00000678                . = ALIGN (0x8)
 *fill*         0x00000674        0x4 
                0x00000678                . = ALIGN (0x8)
                0x00000678                _end = .
                0x00000678                PROVIDE (end, .)
                0x00000678                __heap_start__ = ALIGN (0x8)

.heap           0x00000678     0xe988
 *(.heap)
                0x0000e988                . = (__heap_size__ == __max_heap_size__)?(((ORIGIN (INTRAM) + 0xfffc) - __stack_size__) - ABSOLUTE (.)):__heap_size__
 *fill*         0x00000678     0xe988 
                0x0000f000                __heap_end__ = .

.stab
 *(.stab)

.stabstr
 *(.stabstr)

.stab.excl
 *(.stab.excl)

.stab.exclstr
 *(.stab.exclstr)

.stab.index
 *(.stab.index)

.stab.indexstr
 *(.stab.indexstr)

.comment        0x00000000       0x30
 *(.comment)
 .comment       0x00000000       0x30 src/ASF/avr32/drivers/adc/adc.o
                                 0x31 (size before relaxing)
 .comment       0x00000000       0x31 src/can/can.o
 .comment       0x00000000       0x31 src/main.o
 .comment       0x00000000       0x31 src/ASF/avr32/boards/evk1100/led.o
 .comment       0x00000000       0x31 src/ASF/avr32/components/display/dip204/dip204.o
 .comment       0x00000000       0x31 src/ASF/avr32/drivers/gpio/gpio.o
 .comment       0x00000000       0x31 src/ASF/avr32/drivers/intc/intc.o
 .comment       0x00000000       0x31 src/ASF/avr32/drivers/pm/pm.o
 .comment       0x00000000       0x31 src/ASF/avr32/drivers/pwm/pwm.o
 .comment       0x00000000       0x31 src/ASF/avr32/drivers/spi/spi.o
 .comment       0x00000000       0x31 src/ASF/common/services/clock/uc3a0_a1/sysclk.o
 .comment       0x00000000       0x31 c:/program files (x86)/atmel/atmel toolchain/avr32 gcc/native/3.4.1057/avr32-gnu-toolchain/bin/../lib/gcc/avr32/4.4.7/../../../../avr32/lib/ucr2\libc.a(lib_a-vsprintf.o)
 .comment       0x00000000       0x31 c:/program files (x86)/atmel/atmel toolchain/avr32 gcc/native/3.4.1057/avr32-gnu-toolchain/bin/../lib/gcc/avr32/4.4.7/../../../../avr32/lib/ucr2\libc.a(lib_a-impure.o)
 .comment       0x00000000       0x31 c:/program files (x86)/atmel/atmel toolchain/avr32 gcc/native/3.4.1057/avr32-gnu-toolchain/bin/../lib/gcc/avr32/4.4.7/../../../../avr32/lib/ucr2\libc.a(lib_a-vfprintf.o)
 .comment       0x00000000       0x31 c:/program files (x86)/atmel/atmel toolchain/avr32 gcc/native/3.4.1057/avr32-gnu-toolchain/bin/../lib/gcc/avr32/4.4.7/../../../../avr32/lib/ucr2\libc.a(lib_a-wsetup.o)
 .comment       0x00000000       0x31 c:/program files (x86)/atmel/atmel toolchain/avr32 gcc/native/3.4.1057/avr32-gnu-toolchain/bin/../lib/gcc/avr32/4.4.7/../../../../avr32/lib/ucr2\libc.a(lib_a-dtoa.o)
 .comment       0x00000000       0x31 c:/program files (x86)/atmel/atmel toolchain/avr32 gcc/native/3.4.1057/avr32-gnu-toolchain/bin/../lib/gcc/avr32/4.4.7/../../../../avr32/lib/ucr2\libc.a(lib_a-fflush.o)
 .comment       0x00000000       0x31 c:/program files (x86)/atmel/atmel toolchain/avr32 gcc/native/3.4.1057/avr32-gnu-toolchain/bin/../lib/gcc/avr32/4.4.7/../../../../avr32/lib/ucr2\libc.a(lib_a-findfp.o)
 .comment       0x00000000       0x31 c:/program files (x86)/atmel/atmel toolchain/avr32 gcc/native/3.4.1057/avr32-gnu-toolchain/bin/../lib/gcc/avr32/4.4.7/../../../../avr32/lib/ucr2\libc.a(lib_a-freer.o)
 .comment       0x00000000       0x31 c:/program files (x86)/atmel/atmel toolchain/avr32 gcc/native/3.4.1057/avr32-gnu-toolchain/bin/../lib/gcc/avr32/4.4.7/../../../../avr32/lib/ucr2\libc.a(lib_a-fvwrite.o)
 .comment       0x00000000       0x31 c:/program files (x86)/atmel/atmel toolchain/avr32 gcc/native/3.4.1057/avr32-gnu-toolchain/bin/../lib/gcc/avr32/4.4.7/../../../../avr32/lib/ucr2\libc.a(lib_a-fwalk.o)
 .comment       0x00000000       0x31 c:/program files (x86)/atmel/atmel toolchain/avr32 gcc/native/3.4.1057/avr32-gnu-toolchain/bin/../lib/gcc/avr32/4.4.7/../../../../avr32/lib/ucr2\libc.a(lib_a-locale.o)
 .comment       0x00000000       0x31 c:/program files (x86)/atmel/atmel toolchain/avr32 gcc/native/3.4.1057/avr32-gnu-toolchain/bin/../lib/gcc/avr32/4.4.7/../../../../avr32/lib/ucr2\libc.a(lib_a-makebuf.o)
 .comment       0x00000000       0x31 c:/program files (x86)/atmel/atmel toolchain/avr32 gcc/native/3.4.1057/avr32-gnu-toolchain/bin/../lib/gcc/avr32/4.4.7/../../../../avr32/lib/ucr2\libc.a(lib_a-malloc.o)
 .comment       0x00000000       0x31 c:/program files (x86)/atmel/atmel toolchain/avr32 gcc/native/3.4.1057/avr32-gnu-toolchain/bin/../lib/gcc/avr32/4.4.7/../../../../avr32/lib/ucr2\libc.a(lib_a-mallocr.o)
 .comment       0x00000000       0x31 c:/program files (x86)/atmel/atmel toolchain/avr32 gcc/native/3.4.1057/avr32-gnu-toolchain/bin/../lib/gcc/avr32/4.4.7/../../../../avr32/lib/ucr2\libc.a(lib_a-memchr.o)
 .comment       0x00000000       0x31 c:/program files (x86)/atmel/atmel toolchain/avr32 gcc/native/3.4.1057/avr32-gnu-toolchain/bin/../lib/gcc/avr32/4.4.7/../../../../avr32/lib/ucr2\libc.a(lib_a-memmove.o)
 .comment       0x00000000       0x31 c:/program files (x86)/atmel/atmel toolchain/avr32 gcc/native/3.4.1057/avr32-gnu-toolchain/bin/../lib/gcc/avr32/4.4.7/../../../../avr32/lib/ucr2\libc.a(lib_a-memset.o)
 .comment       0x00000000       0x31 c:/program files (x86)/atmel/atmel toolchain/avr32 gcc/native/3.4.1057/avr32-gnu-toolchain/bin/../lib/gcc/avr32/4.4.7/../../../../avr32/lib/ucr2\libc.a(lib_a-mlock.o)
 .comment       0x00000000       0x31 c:/program files (x86)/atmel/atmel toolchain/avr32 gcc/native/3.4.1057/avr32-gnu-toolchain/bin/../lib/gcc/avr32/4.4.7/../../../../avr32/lib/ucr2\libc.a(lib_a-mprec.o)
 .comment       0x00000000       0x31 c:/program files (x86)/atmel/atmel toolchain/avr32 gcc/native/3.4.1057/avr32-gnu-toolchain/bin/../lib/gcc/avr32/4.4.7/../../../../avr32/lib/ucr2\libc.a(lib_a-reallocr.o)
 .comment       0x00000000       0x31 c:/program files (x86)/atmel/atmel toolchain/avr32 gcc/native/3.4.1057/avr32-gnu-toolchain/bin/../lib/gcc/avr32/4.4.7/../../../../avr32/lib/ucr2\libc.a(lib_a-s_isinfd.o)
 .comment       0x00000000       0x31 c:/program files (x86)/atmel/atmel toolchain/avr32 gcc/native/3.4.1057/avr32-gnu-toolchain/bin/../lib/gcc/avr32/4.4.7/../../../../avr32/lib/ucr2\libc.a(lib_a-s_isnand.o)
 .comment       0x00000000       0x31 c:/program files (x86)/atmel/atmel toolchain/avr32 gcc/native/3.4.1057/avr32-gnu-toolchain/bin/../lib/gcc/avr32/4.4.7/../../../../avr32/lib/ucr2\libc.a(lib_a-sbrkr.o)
 .comment       0x00000000       0x31 c:/program files (x86)/atmel/atmel toolchain/avr32 gcc/native/3.4.1057/avr32-gnu-toolchain/bin/../lib/gcc/avr32/4.4.7/../../../../avr32/lib/ucr2\libc.a(lib_a-stdio.o)
 .comment       0x00000000       0x31 c:/program files (x86)/atmel/atmel toolchain/avr32 gcc/native/3.4.1057/avr32-gnu-toolchain/bin/../lib/gcc/avr32/4.4.7/../../../../avr32/lib/ucr2\libc.a(lib_a-strlen.o)
 .comment       0x00000000       0x31 c:/program files (x86)/atmel/atmel toolchain/avr32 gcc/native/3.4.1057/avr32-gnu-toolchain/bin/../lib/gcc/avr32/4.4.7/../../../../avr32/lib/ucr2\libc.a(lib_a-syscalls.o)
 .comment       0x00000000       0x31 c:/program files (x86)/atmel/atmel toolchain/avr32 gcc/native/3.4.1057/avr32-gnu-toolchain/bin/../lib/gcc/avr32/4.4.7/../../../../avr32/lib/ucr2\libc.a(lib_a-writer.o)
 .comment       0x00000000       0x31 c:/program files (x86)/atmel/atmel toolchain/avr32 gcc/native/3.4.1057/avr32-gnu-toolchain/bin/../lib/gcc/avr32/4.4.7/../../../../avr32/lib/ucr2\libc.a(lib_a-callocr.o)
 .comment       0x00000000       0x31 c:/program files (x86)/atmel/atmel toolchain/avr32 gcc/native/3.4.1057/avr32-gnu-toolchain/bin/../lib/gcc/avr32/4.4.7/../../../../avr32/lib/ucr2\libc.a(lib_a-closer.o)
 .comment       0x00000000       0x31 c:/program files (x86)/atmel/atmel toolchain/avr32 gcc/native/3.4.1057/avr32-gnu-toolchain/bin/../lib/gcc/avr32/4.4.7/../../../../avr32/lib/ucr2\libc.a(lib_a-errno.o)
 .comment       0x00000000       0x31 c:/program files (x86)/atmel/atmel toolchain/avr32 gcc/native/3.4.1057/avr32-gnu-toolchain/bin/../lib/gcc/avr32/4.4.7/../../../../avr32/lib/ucr2\libc.a(lib_a-fclose.o)
 .comment       0x00000000       0x31 c:/program files (x86)/atmel/atmel toolchain/avr32 gcc/native/3.4.1057/avr32-gnu-toolchain/bin/../lib/gcc/avr32/4.4.7/../../../../avr32/lib/ucr2\libc.a(lib_a-fstatr.o)
 .comment       0x00000000       0x31 c:/program files (x86)/atmel/atmel toolchain/avr32 gcc/native/3.4.1057/avr32-gnu-toolchain/bin/../lib/gcc/avr32/4.4.7/../../../../avr32/lib/ucr2\libc.a(lib_a-lseekr.o)
 .comment       0x00000000       0x31 c:/program files (x86)/atmel/atmel toolchain/avr32 gcc/native/3.4.1057/avr32-gnu-toolchain/bin/../lib/gcc/avr32/4.4.7/../../../../avr32/lib/ucr2\libc.a(lib_a-readr.o)
 .comment       0x00000000       0x31 c:/program files (x86)/atmel/atmel toolchain/avr32 gcc/native/3.4.1057/avr32-gnu-toolchain/bin/../lib/gcc/avr32/4.4.7/../../../../avr32/lib/ucr2\libc.a(lib_a-reent.o)
 .comment       0x00000000       0x31 c:/program files (x86)/atmel/atmel toolchain/avr32 gcc/native/3.4.1057/avr32-gnu-toolchain/bin/../lib/gcc/avr32/4.4.7/ucr2\libgcc.a(_udivdi3.o)
 .comment       0x00000000       0x31 c:/program files (x86)/atmel/atmel toolchain/avr32 gcc/native/3.4.1057/avr32-gnu-toolchain/bin/../lib/gcc/avr32/4.4.7/ucr2\libgcc.a(_umoddi3.o)

.debug
 *(.debug)

.line
 *(.line)

.debug_srcinfo
 *(.debug_srcinfo)

.debug_sfnames
 *(.debug_sfnames)

.debug_aranges  0x00000000      0xda0
 *(.debug_aranges)
 .debug_aranges
                0x00000000       0x60 src/ASF/avr32/drivers/adc/adc.o
 .debug_aranges
                0x00000060       0xc8 src/can/can.o
 .debug_aranges
                0x00000128       0x20 src/main.o
 .debug_aranges
                0x00000148       0x78 src/ASF/avr32/boards/evk1100/led.o
 .debug_aranges
                0x000001c0       0x98 src/ASF/avr32/components/display/dip204/dip204.o
 .debug_aranges
                0x00000258      0x100 src/ASF/avr32/drivers/gpio/gpio.o
 .debug_aranges
                0x00000358       0x20 src/ASF/avr32/drivers/intc/exception.o
 .debug_aranges
                0x00000378       0x38 src/ASF/avr32/drivers/intc/intc.o
 .debug_aranges
                0x000003b0      0x190 src/ASF/avr32/drivers/pm/pm.o
 .debug_aranges
                0x00000540       0x48 src/ASF/avr32/drivers/pwm/pwm.o
 .debug_aranges
                0x00000588       0xa8 src/ASF/avr32/drivers/spi/spi.o
 .debug_aranges
                0x00000630       0x28 src/ASF/avr32/utils/startup/startup_uc3.o
 .debug_aranges
                0x00000658       0x20 src/ASF/avr32/utils/startup/trampoline_uc3.o
 .debug_aranges
                0x00000678       0x40 src/ASF/common/services/clock/uc3a0_a1/sysclk.o
 .debug_aranges
                0x000006b8       0x28 c:/program files (x86)/atmel/atmel toolchain/avr32 gcc/native/3.4.1057/avr32-gnu-toolchain/bin/../lib/gcc/avr32/4.4.7/../../../../avr32/lib/ucr2\libc.a(lib_a-vsprintf.o)
 .debug_aranges
                0x000006e0       0x38 c:/program files (x86)/atmel/atmel toolchain/avr32 gcc/native/3.4.1057/avr32-gnu-toolchain/bin/../lib/gcc/avr32/4.4.7/../../../../avr32/lib/ucr2\libc.a(lib_a-vfprintf.o)
 .debug_aranges
                0x00000718       0x20 c:/program files (x86)/atmel/atmel toolchain/avr32 gcc/native/3.4.1057/avr32-gnu-toolchain/bin/../lib/gcc/avr32/4.4.7/../../../../avr32/lib/ucr2\libc.a(lib_a-wsetup.o)
 .debug_aranges
                0x00000738       0x28 c:/program files (x86)/atmel/atmel toolchain/avr32 gcc/native/3.4.1057/avr32-gnu-toolchain/bin/../lib/gcc/avr32/4.4.7/../../../../avr32/lib/ucr2\libc.a(lib_a-dtoa.o)
 .debug_aranges
                0x00000760       0x28 c:/program files (x86)/atmel/atmel toolchain/avr32 gcc/native/3.4.1057/avr32-gnu-toolchain/bin/../lib/gcc/avr32/4.4.7/../../../../avr32/lib/ucr2\libc.a(lib_a-fflush.o)
 .debug_aranges
                0x00000788       0x80 c:/program files (x86)/atmel/atmel toolchain/avr32 gcc/native/3.4.1057/avr32-gnu-toolchain/bin/../lib/gcc/avr32/4.4.7/../../../../avr32/lib/ucr2\libc.a(lib_a-findfp.o)
 .debug_aranges
                0x00000808       0x28 c:/program files (x86)/atmel/atmel toolchain/avr32 gcc/native/3.4.1057/avr32-gnu-toolchain/bin/../lib/gcc/avr32/4.4.7/../../../../avr32/lib/ucr2\libc.a(lib_a-freer.o)
 .debug_aranges
                0x00000830       0x20 c:/program files (x86)/atmel/atmel toolchain/avr32 gcc/native/3.4.1057/avr32-gnu-toolchain/bin/../lib/gcc/avr32/4.4.7/../../../../avr32/lib/ucr2\libc.a(lib_a-fvwrite.o)
 .debug_aranges
                0x00000850       0x28 c:/program files (x86)/atmel/atmel toolchain/avr32 gcc/native/3.4.1057/avr32-gnu-toolchain/bin/../lib/gcc/avr32/4.4.7/../../../../avr32/lib/ucr2\libc.a(lib_a-fwalk.o)
 .debug_aranges
                0x00000878       0x40 c:/program files (x86)/atmel/atmel toolchain/avr32 gcc/native/3.4.1057/avr32-gnu-toolchain/bin/../lib/gcc/avr32/4.4.7/../../../../avr32/lib/ucr2\libc.a(lib_a-locale.o)
 .debug_aranges
                0x000008b8       0x20 c:/program files (x86)/atmel/atmel toolchain/avr32 gcc/native/3.4.1057/avr32-gnu-toolchain/bin/../lib/gcc/avr32/4.4.7/../../../../avr32/lib/ucr2\libc.a(lib_a-makebuf.o)
 .debug_aranges
                0x000008d8       0x28 c:/program files (x86)/atmel/atmel toolchain/avr32 gcc/native/3.4.1057/avr32-gnu-toolchain/bin/../lib/gcc/avr32/4.4.7/../../../../avr32/lib/ucr2\libc.a(lib_a-malloc.o)
 .debug_aranges
                0x00000900       0x20 c:/program files (x86)/atmel/atmel toolchain/avr32 gcc/native/3.4.1057/avr32-gnu-toolchain/bin/../lib/gcc/avr32/4.4.7/../../../../avr32/lib/ucr2\libc.a(lib_a-mallocr.o)
 .debug_aranges
                0x00000920       0x20 c:/program files (x86)/atmel/atmel toolchain/avr32 gcc/native/3.4.1057/avr32-gnu-toolchain/bin/../lib/gcc/avr32/4.4.7/../../../../avr32/lib/ucr2\libc.a(lib_a-memchr.o)
 .debug_aranges
                0x00000940       0x20 c:/program files (x86)/atmel/atmel toolchain/avr32 gcc/native/3.4.1057/avr32-gnu-toolchain/bin/../lib/gcc/avr32/4.4.7/../../../../avr32/lib/ucr2\libc.a(lib_a-memmove.o)
 .debug_aranges
                0x00000960       0x20 c:/program files (x86)/atmel/atmel toolchain/avr32 gcc/native/3.4.1057/avr32-gnu-toolchain/bin/../lib/gcc/avr32/4.4.7/../../../../avr32/lib/ucr2\libc.a(lib_a-memset.o)
 .debug_aranges
                0x00000980       0x28 c:/program files (x86)/atmel/atmel toolchain/avr32 gcc/native/3.4.1057/avr32-gnu-toolchain/bin/../lib/gcc/avr32/4.4.7/../../../../avr32/lib/ucr2\libc.a(lib_a-mlock.o)
 .debug_aranges
                0x000009a8       0xb0 c:/program files (x86)/atmel/atmel toolchain/avr32 gcc/native/3.4.1057/avr32-gnu-toolchain/bin/../lib/gcc/avr32/4.4.7/../../../../avr32/lib/ucr2\libc.a(lib_a-mprec.o)
 .debug_aranges
                0x00000a58       0x20 c:/program files (x86)/atmel/atmel toolchain/avr32 gcc/native/3.4.1057/avr32-gnu-toolchain/bin/../lib/gcc/avr32/4.4.7/../../../../avr32/lib/ucr2\libc.a(lib_a-reallocr.o)
 .debug_aranges
                0x00000a78       0x20 c:/program files (x86)/atmel/atmel toolchain/avr32 gcc/native/3.4.1057/avr32-gnu-toolchain/bin/../lib/gcc/avr32/4.4.7/../../../../avr32/lib/ucr2\libc.a(lib_a-s_isinfd.o)
 .debug_aranges
                0x00000a98       0x20 c:/program files (x86)/atmel/atmel toolchain/avr32 gcc/native/3.4.1057/avr32-gnu-toolchain/bin/../lib/gcc/avr32/4.4.7/../../../../avr32/lib/ucr2\libc.a(lib_a-s_isnand.o)
 .debug_aranges
                0x00000ab8       0x20 c:/program files (x86)/atmel/atmel toolchain/avr32 gcc/native/3.4.1057/avr32-gnu-toolchain/bin/../lib/gcc/avr32/4.4.7/../../../../avr32/lib/ucr2\libc.a(lib_a-sbrkr.o)
 .debug_aranges
                0x00000ad8       0x38 c:/program files (x86)/atmel/atmel toolchain/avr32 gcc/native/3.4.1057/avr32-gnu-toolchain/bin/../lib/gcc/avr32/4.4.7/../../../../avr32/lib/ucr2\libc.a(lib_a-stdio.o)
 .debug_aranges
                0x00000b10       0x20 c:/program files (x86)/atmel/atmel toolchain/avr32 gcc/native/3.4.1057/avr32-gnu-toolchain/bin/../lib/gcc/avr32/4.4.7/../../../../avr32/lib/ucr2\libc.a(lib_a-strlen.o)
 .debug_aranges
                0x00000b30       0xf8 c:/program files (x86)/atmel/atmel toolchain/avr32 gcc/native/3.4.1057/avr32-gnu-toolchain/bin/../lib/gcc/avr32/4.4.7/../../../../avr32/lib/ucr2\libc.a(lib_a-syscalls.o)
 .debug_aranges
                0x00000c28       0x20 c:/program files (x86)/atmel/atmel toolchain/avr32 gcc/native/3.4.1057/avr32-gnu-toolchain/bin/../lib/gcc/avr32/4.4.7/../../../../avr32/lib/ucr2\libc.a(lib_a-writer.o)
 .debug_aranges
                0x00000c48       0x20 c:/program files (x86)/atmel/atmel toolchain/avr32 gcc/native/3.4.1057/avr32-gnu-toolchain/bin/../lib/gcc/avr32/4.4.7/../../../../avr32/lib/ucr2\libc.a(lib_a-callocr.o)
 .debug_aranges
                0x00000c68       0x20 c:/program files (x86)/atmel/atmel toolchain/avr32 gcc/native/3.4.1057/avr32-gnu-toolchain/bin/../lib/gcc/avr32/4.4.7/../../../../avr32/lib/ucr2\libc.a(lib_a-closer.o)
 .debug_aranges
                0x00000c88       0x20 c:/program files (x86)/atmel/atmel toolchain/avr32 gcc/native/3.4.1057/avr32-gnu-toolchain/bin/../lib/gcc/avr32/4.4.7/../../../../avr32/lib/ucr2\libc.a(lib_a-errno.o)
 .debug_aranges
                0x00000ca8       0x28 c:/program files (x86)/atmel/atmel toolchain/avr32 gcc/native/3.4.1057/avr32-gnu-toolchain/bin/../lib/gcc/avr32/4.4.7/../../../../avr32/lib/ucr2\libc.a(lib_a-fclose.o)
 .debug_aranges
                0x00000cd0       0x20 c:/program files (x86)/atmel/atmel toolchain/avr32 gcc/native/3.4.1057/avr32-gnu-toolchain/bin/../lib/gcc/avr32/4.4.7/../../../../avr32/lib/ucr2\libc.a(lib_a-fstatr.o)
 .debug_aranges
                0x00000cf0       0x20 c:/program files (x86)/atmel/atmel toolchain/avr32 gcc/native/3.4.1057/avr32-gnu-toolchain/bin/../lib/gcc/avr32/4.4.7/../../../../avr32/lib/ucr2\libc.a(lib_a-lseekr.o)
 .debug_aranges
                0x00000d10       0x20 c:/program files (x86)/atmel/atmel toolchain/avr32 gcc/native/3.4.1057/avr32-gnu-toolchain/bin/../lib/gcc/avr32/4.4.7/../../../../avr32/lib/ucr2\libc.a(lib_a-readr.o)
 .debug_aranges
                0x00000d30       0x30 c:/program files (x86)/atmel/atmel toolchain/avr32 gcc/native/3.4.1057/avr32-gnu-toolchain/bin/../lib/gcc/avr32/4.4.7/../../../../avr32/lib/ucr2\libc.a(lib_a-reent.o)
 .debug_aranges
                0x00000d60       0x20 c:/program files (x86)/atmel/atmel toolchain/avr32 gcc/native/3.4.1057/avr32-gnu-toolchain/bin/../lib/gcc/avr32/4.4.7/ucr2\libgcc.a(_udivdi3.o)
 .debug_aranges
                0x00000d80       0x20 c:/program files (x86)/atmel/atmel toolchain/avr32 gcc/native/3.4.1057/avr32-gnu-toolchain/bin/../lib/gcc/avr32/4.4.7/ucr2\libgcc.a(_umoddi3.o)

.debug_pubnames
                0x00000000     0x18d9
 *(.debug_pubnames)
 .debug_pubnames
                0x00000000       0xb3 src/ASF/avr32/drivers/adc/adc.o
 .debug_pubnames
                0x000000b3      0x183 src/can/can.o
 .debug_pubnames
                0x00000236       0x48 src/main.o
 .debug_pubnames
                0x0000027e       0xf6 src/ASF/avr32/boards/evk1100/led.o
 .debug_pubnames
                0x00000374      0x114 src/ASF/avr32/components/display/dip204/dip204.o
 .debug_pubnames
                0x00000488      0x330 src/ASF/avr32/drivers/gpio/gpio.o
 .debug_pubnames
                0x000007b8       0x62 src/ASF/avr32/drivers/intc/intc.o
 .debug_pubnames
                0x0000081a      0x3ee src/ASF/avr32/drivers/pm/pm.o
 .debug_pubnames
                0x00000c08       0x9a src/ASF/avr32/drivers/pwm/pwm.o
 .debug_pubnames
                0x00000ca2      0x178 src/ASF/avr32/drivers/spi/spi.o
 .debug_pubnames
                0x00000e1a       0x9a src/ASF/common/services/clock/uc3a0_a1/sysclk.o
 .debug_pubnames
                0x00000eb4       0x2f c:/program files (x86)/atmel/atmel toolchain/avr32 gcc/native/3.4.1057/avr32-gnu-toolchain/bin/../lib/gcc/avr32/4.4.7/../../../../avr32/lib/ucr2\libc.a(lib_a-vsprintf.o)
 .debug_pubnames
                0x00000ee3       0x39 c:/program files (x86)/atmel/atmel toolchain/avr32 gcc/native/3.4.1057/avr32-gnu-toolchain/bin/../lib/gcc/avr32/4.4.7/../../../../avr32/lib/ucr2\libc.a(lib_a-impure.o)
 .debug_pubnames
                0x00000f1c       0x2f c:/program files (x86)/atmel/atmel toolchain/avr32 gcc/native/3.4.1057/avr32-gnu-toolchain/bin/../lib/gcc/avr32/4.4.7/../../../../avr32/lib/ucr2\libc.a(lib_a-vfprintf.o)
 .debug_pubnames
                0x00000f4b       0x22 c:/program files (x86)/atmel/atmel toolchain/avr32 gcc/native/3.4.1057/avr32-gnu-toolchain/bin/../lib/gcc/avr32/4.4.7/../../../../avr32/lib/ucr2\libc.a(lib_a-wsetup.o)
 .debug_pubnames
                0x00000f6d       0x1e c:/program files (x86)/atmel/atmel toolchain/avr32 gcc/native/3.4.1057/avr32-gnu-toolchain/bin/../lib/gcc/avr32/4.4.7/../../../../avr32/lib/ucr2\libc.a(lib_a-dtoa.o)
 .debug_pubnames
                0x00000f8b       0x2b c:/program files (x86)/atmel/atmel toolchain/avr32 gcc/native/3.4.1057/avr32-gnu-toolchain/bin/../lib/gcc/avr32/4.4.7/../../../../avr32/lib/ucr2\libc.a(lib_a-fflush.o)
 .debug_pubnames
                0x00000fb6      0x119 c:/program files (x86)/atmel/atmel toolchain/avr32 gcc/native/3.4.1057/avr32-gnu-toolchain/bin/../lib/gcc/avr32/4.4.7/../../../../avr32/lib/ucr2\libc.a(lib_a-findfp.o)
 .debug_pubnames
                0x000010cf       0x31 c:/program files (x86)/atmel/atmel toolchain/avr32 gcc/native/3.4.1057/avr32-gnu-toolchain/bin/../lib/gcc/avr32/4.4.7/../../../../avr32/lib/ucr2\libc.a(lib_a-freer.o)
 .debug_pubnames
                0x00001100       0x23 c:/program files (x86)/atmel/atmel toolchain/avr32 gcc/native/3.4.1057/avr32-gnu-toolchain/bin/../lib/gcc/avr32/4.4.7/../../../../avr32/lib/ucr2\libc.a(lib_a-fvwrite.o)
 .debug_pubnames
                0x00001123       0x2e c:/program files (x86)/atmel/atmel toolchain/avr32 gcc/native/3.4.1057/avr32-gnu-toolchain/bin/../lib/gcc/avr32/4.4.7/../../../../avr32/lib/ucr2\libc.a(lib_a-fwalk.o)
 .debug_pubnames
                0x00001151       0xc3 c:/program files (x86)/atmel/atmel toolchain/avr32 gcc/native/3.4.1057/avr32-gnu-toolchain/bin/../lib/gcc/avr32/4.4.7/../../../../avr32/lib/ucr2\libc.a(lib_a-locale.o)
 .debug_pubnames
                0x00001214       0x23 c:/program files (x86)/atmel/atmel toolchain/avr32 gcc/native/3.4.1057/avr32-gnu-toolchain/bin/../lib/gcc/avr32/4.4.7/../../../../avr32/lib/ucr2\libc.a(lib_a-makebuf.o)
 .debug_pubnames
                0x00001237       0x26 c:/program files (x86)/atmel/atmel toolchain/avr32 gcc/native/3.4.1057/avr32-gnu-toolchain/bin/../lib/gcc/avr32/4.4.7/../../../../avr32/lib/ucr2\libc.a(lib_a-malloc.o)
 .debug_pubnames
                0x0000125d       0xce c:/program files (x86)/atmel/atmel toolchain/avr32 gcc/native/3.4.1057/avr32-gnu-toolchain/bin/../lib/gcc/avr32/4.4.7/../../../../avr32/lib/ucr2\libc.a(lib_a-mallocr.o)
 .debug_pubnames
                0x0000132b       0x1d c:/program files (x86)/atmel/atmel toolchain/avr32 gcc/native/3.4.1057/avr32-gnu-toolchain/bin/../lib/gcc/avr32/4.4.7/../../../../avr32/lib/ucr2\libc.a(lib_a-memchr.o)
 .debug_pubnames
                0x00001348       0x1e c:/program files (x86)/atmel/atmel toolchain/avr32 gcc/native/3.4.1057/avr32-gnu-toolchain/bin/../lib/gcc/avr32/4.4.7/../../../../avr32/lib/ucr2\libc.a(lib_a-memmove.o)
 .debug_pubnames
                0x00001366       0x1d c:/program files (x86)/atmel/atmel toolchain/avr32 gcc/native/3.4.1057/avr32-gnu-toolchain/bin/../lib/gcc/avr32/4.4.7/../../../../avr32/lib/ucr2\libc.a(lib_a-memset.o)
 .debug_pubnames
                0x00001383       0x38 c:/program files (x86)/atmel/atmel toolchain/avr32 gcc/native/3.4.1057/avr32-gnu-toolchain/bin/../lib/gcc/avr32/4.4.7/../../../../avr32/lib/ucr2\libc.a(lib_a-mlock.o)
 .debug_pubnames
                0x000013bb      0x13a c:/program files (x86)/atmel/atmel toolchain/avr32 gcc/native/3.4.1057/avr32-gnu-toolchain/bin/../lib/gcc/avr32/4.4.7/../../../../avr32/lib/ucr2\libc.a(lib_a-mprec.o)
 .debug_pubnames
                0x000014f5       0x21 c:/program files (x86)/atmel/atmel toolchain/avr32 gcc/native/3.4.1057/avr32-gnu-toolchain/bin/../lib/gcc/avr32/4.4.7/../../../../avr32/lib/ucr2\libc.a(lib_a-reallocr.o)
 .debug_pubnames
                0x00001516       0x1f c:/program files (x86)/atmel/atmel toolchain/avr32 gcc/native/3.4.1057/avr32-gnu-toolchain/bin/../lib/gcc/avr32/4.4.7/../../../../avr32/lib/ucr2\libc.a(lib_a-s_isinfd.o)
 .debug_pubnames
                0x00001535       0x1f c:/program files (x86)/atmel/atmel toolchain/avr32 gcc/native/3.4.1057/avr32-gnu-toolchain/bin/../lib/gcc/avr32/4.4.7/../../../../avr32/lib/ucr2\libc.a(lib_a-s_isnand.o)
 .debug_pubnames
                0x00001554       0x1e c:/program files (x86)/atmel/atmel toolchain/avr32 gcc/native/3.4.1057/avr32-gnu-toolchain/bin/../lib/gcc/avr32/4.4.7/../../../../avr32/lib/ucr2\libc.a(lib_a-sbrkr.o)
 .debug_pubnames
                0x00001572       0x44 c:/program files (x86)/atmel/atmel toolchain/avr32 gcc/native/3.4.1057/avr32-gnu-toolchain/bin/../lib/gcc/avr32/4.4.7/../../../../avr32/lib/ucr2\libc.a(lib_a-stdio.o)
 .debug_pubnames
                0x000015b6       0x1d c:/program files (x86)/atmel/atmel toolchain/avr32 gcc/native/3.4.1057/avr32-gnu-toolchain/bin/../lib/gcc/avr32/4.4.7/../../../../avr32/lib/ucr2\libc.a(lib_a-strlen.o)
 .debug_pubnames
                0x000015d3      0x171 c:/program files (x86)/atmel/atmel toolchain/avr32 gcc/native/3.4.1057/avr32-gnu-toolchain/bin/../lib/gcc/avr32/4.4.7/../../../../avr32/lib/ucr2\libc.a(lib_a-syscalls.o)
 .debug_pubnames
                0x00001744       0x1f c:/program files (x86)/atmel/atmel toolchain/avr32 gcc/native/3.4.1057/avr32-gnu-toolchain/bin/../lib/gcc/avr32/4.4.7/../../../../avr32/lib/ucr2\libc.a(lib_a-writer.o)
 .debug_pubnames
                0x00001763       0x20 c:/program files (x86)/atmel/atmel toolchain/avr32 gcc/native/3.4.1057/avr32-gnu-toolchain/bin/../lib/gcc/avr32/4.4.7/../../../../avr32/lib/ucr2\libc.a(lib_a-callocr.o)
 .debug_pubnames
                0x00001783       0x1f c:/program files (x86)/atmel/atmel toolchain/avr32 gcc/native/3.4.1057/avr32-gnu-toolchain/bin/../lib/gcc/avr32/4.4.7/../../../../avr32/lib/ucr2\libc.a(lib_a-closer.o)
 .debug_pubnames
                0x000017a2       0x1e c:/program files (x86)/atmel/atmel toolchain/avr32 gcc/native/3.4.1057/avr32-gnu-toolchain/bin/../lib/gcc/avr32/4.4.7/../../../../avr32/lib/ucr2\libc.a(lib_a-errno.o)
 .debug_pubnames
                0x000017c0       0x2b c:/program files (x86)/atmel/atmel toolchain/avr32 gcc/native/3.4.1057/avr32-gnu-toolchain/bin/../lib/gcc/avr32/4.4.7/../../../../avr32/lib/ucr2\libc.a(lib_a-fclose.o)
 .debug_pubnames
                0x000017eb       0x1f c:/program files (x86)/atmel/atmel toolchain/avr32 gcc/native/3.4.1057/avr32-gnu-toolchain/bin/../lib/gcc/avr32/4.4.7/../../../../avr32/lib/ucr2\libc.a(lib_a-fstatr.o)
 .debug_pubnames
                0x0000180a       0x1f c:/program files (x86)/atmel/atmel toolchain/avr32 gcc/native/3.4.1057/avr32-gnu-toolchain/bin/../lib/gcc/avr32/4.4.7/../../../../avr32/lib/ucr2\libc.a(lib_a-lseekr.o)
 .debug_pubnames
                0x00001829       0x1e c:/program files (x86)/atmel/atmel toolchain/avr32 gcc/native/3.4.1057/avr32-gnu-toolchain/bin/../lib/gcc/avr32/4.4.7/../../../../avr32/lib/ucr2\libc.a(lib_a-readr.o)
 .debug_pubnames
                0x00001847       0x52 c:/program files (x86)/atmel/atmel toolchain/avr32 gcc/native/3.4.1057/avr32-gnu-toolchain/bin/../lib/gcc/avr32/4.4.7/../../../../avr32/lib/ucr2\libc.a(lib_a-reent.o)
 .debug_pubnames
                0x00001899       0x20 c:/program files (x86)/atmel/atmel toolchain/avr32 gcc/native/3.4.1057/avr32-gnu-toolchain/bin/../lib/gcc/avr32/4.4.7/ucr2\libgcc.a(_udivdi3.o)
 .debug_pubnames
                0x000018b9       0x20 c:/program files (x86)/atmel/atmel toolchain/avr32 gcc/native/3.4.1057/avr32-gnu-toolchain/bin/../lib/gcc/avr32/4.4.7/ucr2\libgcc.a(_umoddi3.o)

.debug_info     0x00000000    0x2068c
 *(.debug_info .gnu.linkonce.wi.*)
 .debug_info    0x00000000     0x1095 src/ASF/avr32/drivers/adc/adc.o
 .debug_info    0x00001095     0x13a4 src/can/can.o
 .debug_info    0x00002439     0x1d4e src/main.o
 .debug_info    0x00004187      0xf01 src/ASF/avr32/boards/evk1100/led.o
 .debug_info    0x00005088     0x1419 src/ASF/avr32/components/display/dip204/dip204.o
 .debug_info    0x000064a1      0xb1b src/ASF/avr32/drivers/gpio/gpio.o
 .debug_info    0x00006fbc       0xa5 src/ASF/avr32/drivers/intc/exception.o
 .debug_info    0x00007061      0x5b3 src/ASF/avr32/drivers/intc/intc.o
 .debug_info    0x00007614     0x1a59 src/ASF/avr32/drivers/pm/pm.o
 .debug_info    0x0000906d      0xa08 src/ASF/avr32/drivers/pwm/pwm.o
 .debug_info    0x00009a75     0x1090 src/ASF/avr32/drivers/spi/spi.o
 .debug_info    0x0000ab05       0xa4 src/ASF/avr32/utils/startup/startup_uc3.o
 .debug_info    0x0000aba9       0xab src/ASF/avr32/utils/startup/trampoline_uc3.o
 .debug_info    0x0000ac54     0x10fe src/ASF/common/services/clock/uc3a0_a1/sysclk.o
 .debug_info    0x0000bd52      0x96c c:/program files (x86)/atmel/atmel toolchain/avr32 gcc/native/3.4.1057/avr32-gnu-toolchain/bin/../lib/gcc/avr32/4.4.7/../../../../avr32/lib/ucr2\libc.a(lib_a-vsprintf.o)
 .debug_info    0x0000c6be      0x960 c:/program files (x86)/atmel/atmel toolchain/avr32 gcc/native/3.4.1057/avr32-gnu-toolchain/bin/../lib/gcc/avr32/4.4.7/../../../../avr32/lib/ucr2\libc.a(lib_a-impure.o)
 .debug_info    0x0000d01e     0x15e8 c:/program files (x86)/atmel/atmel toolchain/avr32 gcc/native/3.4.1057/avr32-gnu-toolchain/bin/../lib/gcc/avr32/4.4.7/../../../../avr32/lib/ucr2\libc.a(lib_a-vfprintf.o)
 .debug_info    0x0000e606      0x982 c:/program files (x86)/atmel/atmel toolchain/avr32 gcc/native/3.4.1057/avr32-gnu-toolchain/bin/../lib/gcc/avr32/4.4.7/../../../../avr32/lib/ucr2\libc.a(lib_a-wsetup.o)
 .debug_info    0x0000ef88      0xcf7 c:/program files (x86)/atmel/atmel toolchain/avr32 gcc/native/3.4.1057/avr32-gnu-toolchain/bin/../lib/gcc/avr32/4.4.7/../../../../avr32/lib/ucr2\libc.a(lib_a-dtoa.o)
 .debug_info    0x0000fc7f      0xa22 c:/program files (x86)/atmel/atmel toolchain/avr32 gcc/native/3.4.1057/avr32-gnu-toolchain/bin/../lib/gcc/avr32/4.4.7/../../../../avr32/lib/ucr2\libc.a(lib_a-fflush.o)
 .debug_info    0x000106a1      0xc2a c:/program files (x86)/atmel/atmel toolchain/avr32 gcc/native/3.4.1057/avr32-gnu-toolchain/bin/../lib/gcc/avr32/4.4.7/../../../../avr32/lib/ucr2\libc.a(lib_a-findfp.o)
 .debug_info    0x000112cb      0xb3d c:/program files (x86)/atmel/atmel toolchain/avr32 gcc/native/3.4.1057/avr32-gnu-toolchain/bin/../lib/gcc/avr32/4.4.7/../../../../avr32/lib/ucr2\libc.a(lib_a-freer.o)
 .debug_info    0x00011e08      0x9fc c:/program files (x86)/atmel/atmel toolchain/avr32 gcc/native/3.4.1057/avr32-gnu-toolchain/bin/../lib/gcc/avr32/4.4.7/../../../../avr32/lib/ucr2\libc.a(lib_a-fvwrite.o)
 .debug_info    0x00012804      0xa61 c:/program files (x86)/atmel/atmel toolchain/avr32 gcc/native/3.4.1057/avr32-gnu-toolchain/bin/../lib/gcc/avr32/4.4.7/../../../../avr32/lib/ucr2\libc.a(lib_a-fwalk.o)
 .debug_info    0x00013265      0xb24 c:/program files (x86)/atmel/atmel toolchain/avr32 gcc/native/3.4.1057/avr32-gnu-toolchain/bin/../lib/gcc/avr32/4.4.7/../../../../avr32/lib/ucr2\libc.a(lib_a-locale.o)
 .debug_info    0x00013d89      0xa96 c:/program files (x86)/atmel/atmel toolchain/avr32 gcc/native/3.4.1057/avr32-gnu-toolchain/bin/../lib/gcc/avr32/4.4.7/../../../../avr32/lib/ucr2\libc.a(lib_a-makebuf.o)
 .debug_info    0x0001481f      0x8ea c:/program files (x86)/atmel/atmel toolchain/avr32 gcc/native/3.4.1057/avr32-gnu-toolchain/bin/../lib/gcc/avr32/4.4.7/../../../../avr32/lib/ucr2\libc.a(lib_a-malloc.o)
 .debug_info    0x00015109      0xc4e c:/program files (x86)/atmel/atmel toolchain/avr32 gcc/native/3.4.1057/avr32-gnu-toolchain/bin/../lib/gcc/avr32/4.4.7/../../../../avr32/lib/ucr2\libc.a(lib_a-mallocr.o)
 .debug_info    0x00015d57       0xe7 c:/program files (x86)/atmel/atmel toolchain/avr32 gcc/native/3.4.1057/avr32-gnu-toolchain/bin/../lib/gcc/avr32/4.4.7/../../../../avr32/lib/ucr2\libc.a(lib_a-memchr.o)
 .debug_info    0x00015e3e      0x102 c:/program files (x86)/atmel/atmel toolchain/avr32 gcc/native/3.4.1057/avr32-gnu-toolchain/bin/../lib/gcc/avr32/4.4.7/../../../../avr32/lib/ucr2\libc.a(lib_a-memmove.o)
 .debug_info    0x00015f40       0xcd c:/program files (x86)/atmel/atmel toolchain/avr32 gcc/native/3.4.1057/avr32-gnu-toolchain/bin/../lib/gcc/avr32/4.4.7/../../../../avr32/lib/ucr2\libc.a(lib_a-memset.o)
 .debug_info    0x0001600d      0x8cf c:/program files (x86)/atmel/atmel toolchain/avr32 gcc/native/3.4.1057/avr32-gnu-toolchain/bin/../lib/gcc/avr32/4.4.7/../../../../avr32/lib/ucr2\libc.a(lib_a-mlock.o)
 .debug_info    0x000168dc     0x149a c:/program files (x86)/atmel/atmel toolchain/avr32 gcc/native/3.4.1057/avr32-gnu-toolchain/bin/../lib/gcc/avr32/4.4.7/../../../../avr32/lib/ucr2\libc.a(lib_a-mprec.o)
 .debug_info    0x00017d76      0xb17 c:/program files (x86)/atmel/atmel toolchain/avr32 gcc/native/3.4.1057/avr32-gnu-toolchain/bin/../lib/gcc/avr32/4.4.7/../../../../avr32/lib/ucr2\libc.a(lib_a-reallocr.o)
 .debug_info    0x0001888d      0x14d c:/program files (x86)/atmel/atmel toolchain/avr32 gcc/native/3.4.1057/avr32-gnu-toolchain/bin/../lib/gcc/avr32/4.4.7/../../../../avr32/lib/ucr2\libc.a(lib_a-s_isinfd.o)
 .debug_info    0x000189da      0x14c c:/program files (x86)/atmel/atmel toolchain/avr32 gcc/native/3.4.1057/avr32-gnu-toolchain/bin/../lib/gcc/avr32/4.4.7/../../../../avr32/lib/ucr2\libc.a(lib_a-s_isnand.o)
 .debug_info    0x00018b26      0x8de c:/program files (x86)/atmel/atmel toolchain/avr32 gcc/native/3.4.1057/avr32-gnu-toolchain/bin/../lib/gcc/avr32/4.4.7/../../../../avr32/lib/ucr2\libc.a(lib_a-sbrkr.o)
 .debug_info    0x00019404      0xa28 c:/program files (x86)/atmel/atmel toolchain/avr32 gcc/native/3.4.1057/avr32-gnu-toolchain/bin/../lib/gcc/avr32/4.4.7/../../../../avr32/lib/ucr2\libc.a(lib_a-stdio.o)
 .debug_info    0x00019e2c       0xbe c:/program files (x86)/atmel/atmel toolchain/avr32 gcc/native/3.4.1057/avr32-gnu-toolchain/bin/../lib/gcc/avr32/4.4.7/../../../../avr32/lib/ucr2\libc.a(lib_a-strlen.o)
 .debug_info    0x00019eea      0x93a c:/program files (x86)/atmel/atmel toolchain/avr32 gcc/native/3.4.1057/avr32-gnu-toolchain/bin/../lib/gcc/avr32/4.4.7/../../../../avr32/lib/ucr2\libc.a(lib_a-syscalls.o)
 .debug_info    0x0001a824      0x90d c:/program files (x86)/atmel/atmel toolchain/avr32 gcc/native/3.4.1057/avr32-gnu-toolchain/bin/../lib/gcc/avr32/4.4.7/../../../../avr32/lib/ucr2\libc.a(lib_a-writer.o)
 .debug_info    0x0001b131      0x997 c:/program files (x86)/atmel/atmel toolchain/avr32 gcc/native/3.4.1057/avr32-gnu-toolchain/bin/../lib/gcc/avr32/4.4.7/../../../../avr32/lib/ucr2\libc.a(lib_a-callocr.o)
 .debug_info    0x0001bac8      0x8d2 c:/program files (x86)/atmel/atmel toolchain/avr32 gcc/native/3.4.1057/avr32-gnu-toolchain/bin/../lib/gcc/avr32/4.4.7/../../../../avr32/lib/ucr2\libc.a(lib_a-closer.o)
 .debug_info    0x0001c39a      0x8a6 c:/program files (x86)/atmel/atmel toolchain/avr32 gcc/native/3.4.1057/avr32-gnu-toolchain/bin/../lib/gcc/avr32/4.4.7/../../../../avr32/lib/ucr2\libc.a(lib_a-errno.o)
 .debug_info    0x0001cc40      0x9bc c:/program files (x86)/atmel/atmel toolchain/avr32 gcc/native/3.4.1057/avr32-gnu-toolchain/bin/../lib/gcc/avr32/4.4.7/../../../../avr32/lib/ucr2\libc.a(lib_a-fclose.o)
 .debug_info    0x0001d5fc      0xa76 c:/program files (x86)/atmel/atmel toolchain/avr32 gcc/native/3.4.1057/avr32-gnu-toolchain/bin/../lib/gcc/avr32/4.4.7/../../../../avr32/lib/ucr2\libc.a(lib_a-fstatr.o)
 .debug_info    0x0001e072      0x8fb c:/program files (x86)/atmel/atmel toolchain/avr32 gcc/native/3.4.1057/avr32-gnu-toolchain/bin/../lib/gcc/avr32/4.4.7/../../../../avr32/lib/ucr2\libc.a(lib_a-lseekr.o)
 .debug_info    0x0001e96d      0x906 c:/program files (x86)/atmel/atmel toolchain/avr32 gcc/native/3.4.1057/avr32-gnu-toolchain/bin/../lib/gcc/avr32/4.4.7/../../../../avr32/lib/ucr2\libc.a(lib_a-readr.o)
 .debug_info    0x0001f273      0x973 c:/program files (x86)/atmel/atmel toolchain/avr32 gcc/native/3.4.1057/avr32-gnu-toolchain/bin/../lib/gcc/avr32/4.4.7/../../../../avr32/lib/ucr2\libc.a(lib_a-reent.o)
 .debug_info    0x0001fbe6      0x57b c:/program files (x86)/atmel/atmel toolchain/avr32 gcc/native/3.4.1057/avr32-gnu-toolchain/bin/../lib/gcc/avr32/4.4.7/ucr2\libgcc.a(_udivdi3.o)
 .debug_info    0x00020161      0x52b c:/program files (x86)/atmel/atmel toolchain/avr32 gcc/native/3.4.1057/avr32-gnu-toolchain/bin/../lib/gcc/avr32/4.4.7/ucr2\libgcc.a(_umoddi3.o)

.debug_abbrev   0x00000000     0x540a
 *(.debug_abbrev)
 .debug_abbrev  0x00000000      0x193 src/ASF/avr32/drivers/adc/adc.o
 .debug_abbrev  0x00000193      0x2ff src/can/can.o
 .debug_abbrev  0x00000492      0x1a3 src/main.o
 .debug_abbrev  0x00000635      0x286 src/ASF/avr32/boards/evk1100/led.o
 .debug_abbrev  0x000008bb      0x2da src/ASF/avr32/components/display/dip204/dip204.o
 .debug_abbrev  0x00000b95      0x28b src/ASF/avr32/drivers/gpio/gpio.o
 .debug_abbrev  0x00000e20       0x14 src/ASF/avr32/drivers/intc/exception.o
 .debug_abbrev  0x00000e34      0x1f2 src/ASF/avr32/drivers/intc/intc.o
 .debug_abbrev  0x00001026      0x2d1 src/ASF/avr32/drivers/pm/pm.o
 .debug_abbrev  0x000012f7      0x19d src/ASF/avr32/drivers/pwm/pwm.o
 .debug_abbrev  0x00001494      0x281 src/ASF/avr32/drivers/spi/spi.o
 .debug_abbrev  0x00001715       0x12 src/ASF/avr32/utils/startup/startup_uc3.o
 .debug_abbrev  0x00001727       0x14 src/ASF/avr32/utils/startup/trampoline_uc3.o
 .debug_abbrev  0x0000173b      0x217 src/ASF/common/services/clock/uc3a0_a1/sysclk.o
 .debug_abbrev  0x00001952      0x19f c:/program files (x86)/atmel/atmel toolchain/avr32 gcc/native/3.4.1057/avr32-gnu-toolchain/bin/../lib/gcc/avr32/4.4.7/../../../../avr32/lib/ucr2\libc.a(lib_a-vsprintf.o)
 .debug_abbrev  0x00001af1      0x160 c:/program files (x86)/atmel/atmel toolchain/avr32 gcc/native/3.4.1057/avr32-gnu-toolchain/bin/../lib/gcc/avr32/4.4.7/../../../../avr32/lib/ucr2\libc.a(lib_a-impure.o)
 .debug_abbrev  0x00001c51      0x3dd c:/program files (x86)/atmel/atmel toolchain/avr32 gcc/native/3.4.1057/avr32-gnu-toolchain/bin/../lib/gcc/avr32/4.4.7/../../../../avr32/lib/ucr2\libc.a(lib_a-vfprintf.o)
 .debug_abbrev  0x0000202e      0x16a c:/program files (x86)/atmel/atmel toolchain/avr32 gcc/native/3.4.1057/avr32-gnu-toolchain/bin/../lib/gcc/avr32/4.4.7/../../../../avr32/lib/ucr2\libc.a(lib_a-wsetup.o)
 .debug_abbrev  0x00002198      0x251 c:/program files (x86)/atmel/atmel toolchain/avr32 gcc/native/3.4.1057/avr32-gnu-toolchain/bin/../lib/gcc/avr32/4.4.7/../../../../avr32/lib/ucr2\libc.a(lib_a-dtoa.o)
 .debug_abbrev  0x000023e9      0x1c6 c:/program files (x86)/atmel/atmel toolchain/avr32 gcc/native/3.4.1057/avr32-gnu-toolchain/bin/../lib/gcc/avr32/4.4.7/../../../../avr32/lib/ucr2\libc.a(lib_a-fflush.o)
 .debug_abbrev  0x000025af      0x28c c:/program files (x86)/atmel/atmel toolchain/avr32 gcc/native/3.4.1057/avr32-gnu-toolchain/bin/../lib/gcc/avr32/4.4.7/../../../../avr32/lib/ucr2\libc.a(lib_a-findfp.o)
 .debug_abbrev  0x0000283b      0x1d9 c:/program files (x86)/atmel/atmel toolchain/avr32 gcc/native/3.4.1057/avr32-gnu-toolchain/bin/../lib/gcc/avr32/4.4.7/../../../../avr32/lib/ucr2\libc.a(lib_a-freer.o)
 .debug_abbrev  0x00002a14      0x1b4 c:/program files (x86)/atmel/atmel toolchain/avr32 gcc/native/3.4.1057/avr32-gnu-toolchain/bin/../lib/gcc/avr32/4.4.7/../../../../avr32/lib/ucr2\libc.a(lib_a-fvwrite.o)
 .debug_abbrev  0x00002bc8      0x1df c:/program files (x86)/atmel/atmel toolchain/avr32 gcc/native/3.4.1057/avr32-gnu-toolchain/bin/../lib/gcc/avr32/4.4.7/../../../../avr32/lib/ucr2\libc.a(lib_a-fwalk.o)
 .debug_abbrev  0x00002da7      0x210 c:/program files (x86)/atmel/atmel toolchain/avr32 gcc/native/3.4.1057/avr32-gnu-toolchain/bin/../lib/gcc/avr32/4.4.7/../../../../avr32/lib/ucr2\libc.a(lib_a-locale.o)
 .debug_abbrev  0x00002fb7      0x17b c:/program files (x86)/atmel/atmel toolchain/avr32 gcc/native/3.4.1057/avr32-gnu-toolchain/bin/../lib/gcc/avr32/4.4.7/../../../../avr32/lib/ucr2\libc.a(lib_a-makebuf.o)
 .debug_abbrev  0x00003132      0x178 c:/program files (x86)/atmel/atmel toolchain/avr32 gcc/native/3.4.1057/avr32-gnu-toolchain/bin/../lib/gcc/avr32/4.4.7/../../../../avr32/lib/ucr2\libc.a(lib_a-malloc.o)
 .debug_abbrev  0x000032aa      0x205 c:/program files (x86)/atmel/atmel toolchain/avr32 gcc/native/3.4.1057/avr32-gnu-toolchain/bin/../lib/gcc/avr32/4.4.7/../../../../avr32/lib/ucr2\libc.a(lib_a-mallocr.o)
 .debug_abbrev  0x000034af       0xb1 c:/program files (x86)/atmel/atmel toolchain/avr32 gcc/native/3.4.1057/avr32-gnu-toolchain/bin/../lib/gcc/avr32/4.4.7/../../../../avr32/lib/ucr2\libc.a(lib_a-memchr.o)
 .debug_abbrev  0x00003560       0xa2 c:/program files (x86)/atmel/atmel toolchain/avr32 gcc/native/3.4.1057/avr32-gnu-toolchain/bin/../lib/gcc/avr32/4.4.7/../../../../avr32/lib/ucr2\libc.a(lib_a-memmove.o)
 .debug_abbrev  0x00003602       0x85 c:/program files (x86)/atmel/atmel toolchain/avr32 gcc/native/3.4.1057/avr32-gnu-toolchain/bin/../lib/gcc/avr32/4.4.7/../../../../avr32/lib/ucr2\libc.a(lib_a-memset.o)
 .debug_abbrev  0x00003687      0x15b c:/program files (x86)/atmel/atmel toolchain/avr32 gcc/native/3.4.1057/avr32-gnu-toolchain/bin/../lib/gcc/avr32/4.4.7/../../../../avr32/lib/ucr2\libc.a(lib_a-mlock.o)
 .debug_abbrev  0x000037e2      0x30e c:/program files (x86)/atmel/atmel toolchain/avr32 gcc/native/3.4.1057/avr32-gnu-toolchain/bin/../lib/gcc/avr32/4.4.7/../../../../avr32/lib/ucr2\libc.a(lib_a-mprec.o)