Archive member included because of file (symbol)

c:/program files (x86)/atmel/atmel toolchain/avr32 gcc/native/3.4.1057/avr32-gnu-toolchain/bin/../lib/gcc/avr32/4.4.7/../../../../avr32/lib/ucr2\libc.a(lib_a-memcpy.o)
                              src/ASF/avr32/drivers/flashc/flashc.o (memcpy)
c:/program files (x86)/atmel/atmel toolchain/avr32 gcc/native/3.4.1057/avr32-gnu-toolchain/bin/../lib/gcc/avr32/4.4.7/../../../../avr32/lib/ucr2\libc.a(lib_a-vsprintf.o)
                              src/ASF/avr32/components/display/dip204/dip204.o (vsprintf)
c:/program files (x86)/atmel/atmel toolchain/avr32 gcc/native/3.4.1057/avr32-gnu-toolchain/bin/../lib/gcc/avr32/4.4.7/../../../../avr32/lib/ucr2\libc.a(lib_a-impure.o)
                              c:/program files (x86)/atmel/atmel toolchain/avr32 gcc/native/3.4.1057/avr32-gnu-toolchain/bin/../lib/gcc/avr32/4.4.7/../../../../avr32/lib/ucr2\libc.a(lib_a-vsprintf.o) (_impure_ptr)
c:/program files (x86)/atmel/atmel toolchain/avr32 gcc/native/3.4.1057/avr32-gnu-toolchain/bin/../lib/gcc/avr32/4.4.7/../../../../avr32/lib/ucr2\libc.a(lib_a-vfprintf.o)
                              c:/program files (x86)/atmel/atmel toolchain/avr32 gcc/native/3.4.1057/avr32-gnu-toolchain/bin/../lib/gcc/avr32/4.4.7/../../../../avr32/lib/ucr2\libc.a(lib_a-vsprintf.o) (_vfprintf_r)
c:/program files (x86)/atmel/atmel toolchain/avr32 gcc/native/3.4.1057/avr32-gnu-toolchain/bin/../lib/gcc/avr32/4.4.7/../../../../avr32/lib/ucr2\libc.a(lib_a-wsetup.o)
                              c:/program files (x86)/atmel/atmel toolchain/avr32 gcc/native/3.4.1057/avr32-gnu-toolchain/bin/../lib/gcc/avr32/4.4.7/../../../../avr32/lib/ucr2\libc.a(lib_a-vfprintf.o) (__swsetup_r)
c:/program files (x86)/atmel/atmel toolchain/avr32 gcc/native/3.4.1057/avr32-gnu-toolchain/bin/../lib/gcc/avr32/4.4.7/../../../../avr32/lib/ucr2\libc.a(lib_a-dtoa.o)
                              c:/program files (x86)/atmel/atmel toolchain/avr32 gcc/native/3.4.1057/avr32-gnu-toolchain/bin/../lib/gcc/avr32/4.4.7/../../../../avr32/lib/ucr2\libc.a(lib_a-vfprintf.o) (_dtoa_r)
c:/program files (x86)/atmel/atmel toolchain/avr32 gcc/native/3.4.1057/avr32-gnu-toolchain/bin/../lib/gcc/avr32/4.4.7/../../../../avr32/lib/ucr2\libc.a(lib_a-fflush.o)
                              c:/program files (x86)/atmel/atmel toolchain/avr32 gcc/native/3.4.1057/avr32-gnu-toolchain/bin/../lib/gcc/avr32/4.4.7/../../../../avr32/lib/ucr2\libc.a(lib_a-vfprintf.o) (_fflush_r)
c:/program files (x86)/atmel/atmel toolchain/avr32 gcc/native/3.4.1057/avr32-gnu-toolchain/bin/../lib/gcc/avr32/4.4.7/../../../../avr32/lib/ucr2\libc.a(lib_a-findfp.o)
                              c:/program files (x86)/atmel/atmel toolchain/avr32 gcc/native/3.4.1057/avr32-gnu-toolchain/bin/../lib/gcc/avr32/4.4.7/../../../../avr32/lib/ucr2\libc.a(lib_a-vfprintf.o) (__sinit)
c:/program files (x86)/atmel/atmel toolchain/avr32 gcc/native/3.4.1057/avr32-gnu-toolchain/bin/../lib/gcc/avr32/4.4.7/../../../../avr32/lib/ucr2\libc.a(lib_a-freer.o)
                              c:/program files (x86)/atmel/atmel toolchain/avr32 gcc/native/3.4.1057/avr32-gnu-toolchain/bin/../lib/gcc/avr32/4.4.7/../../../../avr32/lib/ucr2\libc.a(lib_a-wsetup.o) (_free_r)
c:/program files (x86)/atmel/atmel toolchain/avr32 gcc/native/3.4.1057/avr32-gnu-toolchain/bin/../lib/gcc/avr32/4.4.7/../../../../avr32/lib/ucr2\libc.a(lib_a-fvwrite.o)
                              c:/program files (x86)/atmel/atmel toolchain/avr32 gcc/native/3.4.1057/avr32-gnu-toolchain/bin/../lib/gcc/avr32/4.4.7/../../../../avr32/lib/ucr2\libc.a(lib_a-vfprintf.o) (__sfvwrite_r)
c:/program files (x86)/atmel/atmel toolchain/avr32 gcc/native/3.4.1057/avr32-gnu-toolchain/bin/../lib/gcc/avr32/4.4.7/../../../../avr32/lib/ucr2\libc.a(lib_a-fwalk.o)
                              c:/program files (x86)/atmel/atmel toolchain/avr32 gcc/native/3.4.1057/avr32-gnu-toolchain/bin/../lib/gcc/avr32/4.4.7/../../../../avr32/lib/ucr2\libc.a(lib_a-fflush.o) (_fwalk_reent)
c:/program files (x86)/atmel/atmel toolchain/avr32 gcc/native/3.4.1057/avr32-gnu-toolchain/bin/../lib/gcc/avr32/4.4.7/../../../../avr32/lib/ucr2\libc.a(lib_a-locale.o)
                              c:/program files (x86)/atmel/atmel toolchain/avr32 gcc/native/3.4.1057/avr32-gnu-toolchain/bin/../lib/gcc/avr32/4.4.7/../../../../avr32/lib/ucr2\libc.a(lib_a-vfprintf.o) (_localeconv_r)
c:/program files (x86)/atmel/atmel toolchain/avr32 gcc/native/3.4.1057/avr32-gnu-toolchain/bin/../lib/gcc/avr32/4.4.7/../../../../avr32/lib/ucr2\libc.a(lib_a-makebuf.o)
                              c:/program files (x86)/atmel/atmel toolchain/avr32 gcc/native/3.4.1057/avr32-gnu-toolchain/bin/../lib/gcc/avr32/4.4.7/../../../../avr32/lib/ucr2\libc.a(lib_a-wsetup.o) (__smakebuf_r)
c:/program files (x86)/atmel/atmel toolchain/avr32 gcc/native/3.4.1057/avr32-gnu-toolchain/bin/../lib/gcc/avr32/4.4.7/../../../../avr32/lib/ucr2\libc.a(lib_a-malloc.o)
[...]
Memory Configuration

Name             Origin             Length             Attributes
FLASH            0x80000000         0x00080000         axrl !w
INTRAM           0x00000004         0x0000fffc         axw !rl
USERPAGE         0x80800000         0x00000200
*default*        0x00000000         0xffffffff

Linker script and memory map

                0x00001000                _stack_size = 0x1000
LOAD src/main.o
LOAD src/ASF/avr32/boards/evk1100/led.o
LOAD src/ASF/avr32/components/display/dip204/dip204.o
LOAD src/ASF/avr32/drivers/flashc/flashc.o
LOAD src/ASF/avr32/drivers/gpio/gpio.o
LOAD src/ASF/avr32/drivers/intc/exception.o
LOAD src/ASF/avr32/drivers/intc/intc.o
LOAD src/ASF/avr32/drivers/pm/pm.o
LOAD src/ASF/avr32/drivers/pm/pm_conf_clocks.o
LOAD src/ASF/avr32/drivers/pm/power_clocks_lib.o
LOAD src/ASF/avr32/drivers/pwm/pwm.o
LOAD src/ASF/avr32/drivers/spi/spi.o
LOAD src/ASF/avr32/utils/startup/startup_uc3.o
LOAD src/ASF/avr32/utils/startup/trampoline_uc3.o
LOAD src/ASF/common/services/clock/uc3a0_a1/sysclk.o
LOAD src/can/can.o
START GROUP
LOAD c:/program files (x86)/atmel/atmel toolchain/avr32 gcc/native/3.4.1057/avr32-gnu-toolchain/bin/../lib/gcc/avr32/4.4.7/../../../../avr32/lib/ucr2\libm.a
END GROUP
LOAD c:/program files (x86)/atmel/atmel toolchain/avr32 gcc/native/3.4.1057/avr32-gnu-toolchain/bin/../lib/gcc/avr32/4.4.7/ucr2\libgcc.a
LOAD c:/program files (x86)/atmel/atmel toolchain/avr32 gcc/native/3.4.1057/avr32-gnu-toolchain/bin/../lib/gcc/avr32/4.4.7/../../../../avr32/lib/ucr2\libc.a
LOAD c:/program files (x86)/atmel/atmel toolchain/avr32 gcc/native/3.4.1057/avr32-gnu-toolchain/bin/../lib/gcc/avr32/4.4.7/ucr2\libgcc.a
                0xffffffff                __max_heap_size__ = 0xffffffff
                [0xffffffff]                __heap_size__ = DEFINED (__heap_size__)?__heap_size__:__max_heap_size__
                [0x00001000]                __stack_size__ = DEFINED (__stack_size__)?__stack_size__:0x1000
                0x80000000                PROVIDE (__executable_start, 0x80000000)
                0x80000000                . = 0x80000000

.interp
 *(.interp)

.reset          0x80000000     0x2008
 *(.reset)
 .reset         0x80000000        0x4 src/ASF/avr32/utils/startup/startup_uc3.o
                                  0x8 (size before relaxing)
                0x80000000                _start
 .reset         0x80000004     0x2004 src/ASF/avr32/utils/startup/trampoline_uc3.o
                               0x2008 (size before relaxing)
                0x80000004                _trampoline

.hash
 *(.hash)

.dynsym
 *(.dynsym)

.dynstr
 *(.dynstr)

.gnu.version
 *(.gnu.version)

.gnu.version_d
 *(.gnu.version_d)

.gnu.version_r
 *(.gnu.version_r)

.rel.init
 *(.rel.init)

.rela.init
 *(.rela.init)

.rel.text
 *(.rel.text .rel.text.* .rel.gnu.linkonce.t.*)

.rela.text
 *(.rela.text .rela.text.* .rela.gnu.linkonce.t.*)

.rel.fini
 *(.rel.fini)

.rela.fini
 *(.rela.fini)

.rel.rodata
 *(.rel.rodata .rel.rodata.* .rel.gnu.linkonce.r.*)

.rela.rodata
 *(.rela.rodata .rela.rodata.* .rela.gnu.linkonce.r.*)

.rel.data.rel.ro
 *(.rel.data.rel.ro*)

.rela.data.rel.ro
 *(.rel.data.rel.ro*)

.rel.data
 *(.rel.data .rel.data.* .rel.gnu.linkonce.d.*)

.rela.data
 *(.rela.data .rela.data.* .rela.gnu.linkonce.d.*)

.rel.tdata
 *(.rel.tdata .rel.tdata.* .rel.gnu.linkonce.td.*)

.rela.tdata
 *(.rela.tdata .rela.tdata.* .rela.gnu.linkonce.td.*)

.rel.tbss
 *(.rel.tbss .rel.tbss.* .rel.gnu.linkonce.tb.*)

.rela.tbss
 *(.rela.tbss .rela.tbss.* .rela.gnu.linkonce.tb.*)

.rel.ctors
 *(.rel.ctors)

.rela.ctors
 *(.rela.ctors)

.rel.dtors
 *(.rel.dtors)

.rela.dtors
 *(.rela.dtors)

.rel.got
 *(.rel.got)

.rela.got       0x80002008        0x0
 *(.rela.got)
 .rela.got      0x80002008        0x0 src/ASF/avr32/drivers/flashc/flashc.o

.rel.bss
 *(.rel.bss .rel.bss.* .rel.gnu.linkonce.b.*)

.rela.bss
 *(.rela.bss .rela.bss.* .rela.gnu.linkonce.b.*)

.rel.plt
 *(.rel.plt)

.rela.plt
 *(.rela.plt)

.init
 *(.init)

.plt
 *(.plt)

.text           0x80002008     0x6cf4
 *(.text .stub .text.* .gnu.linkonce.t.*)
 .text.main     0x80002008      0x174 src/main.o
                0x80002008                main
 .text.LED_On   0x8000217c       0x50 src/ASF/avr32/boards/evk1100/led.o
                0x8000217c                LED_On
 .text.LED_Off  0x800021cc       0x54 src/ASF/avr32/boards/evk1100/led.o
                0x800021cc                LED_Off
 .text.dip204_select
                0x80002220       0x14 src/ASF/avr32/components/display/dip204/dip204.o
 .text.dip204_write_byte
                0x80002234       0x58 src/ASF/avr32/components/display/dip204/dip204.o
 .text.dip204_read_byte
                0x8000228c       0x3c src/ASF/avr32/components/display/dip204/dip204.o
 .text.dip204_wait_busy
                0x800022c8       0x34 src/ASF/avr32/components/display/dip204/dip204.o
 .text.dip204_unselect
                0x800022fc       0x14 src/ASF/avr32/components/display/dip204/dip204.o
 .text.dip204_printf_string
                0x80002310       0x98 src/ASF/avr32/components/display/dip204/dip204.o
                0x80002310                dip204_printf_string
 .text.dip204_set_cursor_position
                0x800023a8       0x5c src/ASF/avr32/components/display/dip204/dip204.o
                0x800023a8                dip204_set_cursor_position
 .text.dip204_hide_cursor
                0x80002404       0x30 src/ASF/avr32/components/display/dip204/dip204.o
                0x80002404                dip204_hide_cursor
 .text.dip204_clear_display
                0x80002434       0x5c src/ASF/avr32/components/display/dip204/dip204.o
                0x80002434                dip204_clear_display
 .text.dip204_init
                0x80002490      0x228 src/ASF/avr32/components/display/dip204/dip204.o
                0x80002490                dip204_init
 .text.gpio_enable_module_pin
                0x800026b8       0x52 src/ASF/avr32/drivers/gpio/gpio.o
                0x800026b8                gpio_enable_module_pin
 *fill*         0x8000270a        0x2 d703d703
 .text.gpio_enable_module
                0x8000270c       0x30 src/ASF/avr32/drivers/gpio/gpio.o
                0x8000270c                gpio_enable_module
 .text.gpio_set_gpio_pin
                0x8000273c       0x1c src/ASF/avr32/drivers/gpio/gpio.o
                0x8000273c                gpio_set_gpio_pin
 .text.gpio_clr_gpio_pin
                0x80002758       0x1c src/ASF/avr32/drivers/gpio/gpio.o
                0x80002758                gpio_clr_gpio_pin
 .text._unhandled_interrupt
                0x80002774        0x2 src/ASF/avr32/drivers/intc/intc.o
 *fill*         0x80002776        0x2 d703d703
 .text.INTC_init_interrupts
                0x80002778       0x54 src/ASF/avr32/drivers/intc/intc.o
                0x80002778                INTC_init_interrupts
 .text._get_interrupt_handler
                0x800027cc       0x38 src/ASF/avr32/drivers/intc/intc.o
                0x800027cc                _get_interrupt_handler
 .text.pm_set_osc0_mode
                0x80002804        0xa src/ASF/avr32/drivers/pm/pm.o
 *fill*         0x8000280e        0x2 d703d703
 .text.pm_enable_osc0_crystal
                0x80002810       0x3c src/ASF/avr32/drivers/pm/pm.o
                0x80002810                pm_enable_osc0_crystal
 .text.pm_enable_clk0_no_wait
                0x8000284c       0x10 src/ASF/avr32/drivers/pm/pm.o
                0x8000284c                pm_enable_clk0_no_wait
 .text.pm_wait_for_clk0_ready
                0x8000285c        0xa src/ASF/avr32/drivers/pm/pm.o
                0x8000285c                pm_wait_for_clk0_ready
 *fill*         0x80002866        0x2 d703d703
 .text.pm_enable_clk0
                0x80002868       0x1c src/ASF/avr32/drivers/pm/pm.o
                0x80002868                pm_enable_clk0
 .text.pm_switch_to_clock
                0x80002884        0xa src/ASF/avr32/drivers/pm/pm.o
                0x80002884                pm_switch_to_clock
 *fill*         0x8000288e        0x2 d703d703
 .text.pm_switch_to_osc0
                0x80002890       0x2c src/ASF/avr32/drivers/pm/pm.o
                0x80002890                pm_switch_to_osc0
 .text.pwm_channel_init
                0x800028bc       0x36 src/ASF/avr32/drivers/pwm/pwm.o
                0x800028bc                pwm_channel_init
 .text.pwm_start_channels
                0x800028f2       0x12 src/ASF/avr32/drivers/pwm/pwm.o
                0x800028f2                pwm_start_channels
 .text.pwm_init
                0x80002904       0x46 src/ASF/avr32/drivers/pwm/pwm.o
                0x80002904                pwm_init
 .text.getBaudDiv
                0x8000294a       0x20 src/ASF/avr32/drivers/spi/spi.o
                0x8000294a                getBaudDiv
 .text.spi_initMaster
                0x8000296a       0x38 src/ASF/avr32/drivers/spi/spi.o
                0x8000296a                spi_initMaster
 .text.spi_selectionMode
                0x800029a2       0x2c src/ASF/avr32/drivers/spi/spi.o
                0x800029a2                spi_selectionMode
 .text.spi_selectChip
                0x800029ce       0x4c src/ASF/avr32/drivers/spi/spi.o
                0x800029ce                spi_selectChip
 .text.spi_unselectChip
                0x80002a1a       0x26 src/ASF/avr32/drivers/spi/spi.o
                0x80002a1a                spi_unselectChip
 .text.spi_setupChipReg
                0x80002a40       0xb8 src/ASF/avr32/drivers/spi/spi.o
                0x80002a40                spi_setupChipReg
 .text.spi_enable
                0x80002af8        0x6 src/ASF/avr32/drivers/spi/spi.o
                0x80002af8                spi_enable
 .text.spi_write
                0x80002afe       0x1c src/ASF/avr32/drivers/spi/spi.o
                0x80002afe                spi_write
 .text.spi_readRegisterFullCheck
                0x80002b1a        0x8 src/ASF/avr32/drivers/spi/spi.o
                0x80002b1a                spi_readRegisterFullCheck
 .text.spi_read
                0x80002b22       0x20 src/ASF/avr32/drivers/spi/spi.o
                0x80002b22                spi_read
 *fill*         0x80002b42        0x2 d703d703
 .text._stext   0x80002b44       0x40 src/ASF/avr32/utils/startup/startup_uc3.o
                                 0x50 (size before relaxing)
                0x80002b44                _stext
 .text.ClearMessages
                0x80002b84       0x14 src/can/can.o
                0x80002b84                ClearMessages
 .text.config_dpi204
                0x80002b98       0x78 src/can/can.o
                0x80002b98                config_dpi204
 .text.mASSERT_CS
                0x80002c10       0x14 src/can/can.o
                0x80002c10                mASSERT_CS
 .text.config_SPI_SPARE
                0x80002c24       0x84 src/can/can.o
                0x80002c24                config_SPI_SPARE
 .text.XferSPI_send
                0x80002ca8       0x10 src/can/can.o
 .text.ReadStatus2515
                0x80002cb8       0x50 src/can/can.o
 .text.CANRxReady
                0x80002d08       0x14 src/can/can.o
                0x80002d08                CANRxReady
 .text.CANTxReady
                0x80002d1c       0x14 src/can/can.o
                0x80002d1c                CANTxReady
 .text.mDEASSERT_CS
                0x80002d30       0x14 src/can/can.o
                0x80002d30                mDEASSERT_CS
 .text.CAN2515ByteWrite
                0x80002d44       0x40 src/can/can.o
                0x80002d44                CAN2515ByteWrite
 .text.CAN2515SetRXB1Filters
                0x80002d84       0xac src/can/can.o
                0x80002d84                CAN2515SetRXB1Filters
 .text.CAN2515SetRXB0Filters
                0x80002e30       0x68 src/can/can.o
                0x80002e30                CAN2515SetRXB0Filters
 .text.CANReset
                0x80002e98       0x30 src/can/can.o
                0x80002e98                CANReset
 .text.CAN2515ByteRead
                0x80002ec8       0x74 src/can/can.o
 .text.CANEnable
                0x80002f3c       0xd4 src/can/can.o
                0x80002f3c                CANEnable
 .text.InitializeCAN
                0x80003010       0x40 src/can/can.o
                0x80003010                InitializeCAN
 .text.Evk1100PrintDisp
                0x80003050       0xf4 src/can/can.o
                0x80003050                Evk1100PrintDisp
 .text.CANSendMsg
                0x80003144      0x138 src/can/can.o
                0x80003144                CANSendMsg
 .text.CANGetMsg
                0x8000327c      0x1a4 src/can/can.o
                0x8000327c                CANGetMsg
 .text          0x80003420      0x148 c:/program files (x86)/atmel/atmel toolchain/avr32 gcc/native/3.4.1057/avr32-gnu-toolchain/bin/../lib/gcc/avr32/4.4.7/../../../../avr32/lib/ucr2\libc.a(lib_a-memcpy.o)
                0x80003420                memcpy
 .text._vsprintf_r
                0x80003568       0x2c c:/program files (x86)/atmel/atmel toolchain/avr32 gcc/native/3.4.1057/avr32-gnu-toolchain/bin/../lib/gcc/avr32/4.4.7/../../../../avr32/lib/ucr2\libc.a(lib_a-vsprintf.o)
                                 0x34 (size before relaxing)
                0x80003568                _vsprintf_r
 .text.vsprintf
                0x80003594       0x14 c:/program files (x86)/atmel/atmel toolchain/avr32 gcc/native/3.4.1057/avr32-gnu-toolchain/bin/../lib/gcc/avr32/4.4.7/../../../../avr32/lib/ucr2\libc.a(lib_a-vsprintf.o)
                                 0x1c (size before relaxing)
                0x80003594                vsprintf
 .text.get_arg  0x800035a8      0x314 c:/program files (x86)/atmel/atmel toolchain/avr32 gcc/native/3.4.1057/avr32-gnu-toolchain/bin/../lib/gcc/avr32/4.4.7/../../../../avr32/lib/ucr2\libc.a(lib_a-vfprintf.o)
                                0x324 (size before relaxing)
 .text.__sprint_r
                0x800038bc       0x1c c:/program files (x86)/atmel/atmel toolchain/avr32 gcc/native/3.4.1057/avr32-gnu-toolchain/bin/../lib/gcc/avr32/4.4.7/../../../../avr32/lib/ucr2\libc.a(lib_a-vfprintf.o)
                                 0x20 (size before relaxing)
 .text._vfprintf_r
                0x800038d8     0x1f14 c:/program files (x86)/atmel/atmel toolchain/avr32 gcc/native/3.4.1057/avr32-gnu-toolchain/bin/../lib/gcc/avr32/4.4.7/../../../../avr32/lib/ucr2\libc.a(lib_a-vfprintf.o)
                               0x1f9c (size before relaxing)
                0x800038d8                _vfprintf_r
 .text.__swsetup_r
                0x800057ec       0xdc c:/program files (x86)/atmel/atmel toolchain/avr32 gcc/native/3.4.1057/avr32-gnu-toolchain/bin/../lib/gcc/avr32/4.4.7/../../../../avr32/lib/ucr2\libc.a(lib_a-wsetup.o)
                                 0xe8 (size before relaxing)
                0x800057ec                __swsetup_r
 .text.quorem   0x800058c8      0x120 c:/program files (x86)/atmel/atmel toolchain/avr32 gcc/native/3.4.1057/avr32-gnu-toolchain/bin/../lib/gcc/avr32/4.4.7/../../../../avr32/lib/ucr2\libc.a(lib_a-dtoa.o)
                                0x124 (size before relaxing)
 .text._dtoa_r  0x800059e8      0xbdc c:/program files (x86)/atmel/atmel toolchain/avr32 gcc/native/3.4.1057/avr32-gnu-toolchain/bin/../lib/gcc/avr32/4.4.7/../../../../avr32/lib/ucr2\libc.a(lib_a-dtoa.o)
                                0xc90 (size before relaxing)
                0x800059e8                _dtoa_r
 .text._fflush_r
                0x800065c4      0x10c c:/program files (x86)/atmel/atmel toolchain/avr32 gcc/native/3.4.1057/avr32-gnu-toolchain/bin/../lib/gcc/avr32/4.4.7/../../../../avr32/lib/ucr2\libc.a(lib_a-fflush.o)
                                0x118 (size before relaxing)
                0x800065c4                _fflush_r
 .text.__sfp_lock_acquire
                0x800066d0        0x2 c:/program files (x86)/atmel/atmel toolchain/avr32 gcc/native/3.4.1057/avr32-gnu-toolchain/bin/../lib/gcc/avr32/4.4.7/../../../../avr32/lib/ucr2\libc.a(lib_a-findfp.o)
                0x800066d0                __sfp_lock_acquire
 .text.__sfp_lock_release
                0x800066d2        0x2 c:/program files (x86)/atmel/atmel toolchain/avr32 gcc/native/3.4.1057/avr32-gnu-toolchain/bin/../lib/gcc/avr32/4.4.7/../../../../avr32/lib/ucr2\libc.a(lib_a-findfp.o)
                0x800066d2                __sfp_lock_release
 .text._cleanup_r
                0x800066d4        0xc c:/program files (x86)/atmel/atmel toolchain/avr32 gcc/native/3.4.1057/avr32-gnu-toolchain/bin/../lib/gcc/avr32/4.4.7/../../../../avr32/lib/ucr2\libc.a(lib_a-findfp.o)
                                 0x14 (size before relaxing)
                0x800066d4                _cleanup_r
 .text.__sfmoreglue
                0x800066e0       0x28 c:/program files (x86)/atmel/atmel toolchain/avr32 gcc/native/3.4.1057/avr32-gnu-toolchain/bin/../lib/gcc/avr32/4.4.7/../../../../avr32/lib/ucr2\libc.a(lib_a-findfp.o)
                                 0x30 (size before relaxing)
                0x800066e0                __sfmoreglue
 .text.__sfp    0x80006708       0x6c c:/program files (x86)/atmel/atmel toolchain/avr32 gcc/native/3.4.1057/avr32-gnu-toolchain/bin/../lib/gcc/avr32/4.4.7/../../../../avr32/lib/ucr2\libc.a(lib_a-findfp.o)
                                 0x7c (size before relaxing)
                0x80006708                __sfp
 .text.__sinit  0x80006774       0x9c c:/program files (x86)/atmel/atmel toolchain/avr32 gcc/native/3.4.1057/avr32-gnu-toolchain/bin/../lib/gcc/avr32/4.4.7/../../../../avr32/lib/ucr2\libc.a(lib_a-findfp.o)
                                 0xb0 (size before relaxing)
                0x80006774                __sinit
 .text._malloc_trim_r
                0x80006810       0x98 c:/program files (x86)/atmel/atmel toolchain/avr32 gcc/native/3.4.1057/avr32-gnu-toolchain/bin/../lib/gcc/avr32/4.4.7/../../../../avr32/lib/ucr2\libc.a(lib_a-freer.o)
                                 0xa8 (size before relaxing)
                0x80006810                _malloc_trim_r
 .text._free_r  0x800068a8      0x18c c:/program files (x86)/atmel/atmel toolchain/avr32 gcc/native/3.4.1057/avr32-gnu-toolchain/bin/../lib/gcc/avr32/4.4.7/../../../../avr32/lib/ucr2\libc.a(lib_a-freer.o)
                                0x1a0 (size before relaxing)
                0x800068a8                _free_r
 .text.__sfvwrite_r
                0x80006a34      0x2a0 c:/program files (x86)/atmel/atmel toolchain/avr32 gcc/native/3.4.1057/avr32-gnu-toolchain/bin/../lib/gcc/avr32/4.4.7/../../../../avr32/lib/ucr2\libc.a(lib_a-fvwrite.o)
                                0x2c4 (size before relaxing)
                0x80006a34                __sfvwrite_r
 .text._fwalk   0x80006cd4       0x4c c:/program files (x86)/atmel/atmel toolchain/avr32 gcc/native/3.4.1057/avr32-gnu-toolchain/bin/../lib/gcc/avr32/4.4.7/../../../../avr32/lib/ucr2\libc.a(lib_a-fwalk.o)
                                 0x54 (size before relaxing)
                0x80006cd4                _fwalk
 .text._localeconv_r
                0x80006d20        0x8 c:/program files (x86)/atmel/atmel toolchain/avr32 gcc/native/3.4.1057/avr32-gnu-toolchain/bin/../lib/gcc/avr32/4.4.7/../../../../avr32/lib/ucr2\libc.a(lib_a-locale.o)
                0x80006d20                _localeconv_r
 .text.__smakebuf_r
                0x80006d28       0xbc c:/program files (x86)/atmel/atmel toolchain/avr32 gcc/native/3.4.1057/avr32-gnu-toolchain/bin/../lib/gcc/avr32/4.4.7/../../../../avr32/lib/ucr2\libc.a(lib_a-makebuf.o)
                                 0xcc (size before relaxing)
                0x80006d28                __smakebuf_r
 .text.malloc   0x80006de4       0x10 c:/program files (x86)/atmel/atmel toolchain/avr32 gcc/native/3.4.1057/avr32-gnu-toolchain/bin/../lib/gcc/avr32/4.4.7/../../../../avr32/lib/ucr2\libc.a(lib_a-malloc.o)
                                 0x18 (size before relaxing)
                0x80006de4                malloc
 .text._malloc_r
                0x80006df4      0x430 c:/program files (x86)/atmel/atmel toolchain/avr32 gcc/native/3.4.1057/avr32-gnu-toolchain/bin/../lib/gcc/avr32/4.4.7/../../../../avr32/lib/ucr2\libc.a(lib_a-mallocr.o)
                                0x450 (size before relaxing)
                0x80006df4                _malloc_r
 .text.memchr   0x80007224       0x16 c:/program files (x86)/atmel/atmel toolchain/avr32 gcc/native/3.4.1057/avr32-gnu-toolchain/bin/../lib/gcc/avr32/4.4.7/../../../../avr32/lib/ucr2\libc.a(lib_a-memchr.o)
                0x80007224                memchr
 .text.memmove  0x8000723a       0x3e c:/program files (x86)/atmel/atmel toolchain/avr32 gcc/native/3.4.1057/avr32-gnu-toolchain/bin/../lib/gcc/avr32/4.4.7/../../../../avr32/lib/ucr2\libc.a(lib_a-memmove.o)
                0x8000723a                memmove
 .text.memset   0x80007278        0xe c:/program files (x86)/atmel/atmel toolchain/avr32 gcc/native/3.4.1057/avr32-gnu-toolchain/bin/../lib/gcc/avr32/4.4.7/../../../../avr32/lib/ucr2\libc.a(lib_a-memset.o)
                0x80007278                memset
 .text.__malloc_lock
                0x80007286        0x2 c:/program files (x86)/atmel/atmel toolchain/avr32 gcc/native/3.4.1057/avr32-gnu-toolchain/bin/../lib/gcc/avr32/4.4.7/../../../../avr32/lib/ucr2\libc.a(lib_a-mlock.o)
                0x80007286                __malloc_lock
 .text.__malloc_unlock
                0x80007288        0x2 c:/program files (x86)/atmel/atmel toolchain/avr32 gcc/native/3.4.1057/avr32-gnu-toolchain/bin/../lib/gcc/avr32/4.4.7/../../../../avr32/lib/ucr2\libc.a(lib_a-mlock.o)
                0x80007288                __malloc_unlock
 .text.__hi0bits
                0x8000728a       0x60 c:/program files (x86)/atmel/atmel toolchain/avr32 gcc/native/3.4.1057/avr32-gnu-toolchain/bin/../lib/gcc/avr32/4.4.7/../../../../avr32/lib/ucr2\libc.a(lib_a-mprec.o)
                0x8000728a                __hi0bits
 .text.__lo0bits
                0x800072ea       0x8e c:/program files (x86)/atmel/atmel toolchain/avr32 gcc/native/3.4.1057/avr32-gnu-toolchain/bin/../lib/gcc/avr32/4.4.7/../../../../avr32/lib/ucr2\libc.a(lib_a-mprec.o)
                0x800072ea                __lo0bits
 .text.__mcmp   0x80007378       0x32 c:/program files (x86)/atmel/atmel toolchain/avr32 gcc/native/3.4.1057/avr32-gnu-toolchain/bin/../lib/gcc/avr32/4.4.7/../../../../avr32/lib/ucr2\libc.a(lib_a-mprec.o)
                0x80007378                __mcmp
 *fill*         0x800073aa        0x2 d703d703
 .text._Bfree   0x800073ac       0x34 c:/program files (x86)/atmel/atmel toolchain/avr32 gcc/native/3.4.1057/avr32-gnu-toolchain/bin/../lib/gcc/avr32/4.4.7/../../../../avr32/lib/ucr2\libc.a(lib_a-mprec.o)
                                 0x38 (size before relaxing)
                0x800073ac                _Bfree
 .text._Balloc  0x800073e0       0x70 c:/program files (x86)/atmel/atmel toolchain/avr32 gcc/native/3.4.1057/avr32-gnu-toolchain/bin/../lib/gcc/avr32/4.4.7/../../../../avr32/lib/ucr2\libc.a(lib_a-mprec.o)
                                 0x78 (size before relaxing)
                0x800073e0                _Balloc
 .text.__d2b    0x80007450       0xa0 c:/program files (x86)/atmel/atmel toolchain/avr32 gcc/native/3.4.1057/avr32-gnu-toolchain/bin/../lib/gcc/avr32/4.4.7/../../../../avr32/lib/ucr2\libc.a(lib_a-mprec.o)
                                 0xb4 (size before relaxing)
                0x80007450                __d2b
 .text.__mdiff  0x800074f0       0xd0 c:/program files (x86)/atmel/atmel toolchain/avr32 gcc/native/3.4.1057/avr32-gnu-toolchain/bin/../lib/gcc/avr32/4.4.7/../../../../avr32/lib/ucr2\libc.a(lib_a-mprec.o)
                                 0xd8 (size before relaxing)
                0x800074f0                __mdiff
 .text.__lshift
                0x800075c0       0x88 c:/program files (x86)/atmel/atmel toolchain/avr32 gcc/native/3.4.1057/avr32-gnu-toolchain/bin/../lib/gcc/avr32/4.4.7/../../../../avr32/lib/ucr2\libc.a(lib_a-mprec.o)
                                 0x94 (size before relaxing)
                0x800075c0                __lshift
 .text.__multiply
                0x80007648      0x100 c:/program files (x86)/atmel/atmel toolchain/avr32 gcc/native/3.4.1057/avr32-gnu-toolchain/bin/../lib/gcc/avr32/4.4.7/../../../../avr32/lib/ucr2\libc.a(lib_a-mprec.o)
                                0x108 (size before relaxing)
                0x80007648                __multiply
 .text.__i2b    0x80007748       0x10 c:/program files (x86)/atmel/atmel toolchain/avr32 gcc/native/3.4.1057/avr32-gnu-toolchain/bin/../lib/gcc/avr32/4.4.7/../../../../avr32/lib/ucr2\libc.a(lib_a-mprec.o)
                                 0x18 (size before relaxing)
                0x80007748                __i2b
 .text.__multadd
                0x80007758       0x7c c:/program files (x86)/atmel/atmel toolchain/avr32 gcc/native/3.4.1057/avr32-gnu-toolchain/bin/../lib/gcc/avr32/4.4.7/../../../../avr32/lib/ucr2\libc.a(lib_a-mprec.o)
                                 0x88 (size before relaxing)
                0x80007758                __multadd
 .text.__pow5mult
                0x800077d4       0x8c c:/program files (x86)/atmel/atmel toolchain/avr32 gcc/native/3.4.1057/avr32-gnu-toolchain/bin/../lib/gcc/avr32/4.4.7/../../../../avr32/lib/ucr2\libc.a(lib_a-mprec.o)
                                 0xac (size before relaxing)
                0x800077d4                __pow5mult
 .text._realloc_r
                0x80007860      0x2c0 c:/program files (x86)/atmel/atmel toolchain/avr32 gcc/native/3.4.1057/avr32-gnu-toolchain/bin/../lib/gcc/avr32/4.4.7/../../../../avr32/lib/ucr2\libc.a(lib_a-reallocr.o)
                                0x2e0 (size before relaxing)
                0x80007860                _realloc_r
 .text.__isinfd
                0x80007b20       0x2a c:/program files (x86)/atmel/atmel toolchain/avr32 gcc/native/3.4.1057/avr32-gnu-toolchain/bin/../lib/gcc/avr32/4.4.7/../../../../avr32/lib/ucr2\libc.a(lib_a-s_isinfd.o)
                0x80007b20                __isinfd
 .text.__isnand
                0x80007b4a       0x1c c:/program files (x86)/atmel/atmel toolchain/avr32 gcc/native/3.4.1057/avr32-gnu-toolchain/bin/../lib/gcc/avr32/4.4.7/../../../../avr32/lib/ucr2\libc.a(lib_a-s_isnand.o)
                0x80007b4a                __isnand
 *fill*         0x80007b66        0x2 d703d703
 .text._sbrk_r  0x80007b68       0x20 c:/program files (x86)/atmel/atmel toolchain/avr32 gcc/native/3.4.1057/avr32-gnu-toolchain/bin/../lib/gcc/avr32/4.4.7/../../../../avr32/lib/ucr2\libc.a(lib_a-sbrkr.o)
                                 0x28 (size before relaxing)
                0x80007b68                _sbrk_r
 .text.__sclose
                0x80007b88        0x8 c:/program files (x86)/atmel/atmel toolchain/avr32 gcc/native/3.4.1057/avr32-gnu-toolchain/bin/../lib/gcc/avr32/4.4.7/../../../../avr32/lib/ucr2\libc.a(lib_a-stdio.o)
                                 0x10 (size before relaxing)
                0x80007b88                __sclose
 .text.__sseek  0x80007b90       0x20 c:/program files (x86)/atmel/atmel toolchain/avr32 gcc/native/3.4.1057/avr32-gnu-toolchain/bin/../lib/gcc/avr32/4.4.7/../../../../avr32/lib/ucr2\libc.a(lib_a-stdio.o)
                                 0x28 (size before relaxing)
                0x80007b90                __sseek
 .text.__swrite
                0x80007bb0       0x2c c:/program files (x86)/atmel/atmel toolchain/avr32 gcc/native/3.4.1057/avr32-gnu-toolchain/bin/../lib/gcc/avr32/4.4.7/../../../../avr32/lib/ucr2\libc.a(lib_a-stdio.o)
                                 0x38 (size before relaxing)
                0x80007bb0                __swrite
 .text.__sread  0x80007bdc       0x1c c:/program files (x86)/atmel/atmel toolchain/avr32 gcc/native/3.4.1057/avr32-gnu-toolchain/bin/../lib/gcc/avr32/4.4.7/../../../../avr32/lib/ucr2\libc.a(lib_a-stdio.o)
                                 0x24 (size before relaxing)
                0x80007bdc                __sread
 .text.strlen   0x80007bf8       0x16 c:/program files (x86)/atmel/atmel toolchain/avr32 gcc/native/3.4.1057/avr32-gnu-toolchain/bin/../lib/gcc/avr32/4.4.7/../../../../avr32/lib/ucr2\libc.a(lib_a-strlen.o)
                0x80007bf8                strlen
 *fill*         0x80007c0e        0x2 d703d703
 .text._close   0x80007c10       0x14 c:/program files (x86)/atmel/atmel toolchain/avr32 gcc/native/3.4.1057/avr32-gnu-toolchain/bin/../lib/gcc/avr32/4.4.7/../../../../avr32/lib/ucr2\libc.a(lib_a-syscalls.o)
                                 0x18 (size before relaxing)
                0x80007c10                _close
 .text._lseek   0x80007c24       0x14 c:/program files (x86)/atmel/atmel toolchain/avr32 gcc/native/3.4.1057/avr32-gnu-toolchain/bin/../lib/gcc/avr32/4.4.7/../../../../avr32/lib/ucr2\libc.a(lib_a-syscalls.o)
                                 0x18 (size before relaxing)
                0x80007c24                _lseek
 .text._read    0x80007c38       0x14 c:/program files (x86)/atmel/atmel toolchain/avr32 gcc/native/3.4.1057/avr32-gnu-toolchain/bin/../lib/gcc/avr32/4.4.7/../../../../avr32/lib/ucr2\libc.a(lib_a-syscalls.o)
                                 0x18 (size before relaxing)
                0x80007c38                _read
 .text._write   0x80007c4c       0x14 c:/program files (x86)/atmel/atmel toolchain/avr32 gcc/native/3.4.1057/avr32-gnu-toolchain/bin/../lib/gcc/avr32/4.4.7/../../../../avr32/lib/ucr2\libc.a(lib_a-syscalls.o)
                                 0x18 (size before relaxing)
                0x80007c4c                _write
 .text.isatty   0x80007c60       0x14 c:/program files (x86)/atmel/atmel toolchain/avr32 gcc/native/3.4.1057/avr32-gnu-toolchain/bin/../lib/gcc/avr32/4.4.7/../../../../avr32/lib/ucr2\libc.a(lib_a-syscalls.o)
                                 0x18 (size before relaxing)
                0x80007c60                isatty
 .text._fstat_host
                0x80007c74       0x14 c:/program files (x86)/atmel/atmel toolchain/avr32 gcc/native/3.4.1057/avr32-gnu-toolchain/bin/../lib/gcc/avr32/4.4.7/../../../../avr32/lib/ucr2\libc.a(lib_a-syscalls.o)
                                 0x18 (size before relaxing)
                0x80007c74                _fstat_host
 .text._fstat   0x80007c88       0x4c c:/program files (x86)/atmel/atmel toolchain/avr32 gcc/native/3.4.1057/avr32-gnu-toolchain/bin/../lib/gcc/avr32/4.4.7/../../../../avr32/lib/ucr2\libc.a(lib_a-syscalls.o)
                                 0x50 (size before relaxing)
                0x80007c88                _fstat
 .text._sbrk    0x80007cd4       0x38 c:/program files (x86)/atmel/atmel toolchain/avr32 gcc/native/3.4.1057/avr32-gnu-toolchain/bin/../lib/gcc/avr32/4.4.7/../../../../avr32/lib/ucr2\libc.a(lib_a-syscalls.o)
                                 0x40 (size before relaxing)
                0x80007cd4                _sbrk
 .text._write_r
                0x80007d0c       0x24 c:/program files (x86)/atmel/atmel toolchain/avr32 gcc/native/3.4.1057/avr32-gnu-toolchain/bin/../lib/gcc/avr32/4.4.7/../../../../avr32/lib/ucr2\libc.a(lib_a-writer.o)
                                 0x2c (size before relaxing)
                0x80007d0c                _write_r
 .text._calloc_r
                0x80007d30       0x58 c:/program files (x86)/atmel/atmel toolchain/avr32 gcc/native/3.4.1057/avr32-gnu-toolchain/bin/../lib/gcc/avr32/4.4.7/../../../../avr32/lib/ucr2\libc.a(lib_a-callocr.o)
                                 0x60 (size before relaxing)
                0x80007d30                _calloc_r
 .text._close_r
                0x80007d88       0x20 c:/program files (x86)/atmel/atmel toolchain/avr32 gcc/native/3.4.1057/avr32-gnu-toolchain/bin/../lib/gcc/avr32/4.4.7/../../../../avr32/lib/ucr2\libc.a(lib_a-closer.o)
                                 0x28 (size before relaxing)
                0x80007d88                _close_r
 .text.__errno  0x80007da8        0xc c:/program files (x86)/atmel/atmel toolchain/avr32 gcc/native/3.4.1057/avr32-gnu-toolchain/bin/../lib/gcc/avr32/4.4.7/../../../../avr32/lib/ucr2\libc.a(lib_a-errno.o)
                0x80007da8                __errno
 .text._fclose_r
                0x80007db4       0xb8 c:/program files (x86)/atmel/atmel toolchain/avr32 gcc/native/3.4.1057/avr32-gnu-toolchain/bin/../lib/gcc/avr32/4.4.7/../../../../avr32/lib/ucr2\libc.a(lib_a-fclose.o)
                                 0xd0 (size before relaxing)
                0x80007db4                _fclose_r
 .text.fclose   0x80007e6c       0x10 c:/program files (x86)/atmel/atmel toolchain/avr32 gcc/native/3.4.1057/avr32-gnu-toolchain/bin/../lib/gcc/avr32/4.4.7/../../../../avr32/lib/ucr2\libc.a(lib_a-fclose.o)
                                 0x18 (size before relaxing)
                0x80007e6c                fclose
 .text._fstat_r
                0x80007e7c       0x24 c:/program files (x86)/atmel/atmel toolchain/avr32 gcc/native/3.4.1057/avr32-gnu-toolchain/bin/../lib/gcc/avr32/4.4.7/../../../../avr32/lib/ucr2\libc.a(lib_a-fstatr.o)
                                 0x2c (size before relaxing)
                0x80007e7c                _fstat_r
 .text._lseek_r
                0x80007ea0       0x24 c:/program files (x86)/atmel/atmel toolchain/avr32 gcc/native/3.4.1057/avr32-gnu-toolchain/bin/../lib/gcc/avr32/4.4.7/../../../../avr32/lib/ucr2\libc.a(lib_a-lseekr.o)
                                 0x2c (size before relaxing)
                0x80007ea0                _lseek_r
 .text._read_r  0x80007ec4       0x24 c:/program files (x86)/atmel/atmel toolchain/avr32 gcc/native/3.4.1057/avr32-gnu-toolchain/bin/../lib/gcc/avr32/4.4.7/../../../../avr32/lib/ucr2\libc.a(lib_a-readr.o)
                                 0x2c (size before relaxing)
                0x80007ec4                _read_r
 .text          0x80007ee8      0x1d4 c:/program files (x86)/atmel/atmel toolchain/avr32 gcc/native/3.4.1057/avr32-gnu-toolchain/bin/../lib/gcc/avr32/4.4.7/ucr2\libgcc.a(_avr32_f64_mul.o)
                0x80007ee8                __avr32_f64_mul
 .text          0x800080bc      0x2b0 c:/program files (x86)/atmel/atmel toolchain/avr32 gcc/native/3.4.1057/avr32-gnu-toolchain/bin/../lib/gcc/avr32/4.4.7/ucr2\libgcc.a(_avr32_f64_addsub.o)
                0x800080c0                __avr32_f64_sub
                0x8000825c                __avr32_f64_add
 .text          0x8000836c       0x2a c:/program files (x86)/atmel/atmel toolchain/avr32 gcc/native/3.4.1057/avr32-gnu-toolchain/bin/../lib/gcc/avr32/4.4.7/ucr2\libgcc.a(_avr32_f64_to_s32.o)
                0x8000836c                __avr32_f64_to_u32
                0x80008370                __avr32_f64_to_s32
 .text          0x80008396       0xe8 c:/program files (x86)/atmel/atmel toolchain/avr32 gcc/native/3.4.1057/avr32-gnu-toolchain/bin/../lib/gcc/avr32/4.4.7/ucr2\libgcc.a(_avr32_s32_to_f64.o)
                0x80008396                __avr32_u32_to_f64
                0x8000839e                __avr32_s32_to_f64
 .text          0x8000847e       0x26 c:/program files (x86)/atmel/atmel toolchain/avr32 gcc/native/3.4.1057/avr32-gnu-toolchain/bin/../lib/gcc/avr32/4.4.7/ucr2\libgcc.a(_avr32_f64_cmp_eq.o)
                0x8000847e                __avr32_f64_cmp_eq
 .text          0x800084a4       0x68 c:/program files (x86)/atmel/atmel toolchain/avr32 gcc/native/3.4.1057/avr32-gnu-toolchain/bin/../lib/gcc/avr32/4.4.7/ucr2\libgcc.a(_avr32_f64_cmp_ge.o)
                0x800084a4                __avr32_f64_cmp_ge
 .text          0x8000850c       0x68 c:/program files (x86)/atmel/atmel toolchain/avr32 gcc/native/3.4.1057/avr32-gnu-toolchain/bin/../lib/gcc/avr32/4.4.7/ucr2\libgcc.a(_avr32_f64_cmp_lt.o)
                0x8000850c                __avr32_f64_cmp_lt
 .text          0x80008574      0x318 c:/program files (x86)/atmel/atmel toolchain/avr32 gcc/native/3.4.1057/avr32-gnu-toolchain/bin/../lib/gcc/avr32/4.4.7/ucr2\libgcc.a(_avr32_f64_div.o)
                0x80008574                __avr32_f64_div
 .text          0x8000888c      0x264 c:/program files (x86)/atmel/atmel toolchain/avr32 gcc/native/3.4.1057/avr32-gnu-toolchain/bin/../lib/gcc/avr32/4.4.7/ucr2\libgcc.a(_udivdi3.o)
                0x8000888c                __avr32_udiv64
                0x8000888c                __udivdi3
 .text          0x80008af0      0x20c c:/program files (x86)/atmel/atmel toolchain/avr32 gcc/native/3.4.1057/avr32-gnu-toolchain/bin/../lib/gcc/avr32/4.4.7/ucr2\libgcc.a(_umoddi3.o)
                0x80008af0                __avr32_umod64
                0x80008af0                __umoddi3
 *(.text.*personality*)
 *(.gnu.warning)

.exception      0x80008e00      0x200
 .exception     0x80008e00      0x200 src/ASF/avr32/drivers/intc/exception.o
                0x80008e00                _evba
                0x80008f04                _int0
                0x80008f12                _int1
                0x80008f20                _int2
                0x80008f2e                _int3

.fini
 *(.fini)
                0x80009000                PROVIDE (__etext, .)
                0x80009000                PROVIDE (_etext, .)
                0x80009000                PROVIDE (etext, .)

.rodata         0x80009000      0x744
 *(.rodata .rodata.* .gnu.linkonce.r.*)
 .rodata.str1.4
                0x80009000       0x10 src/main.o
 .rodata.LED_DESCRIPTOR
                0x80009010       0x80 src/ASF/avr32/boards/evk1100/led.o
 .rodata._int_handler_table
                0x80009090       0xa0 src/ASF/avr32/drivers/intc/intc.o
 .rodata.SPARE_SPI_GPIO_MAP.11468
                0x80009130       0x20 src/can/can.o
 .rodata.C.60.11470
                0x80009150       0x10 src/can/can.o
 .rodata.C.70.11855
                0x80009160       0x10 src/can/can.o
 .rodata.DIP204_SPI_GPIO_MAP.11853
                0x80009170       0x20 src/can/can.o
 .rodata.str1.4
                0x80009190       0x2a src/can/can.o
                                 0x2c (size before relaxing)
 *fill*         0x800091ba        0x2 
 .rodata.str1.4
                0x800091bc        0x2 c:/program files (x86)/atmel/atmel toolchain/avr32 gcc/native/3.4.1057/avr32-gnu-toolchain/bin/../lib/gcc/avr32/4.4.7/../../../../avr32/lib/ucr2\libc.a(lib_a-impure.o)
                                  0x4 (size before relaxing)
 *fill*         0x800091be        0x2 
 .rodata._global_impure_ptr
                0x800091c0        0x4 c:/program files (x86)/atmel/atmel toolchain/avr32 gcc/native/3.4.1057/avr32-gnu-toolchain/bin/../lib/gcc/avr32/4.4.7/../../../../avr32/lib/ucr2\libc.a(lib_a-impure.o)
                0x800091c0                _global_impure_ptr
 .rodata.get_arg
                0x800091c4       0x3c c:/program files (x86)/atmel/atmel toolchain/avr32 gcc/native/3.4.1057/avr32-gnu-toolchain/bin/../lib/gcc/avr32/4.4.7/../../../../avr32/lib/ucr2\libc.a(lib_a-vfprintf.o)
 .rodata._vfprintf_r
                0x80009200      0x164 c:/program files (x86)/atmel/atmel toolchain/avr32 gcc/native/3.4.1057/avr32-gnu-toolchain/bin/../lib/gcc/avr32/4.4.7/../../../../avr32/lib/ucr2\libc.a(lib_a-vfprintf.o)
 .rodata.state_table
                0x80009364       0x6c c:/program files (x86)/atmel/atmel toolchain/avr32 gcc/native/3.4.1057/avr32-gnu-toolchain/bin/../lib/gcc/avr32/4.4.7/../../../../avr32/lib/ucr2\libc.a(lib_a-vfprintf.o)
 .rodata.action_table
                0x800093d0       0x6c c:/program files (x86)/atmel/atmel toolchain/avr32 gcc/native/3.4.1057/avr32-gnu-toolchain/bin/../lib/gcc/avr32/4.4.7/../../../../avr32/lib/ucr2\libc.a(lib_a-vfprintf.o)
 .rodata.str1.4
                0x8000943c       0x3a c:/program files (x86)/atmel/atmel toolchain/avr32 gcc/native/3.4.1057/avr32-gnu-toolchain/bin/../lib/gcc/avr32/4.4.7/../../../../avr32/lib/ucr2\libc.a(lib_a-vfprintf.o)
                                 0x3c (size before relaxing)
 *fill*         0x80009476        0x2 
 .rodata.blanks.3430
                0x80009478       0x10 c:/program files (x86)/atmel/atmel toolchain/avr32 gcc/native/3.4.1057/avr32-gnu-toolchain/bin/../lib/gcc/avr32/4.4.7/../../../../avr32/lib/ucr2\libc.a(lib_a-vfprintf.o)
 .rodata.zeroes.3431
                0x80009488       0x10 c:/program files (x86)/atmel/atmel toolchain/avr32 gcc/native/3.4.1057/avr32-gnu-toolchain/bin/../lib/gcc/avr32/4.4.7/../../../../avr32/lib/ucr2\libc.a(lib_a-vfprintf.o)
 .rodata.chclass
                0x80009498      0x100 c:/program files (x86)/atmel/atmel toolchain/avr32 gcc/native/3.4.1057/avr32-gnu-toolchain/bin/../lib/gcc/avr32/4.4.7/../../../../avr32/lib/ucr2\libc.a(lib_a-vfprintf.o)
 .rodata.str1.4
                0x80009598       0x10 c:/program files (x86)/atmel/atmel toolchain/avr32 gcc/native/3.4.1057/avr32-gnu-toolchain/bin/../lib/gcc/avr32/4.4.7/../../../../avr32/lib/ucr2\libc.a(lib_a-dtoa.o)
                                 0x14 (size before relaxing)
 .rodata.__sf_fake_stdin
                0x800095a8       0x20 c:/program files (x86)/atmel/atmel toolchain/avr32 gcc/native/3.4.1057/avr32-gnu-toolchain/bin/../lib/gcc/avr32/4.4.7/../../../../avr32/lib/ucr2\libc.a(lib_a-findfp.o)
                0x800095a8                __sf_fake_stdin
 .rodata.__sf_fake_stdout
                0x800095c8       0x20 c:/program files (x86)/atmel/atmel toolchain/avr32 gcc/native/3.4.1057/avr32-gnu-toolchain/bin/../lib/gcc/avr32/4.4.7/../../../../avr32/lib/ucr2\libc.a(lib_a-findfp.o)
                0x800095c8                __sf_fake_stdout
 .rodata.__sf_fake_stderr
                0x800095e8       0x20 c:/program files (x86)/atmel/atmel toolchain/avr32 gcc/native/3.4.1057/avr32-gnu-toolchain/bin/../lib/gcc/avr32/4.4.7/../../../../avr32/lib/ucr2\libc.a(lib_a-findfp.o)
                0x800095e8                __sf_fake_stderr
 .rodata.lconv  0x80009608       0x30 c:/program files (x86)/atmel/atmel toolchain/avr32 gcc/native/3.4.1057/avr32-gnu-toolchain/bin/../lib/gcc/avr32/4.4.7/../../../../avr32/lib/ucr2\libc.a(lib_a-locale.o)
 .rodata.str1.4
                0x80009638       0x10 c:/program files (x86)/atmel/atmel toolchain/avr32 gcc/native/3.4.1057/avr32-gnu-toolchain/bin/../lib/gcc/avr32/4.4.7/../../../../avr32/lib/ucr2\libc.a(lib_a-locale.o)
                                 0x18 (size before relaxing)
 .rodata.p05.2471
                0x80009648        0xc c:/program files (x86)/atmel/atmel toolchain/avr32 gcc/native/3.4.1057/avr32-gnu-toolchain/bin/../lib/gcc/avr32/4.4.7/../../../../avr32/lib/ucr2\libc.a(lib_a-mprec.o)
 .rodata.__mprec_tens
                0x80009654       0xc8 c:/program files (x86)/atmel/atmel toolchain/avr32 gcc/native/3.4.1057/avr32-gnu-toolchain/bin/../lib/gcc/avr32/4.4.7/../../../../avr32/lib/ucr2\libc.a(lib_a-mprec.o)
                0x80009654                __mprec_tens
 .rodata.__mprec_bigtens
                0x8000971c       0x28 c:/program files (x86)/atmel/atmel toolchain/avr32 gcc/native/3.4.1057/avr32-gnu-toolchain/bin/../lib/gcc/avr32/4.4.7/../../../../avr32/lib/ucr2\libc.a(lib_a-mprec.o)
                0x8000971c                __mprec_bigtens

.rodata1
 *(.rodata1)

.eh_frame_hdr
 *(.eh_frame_hdr)

.eh_frame
 *(.eh_frame)

.gcc_except_table
 *(.gcc_except_table)
 *(.gcc_except_table.*)

.lalign         0x80009744        0x4
                0x80009748                . = ALIGN (0x8)
 *fill*         0x80009744        0x4 
                0x80009748                PROVIDE (_data_lma, .)
                0x00000004                . = ORIGIN (INTRAM)

.dalign         0x00000004        0x4
                0x00000008                . = ALIGN (0x8)
 *fill*         0x00000004        0x4 
                0x00000008                PROVIDE (_data, .)

.eh_frame
 *(.eh_frame)

.gcc_except_table
 *(.gcc_except_table)
 *(.gcc_except_table.*)

.tdata
 *(.tdata .tdata.* .gnu.linkonce.td.*)

.tbss
 *(.tbss .tbss.* .gnu.linkonce.tb.*)
 *(.tcommon)
                0x00000008                PROVIDE (__preinit_array_start, ALIGN (0x4))

.preinit_array
 *(.preinit_array)
                0x00000008                PROVIDE (__preinit_array_end, .)
                0x00000008                PROVIDE (__init_array_start, .)

.init_array
 *(.init_array)
                0x00000008                PROVIDE (__init_array_end, .)
                0x00000008                PROVIDE (__fini_array_start, .)

.fini_array
 *(.fini_array)
                0x00000008                PROVIDE (__fini_array_end, .)

.ctors
 *crtbegin*.o(.ctors)
 *(EXCLUDE_FILE(*crtend*.o) .ctors)
 *(SORT(.ctors.*))
 *(.ctors)

.dtors
 *crtbegin*.o(.dtors)
 *(EXCLUDE_FILE(*crtend*.o) .dtors)
 *(SORT(.dtors.*))
 *(.dtors)

.jcr
 *(.jcr)

.data.rel.ro
 *(.data.rel.ro.local)
 *(.data.rel.ro*)

.dynamic
 *(.dynamic)

.got
 *(.got.plt)
 *(.got)

.ramtext
 *(.ramtext .ramtext.*)

.ddalign        0x00000008        0x0 load address 0x80009748
                0x00000008                . = ALIGN (0x8)

.data           0x00000008      0x50c load address 0x80009748
 *(.data .data.* .gnu.linkonce.d.*)
 .data.LED_State
                0x00000008        0x4 src/ASF/avr32/boards/evk1100/led.o
 .data.channel_id
                0x0000000c        0x4 src/ASF/avr32/components/display/dip204/dip204.o
 .data.impure_data
                0x00000010       0xf0 c:/program files (x86)/atmel/atmel toolchain/avr32 gcc/native/3.4.1057/avr32-gnu-toolchain/bin/../lib/gcc/avr32/4.4.7/../../../../avr32/lib/ucr2\libc.a(lib_a-impure.o)
 .data._impure_ptr
                0x00000100        0x4 c:/program files (x86)/atmel/atmel toolchain/avr32 gcc/native/3.4.1057/avr32-gnu-toolchain/bin/../lib/gcc/avr32/4.4.7/../../../../avr32/lib/ucr2\libc.a(lib_a-impure.o)
                0x00000100                _impure_ptr
 .data.__malloc_av_
                0x00000104      0x408 c:/program files (x86)/atmel/atmel toolchain/avr32 gcc/native/3.4.1057/avr32-gnu-toolchain/bin/../lib/gcc/avr32/4.4.7/../../../../avr32/lib/ucr2\libc.a(lib_a-mallocr.o)
                0x00000104                __malloc_av_
 .data.__malloc_trim_threshold
                0x0000050c        0x4 c:/program files (x86)/atmel/atmel toolchain/avr32 gcc/native/3.4.1057/avr32-gnu-toolchain/bin/../lib/gcc/avr32/4.4.7/../../../../avr32/lib/ucr2\libc.a(lib_a-mallocr.o)
                0x0000050c                __malloc_trim_threshold
 .data.__malloc_sbrk_base
                0x00000510        0x4 c:/program files (x86)/atmel/atmel toolchain/avr32 gcc/native/3.4.1057/avr32-gnu-toolchain/bin/../lib/gcc/avr32/4.4.7/../../../../avr32/lib/ucr2\libc.a(lib_a-mallocr.o)
                0x00000510                __malloc_sbrk_base
 *(.gnu.linkonce.d.*personality*)

.data1
 *(.data1)

.balign         0x00000514        0x4 load address 0x80009c54
                0x00000518                . = ALIGN (0x8)
 *fill*         0x00000514        0x4 
                0x00000518                PROVIDE (_edata, .)
                0x00000518                PROVIDE (edata, .)
                0x00000518                __bss_start = .

.bss            0x00000518      0x160
 *(.dynbss)
 *(.bss .bss.* .gnu.linkonce.b.*)
 .bss.pwm_channel
                0x00000518       0x20 src/ASF/avr32/components/display/dip204/dip204.o
 .bss.pwm_duty  0x00000538        0x2 src/ASF/avr32/components/display/dip204/dip204.o
 *fill*         0x0000053a        0x2 
 .bss._int_line_handler_table_6
                0x0000053c        0x4 src/ASF/avr32/drivers/intc/intc.o
 .bss._int_line_handler_table_7
                0x00000540        0x4 src/ASF/avr32/drivers/intc/intc.o
 .bss._int_line_handler_table_8
                0x00000544        0x4 src/ASF/avr32/drivers/intc/intc.o
 .bss._int_line_handler_table_9
                0x00000548        0x4 src/ASF/avr32/drivers/intc/intc.o
 .bss._int_line_handler_table_10
                0x0000054c        0x4 src/ASF/avr32/drivers/intc/intc.o
 .bss._int_line_handler_table_11
                0x00000550        0x4 src/ASF/avr32/drivers/intc/intc.o
 .bss._int_line_handler_table_12
                0x00000554        0x4 src/ASF/avr32/drivers/intc/intc.o
 .bss._int_line_handler_table_13
                0x00000558        0x4 src/ASF/avr32/drivers/intc/intc.o
 .bss._int_line_handler_table_14
                0x0000055c        0xc src/ASF/avr32/drivers/intc/intc.o
 .bss._int_line_handler_table_15
                0x00000568        0x4 src/ASF/avr32/drivers/intc/intc.o
 .bss._int_line_handler_table_16
                0x0000056c        0x4 src/ASF/avr32/drivers/intc/intc.o
 .bss._int_line_handler_table_17
                0x00000570        0x4 src/ASF/avr32/drivers/intc/intc.o
 .bss._int_line_handler_table_18
                0x00000574        0x4 src/ASF/avr32/drivers/intc/intc.o
 .bss._int_line_handler_table_19
                0x00000578        0x4 src/ASF/avr32/drivers/intc/intc.o
 .bss._int_line_handler_table_0
                0x0000057c        0x4 src/ASF/avr32/drivers/intc/intc.o
 .bss._int_line_handler_table_1
                0x00000580       0x2c src/ASF/avr32/drivers/intc/intc.o
 .bss._int_line_handler_table_2
                0x000005ac       0x38 src/ASF/avr32/drivers/intc/intc.o
 .bss._int_line_handler_table_3
                0x000005e4       0x3c src/ASF/avr32/drivers/intc/intc.o
 .bss._int_line_handler_table_4
                0x00000620        0x4 src/ASF/avr32/drivers/intc/intc.o
 .bss._int_line_handler_table_5
                0x00000624        0x4 src/ASF/avr32/drivers/intc/intc.o
 .bss.__malloc_max_total_mem
                0x00000628        0x4 c:/program files (x86)/atmel/atmel toolchain/avr32 gcc/native/3.4.1057/avr32-gnu-toolchain/bin/../lib/gcc/avr32/4.4.7/../../../../avr32/lib/ucr2\libc.a(lib_a-mallocr.o)
                0x00000628                __malloc_max_total_mem
 .bss.__malloc_max_sbrked_mem
                0x0000062c        0x4 c:/program files (x86)/atmel/atmel toolchain/avr32 gcc/native/3.4.1057/avr32-gnu-toolchain/bin/../lib/gcc/avr32/4.4.7/../../../../avr32/lib/ucr2\libc.a(lib_a-mallocr.o)
                0x0000062c                __malloc_max_sbrked_mem
 .bss.__malloc_top_pad
                0x00000630        0x4 c:/program files (x86)/atmel/atmel toolchain/avr32 gcc/native/3.4.1057/avr32-gnu-toolchain/bin/../lib/gcc/avr32/4.4.7/../../../../avr32/lib/ucr2\libc.a(lib_a-mallocr.o)
                0x00000630                __malloc_top_pad
 .bss.__malloc_current_mallinfo
                0x00000634       0x28 c:/program files (x86)/atmel/atmel toolchain/avr32 gcc/native/3.4.1057/avr32-gnu-toolchain/bin/../lib/gcc/avr32/4.4.7/../../../../avr32/lib/ucr2\libc.a(lib_a-mallocr.o)
                0x00000634                __malloc_current_mallinfo
 .bss.cur_heap_pos.1869
                0x0000065c        0x4 c:/program files (x86)/atmel/atmel toolchain/avr32 gcc/native/3.4.1057/avr32-gnu-toolchain/bin/../lib/gcc/avr32/4.4.7/../../../../avr32/lib/ucr2\libc.a(lib_a-syscalls.o)
 *(COMMON)
 COMMON         0x00000660       0x10 src/main.o
                0x00000660                msg
                0x00000668                mSize
                0x0000066c                Ident
 COMMON         0x00000670        0x4 c:/program files (x86)/atmel/atmel toolchain/avr32 gcc/native/3.4.1057/avr32-gnu-toolchain/bin/../lib/gcc/avr32/4.4.7/../../../../avr32/lib/ucr2\libc.a(lib_a-reent.o)
                0x00000670                errno
                0x00000678                . = ALIGN (0x8)
 *fill*         0x00000674        0x4 
                0x00000678                . = ALIGN (0x8)
                0x00000678                _end = .
                0x00000678                PROVIDE (end, .)
                0x00000678                __heap_start__ = ALIGN (0x8)

.heap           0x00000678     0xe988
 *(.heap)
                0x0000e988                . = (__heap_size__ == __max_heap_size__)?(((ORIGIN (INTRAM) + 0xfffc) - __stack_size__) - ABSOLUTE (.)):__heap_size__
 *fill*         0x00000678     0xe988 
                0x0000f000                __heap_end__ = .

.stab
 *(.stab)

.stabstr
 *(.stabstr)

.stab.excl
 *(.stab.excl)

.stab.exclstr
 *(.stab.exclstr)

.stab.index
 *(.stab.index)

.stab.indexstr
 *(.stab.indexstr)

.comment        0x00000000       0x30
 *(.comment)
 .comment       0x00000000       0x30 src/main.o
                                 0x31 (size before relaxing)
 .comment       0x00000000       0x31 src/ASF/avr32/boards/evk1100/led.o
 .comment       0x00000000       0x31 src/ASF/avr32/components/display/dip204/dip204.o
 .comment       0x00000000       0x31 src/ASF/avr32/drivers/gpio/gpio.o
 .comment       0x00000000       0x31 src/ASF/avr32/drivers/intc/intc.o
 .comment       0x00000000       0x31 src/ASF/avr32/drivers/pm/pm.o
 .comment       0x00000000       0x31 src/ASF/avr32/drivers/pwm/pwm.o
 .comment       0x00000000       0x31 src/ASF/avr32/drivers/spi/spi.o
 .comment       0x00000000       0x31 src/can/can.o
 .comment       0x00000000       0x31 c:/program files (x86)/atmel/atmel toolchain/avr32 gcc/native/3.4.1057/avr32-gnu-toolchain/bin/../lib/gcc/avr32/4.4.7/../../../../avr32/lib/ucr2\libc.a(lib_a-vsprintf.o)
 .comment       0x00000000       0x31 c:/program files (x86)/atmel/atmel toolchain/avr32 gcc/native/3.4.1057/avr32-gnu-toolchain/bin/../lib/gcc/avr32/4.4.7/../../../../avr32/lib/ucr2\libc.a(lib_a-impure.o)
 .comment       0x00000000       0x31 c:/program files (x86)/atmel/atmel toolchain/avr32 gcc/native/3.4.1057/avr32-gnu-toolchain/bin/../lib/gcc/avr32/4.4.7/../../../../avr32/lib/ucr2\libc.a(lib_a-vfprintf.o)
 .comment       0x00000000       0x31 c:/program files (x86)/atmel/atmel toolchain/avr32 gcc/native/3.4.1057/avr32-gnu-toolchain/bin/../lib/gcc/avr32/4.4.7/../../../../avr32/lib/ucr2\libc.a(lib_a-wsetup.o)
 .comment       0x00000000       0x31 c:/program files (x86)/atmel/atmel toolchain/avr32 gcc/native/3.4.1057/avr32-gnu-toolchain/bin/../lib/gcc/avr32/4.4.7/../../../../avr32/lib/ucr2\libc.a(lib_a-dtoa.o)
 .comment       0x00000000       0x31 c:/program files (x86)/atmel/atmel toolchain/avr32 gcc/native/3.4.1057/avr32-gnu-toolchain/bin/../lib/gcc/avr32/4.4.7/../../../../avr32/lib/ucr2\libc.a(lib_a-fflush.o)
 .comment       0x00000000       0x31 c:/program files (x86)/atmel/atmel toolchain/avr32 gcc/native/3.4.1057/avr32-gnu-toolchain/bin/../lib/gcc/avr32/4.4.7/../../../../avr32/lib/ucr2\libc.a(lib_a-findfp.o)
 .comment       0x00000000       0x31 c:/program files (x86)/atmel/atmel toolchain/avr32 gcc/native/3.4.1057/avr32-gnu-toolchain/bin/../lib/gcc/avr32/4.4.7/../../../../avr32/lib/ucr2\libc.a(lib_a-freer.o)
 .comment       0x00000000       0x31 c:/program files (x86)/atmel/atmel toolchain/avr32 gcc/native/3.4.1057/avr32-gnu-toolchain/bin/../lib/gcc/avr32/4.4.7/../../../../avr32/lib/ucr2\libc.a(lib_a-fvwrite.o)
 .comment       0x00000000       0x31 c:/program files (x86)/atmel/atmel toolchain/avr32 gcc/native/3.4.1057/avr32-gnu-toolchain/bin/../lib/gcc/avr32/4.4.7/../../../../avr32/lib/ucr2\libc.a(lib_a-fwalk.o)
 .comment       0x00000000       0x31 c:/program files (x86)/atmel/atmel toolchain/avr32 gcc/native/3.4.1057/avr32-gnu-toolchain/bin/../lib/gcc/avr32/4.4.7/../../../../avr32/lib/ucr2\libc.a(lib_a-locale.o)
 .comment       0x00000000       0x31 c:/program files (x86)/atmel/atmel toolchain/avr32 gcc/native/3.4.1057/avr32-gnu-toolchain/bin/../lib/gcc/avr32/4.4.7/../../../../avr32/lib/ucr2\libc.a(lib_a-makebuf.o)
 .comment       0x00000000       0x31 c:/program files (x86)/atmel/atmel toolchain/avr32 gcc/native/3.4.1057/avr32-gnu-toolchain/bin/../lib/gcc/avr32/4.4.7/../../../../avr32/lib/ucr2\libc.a(lib_a-malloc.o)
 .comment       0x00000000       0x31 c:/program files (x86)/atmel/atmel toolchain/avr32 gcc/native/3.4.1057/avr32-gnu-toolchain/bin/../lib/gcc/avr32/4.4.7/../../../../avr32/lib/ucr2\libc.a(lib_a-mallocr.o)
 .comment       0x00000000       0x31 c:/program files (x86)/atmel/atmel toolchain/avr32 gcc/native/3.4.1057/avr32-gnu-toolchain/bin/../lib/gcc/avr32/4.4.7/../../../../avr32/lib/ucr2\libc.a(lib_a-memchr.o)
 .comment       0x00000000       0x31 c:/program files (x86)/atmel/atmel toolchain/avr32 gcc/native/3.4.1057/avr32-gnu-toolchain/bin/../lib/gcc/avr32/4.4.7/../../../../avr32/lib/ucr2\libc.a(lib_a-memmove.o)
 .comment       0x00000000       0x31 c:/program files (x86)/atmel/atmel toolchain/avr32 gcc/native/3.4.1057/avr32-gnu-toolchain/bin/../lib/gcc/avr32/4.4.7/../../../../avr32/lib/ucr2\libc.a(lib_a-memset.o)
 .comment       0x00000000       0x31 c:/program files (x86)/atmel/atmel toolchain/avr32 gcc/native/3.4.1057/avr32-gnu-toolchain/bin/../lib/gcc/avr32/4.4.7/../../../../avr32/lib/ucr2\libc.a(lib_a-mlock.o)
 .comment       0x00000000       0x31 c:/program files (x86)/atmel/atmel toolchain/avr32 gcc/native/3.4.1057/avr32-gnu-toolchain/bin/../lib/gcc/avr32/4.4.7/../../../../avr32/lib/ucr2\libc.a(lib_a-mprec.o)
 .comment       0x00000000       0x31 c:/program files (x86)/atmel/atmel toolchain/avr32 gcc/native/3.4.1057/avr32-gnu-toolchain/bin/../lib/gcc/avr32/4.4.7/../../../../avr32/lib/ucr2\libc.a(lib_a-reallocr.o)
 .comment       0x00000000       0x31 c:/program files (x86)/atmel/atmel toolchain/avr32 gcc/native/3.4.1057/avr32-gnu-toolchain/bin/../lib/gcc/avr32/4.4.7/../../../../avr32/lib/ucr2\libc.a(lib_a-s_isinfd.o)
 .comment       0x00000000       0x31 c:/program files (x86)/atmel/atmel toolchain/avr32 gcc/native/3.4.1057/avr32-gnu-toolchain/bin/../lib/gcc/avr32/4.4.7/../../../../avr32/lib/ucr2\libc.a(lib_a-s_isnand.o)
 .comment       0x00000000       0x31 c:/program files (x86)/atmel/atmel toolchain/avr32 gcc/native/3.4.1057/avr32-gnu-toolchain/bin/../lib/gcc/avr32/4.4.7/../../../../avr32/lib/ucr2\libc.a(lib_a-sbrkr.o)
 .comment       0x00000000       0x31 c:/program files (x86)/atmel/atmel toolchain/avr32 gcc/native/3.4.1057/avr32-gnu-toolchain/bin/../lib/gcc/avr32/4.4.7/../../../../avr32/lib/ucr2\libc.a(lib_a-stdio.o)
 .comment       0x00000000       0x31 c:/program files (x86)/atmel/atmel toolchain/avr32 gcc/native/3.4.1057/avr32-gnu-toolchain/bin/../lib/gcc/avr32/4.4.7/../../../../avr32/lib/ucr2\libc.a(lib_a-strlen.o)
 .comment       0x00000000       0x31 c:/program files (x86)/atmel/atmel toolchain/avr32 gcc/native/3.4.1057/avr32-gnu-toolchain/bin/../lib/gcc/avr32/4.4.7/../../../../avr32/lib/ucr2\libc.a(lib_a-syscalls.o)
 .comment       0x00000000       0x31 c:/program files (x86)/atmel/atmel toolchain/avr32 gcc/native/3.4.1057/avr32-gnu-toolchain/bin/../lib/gcc/avr32/4.4.7/../../../../avr32/lib/ucr2\libc.a(lib_a-writer.o)
 .comment       0x00000000       0x31 c:/program files (x86)/atmel/atmel toolchain/avr32 gcc/native/3.4.1057/avr32-gnu-toolchain/bin/../lib/gcc/avr32/4.4.7/../../../../avr32/lib/ucr2\libc.a(lib_a-callocr.o)
 .comment       0x00000000       0x31 c:/program files (x86)/atmel/atmel toolchain/avr32 gcc/native/3.4.1057/avr32-gnu-toolchain/bin/../lib/gcc/avr32/4.4.7/../../../../avr32/lib/ucr2\libc.a(lib_a-closer.o)
 .comment       0x00000000       0x31 c:/program files (x86)/atmel/atmel toolchain/avr32 gcc/native/3.4.1057/avr32-gnu-toolchain/bin/../lib/gcc/avr32/4.4.7/../../../../avr32/lib/ucr2\libc.a(lib_a-errno.o)
 .comment       0x00000000       0x31 c:/program files (x86)/atmel/atmel toolchain/avr32 gcc/native/3.4.1057/avr32-gnu-toolchain/bin/../lib/gcc/avr32/4.4.7/../../../../avr32/lib/ucr2\libc.a(lib_a-fclose.o)
 .comment       0x00000000       0x31 c:/program files (x86)/atmel/atmel toolchain/avr32 gcc/native/3.4.1057/avr32-gnu-toolchain/bin/../lib/gcc/avr32/4.4.7/../../../../avr32/lib/ucr2\libc.a(lib_a-fstatr.o)
 .comment       0x00000000       0x31 c:/program files (x86)/atmel/atmel toolchain/avr32 gcc/native/3.4.1057/avr32-gnu-toolchain/bin/../lib/gcc/avr32/4.4.7/../../../../avr32/lib/ucr2\libc.a(lib_a-lseekr.o)
 .comment       0x00000000       0x31 c:/program files (x86)/atmel/atmel toolchain/avr32 gcc/native/3.4.1057/avr32-gnu-toolchain/bin/../lib/gcc/avr32/4.4.7/../../../../avr32/lib/ucr2\libc.a(lib_a-readr.o)
 .comment       0x00000000       0x31 c:/program files (x86)/atmel/atmel toolchain/avr32 gcc/native/3.4.1057/avr32-gnu-toolchain/bin/../lib/gcc/avr32/4.4.7/../../../../avr32/lib/ucr2\libc.a(lib_a-reent.o)
 .comment       0x00000000       0x31 c:/program files (x86)/atmel/atmel toolchain/avr32 gcc/native/3.4.1057/avr32-gnu-toolchain/bin/../lib/gcc/avr32/4.4.7/ucr2\libgcc.a(_udivdi3.o)
 .comment       0x00000000       0x31 c:/program files (x86)/atmel/atmel toolchain/avr32 gcc/native/3.4.1057/avr32-gnu-toolchain/bin/../lib/gcc/avr32/4.4.7/ucr2\libgcc.a(_umoddi3.o)

.debug
 *(.debug)

.line
 *(.line)

.debug_srcinfo
 *(.debug_srcinfo)

.debug_sfnames
 *(.debug_sfnames)

.debug_aranges  0x00000000      0xd00
 *(.debug_aranges)
 .debug_aranges
                0x00000000       0x20 src/main.o
 .debug_aranges
                0x00000020       0x78 src/ASF/avr32/boards/evk1100/led.o
 .debug_aranges
                0x00000098       0x98 src/ASF/avr32/components/display/dip204/dip204.o
 .debug_aranges
                0x00000130      0x100 src/ASF/avr32/drivers/gpio/gpio.o
 .debug_aranges
                0x00000230       0x20 src/ASF/avr32/drivers/intc/exception.o
 .debug_aranges
                0x00000250       0x38 src/ASF/avr32/drivers/intc/intc.o
 .debug_aranges
                0x00000288      0x190 src/ASF/avr32/drivers/pm/pm.o
 .debug_aranges
                0x00000418       0x48 src/ASF/avr32/drivers/pwm/pwm.o
 .debug_aranges
                0x00000460       0xa8 src/ASF/avr32/drivers/spi/spi.o
 .debug_aranges
                0x00000508       0x28 src/ASF/avr32/utils/startup/startup_uc3.o
 .debug_aranges
                0x00000530       0x20 src/ASF/avr32/utils/startup/trampoline_uc3.o
 .debug_aranges
                0x00000550       0xc8 src/can/can.o
 .debug_aranges
                0x00000618       0x28 c:/program files (x86)/atmel/atmel toolchain/avr32 gcc/native/3.4.1057/avr32-gnu-toolchain/bin/../lib/gcc/avr32/4.4.7/../../../../avr32/lib/ucr2\libc.a(lib_a-vsprintf.o)
 .debug_aranges
                0x00000640       0x38 c:/program files (x86)/atmel/atmel toolchain/avr32 gcc/native/3.4.1057/avr32-gnu-toolchain/bin/../lib/gcc/avr32/4.4.7/../../../../avr32/lib/ucr2\libc.a(lib_a-vfprintf.o)
 .debug_aranges
                0x00000678       0x20 c:/program files (x86)/atmel/atmel toolchain/avr32 gcc/native/3.4.1057/avr32-gnu-toolchain/bin/../lib/gcc/avr32/4.4.7/../../../../avr32/lib/ucr2\libc.a(lib_a-wsetup.o)
 .debug_aranges
                0x00000698       0x28 c:/program files (x86)/atmel/atmel toolchain/avr32 gcc/native/3.4.1057/avr32-gnu-toolchain/bin/../lib/gcc/avr32/4.4.7/../../../../avr32/lib/ucr2\libc.a(lib_a-dtoa.o)
 .debug_aranges
                0x000006c0       0x28 c:/program files (x86)/atmel/atmel toolchain/avr32 gcc/native/3.4.1057/avr32-gnu-toolchain/bin/../lib/gcc/avr32/4.4.7/../../../../avr32/lib/ucr2\libc.a(lib_a-fflush.o)
 .debug_aranges
                0x000006e8       0x80 c:/program files (x86)/atmel/atmel toolchain/avr32 gcc/native/3.4.1057/avr32-gnu-toolchain/bin/../lib/gcc/avr32/4.4.7/../../../../avr32/lib/ucr2\libc.a(lib_a-findfp.o)
 .debug_aranges
                0x00000768       0x28 c:/program files (x86)/atmel/atmel toolchain/avr32 gcc/native/3.4.1057/avr32-gnu-toolchain/bin/../lib/gcc/avr32/4.4.7/../../../../avr32/lib/ucr2\libc.a(lib_a-freer.o)
 .debug_aranges
                0x00000790       0x20 c:/program files (x86)/atmel/atmel toolchain/avr32 gcc/native/3.4.1057/avr32-gnu-toolchain/bin/../lib/gcc/avr32/4.4.7/../../../../avr32/lib/ucr2\libc.a(lib_a-fvwrite.o)
 .debug_aranges
                0x000007b0       0x28 c:/program files (x86)/atmel/atmel toolchain/avr32 gcc/native/3.4.1057/avr32-gnu-toolchain/bin/../lib/gcc/avr32/4.4.7/../../../../avr32/lib/ucr2\libc.a(lib_a-fwalk.o)
 .debug_aranges
                0x000007d8       0x40 c:/program files (x86)/atmel/atmel toolchain/avr32 gcc/native/3.4.1057/avr32-gnu-toolchain/bin/../lib/gcc/avr32/4.4.7/../../../../avr32/lib/ucr2\libc.a(lib_a-locale.o)
 .debug_aranges
                0x00000818       0x20 c:/program files (x86)/atmel/atmel toolchain/avr32 gcc/native/3.4.1057/avr32-gnu-toolchain/bin/../lib/gcc/avr32/4.4.7/../../../../avr32/lib/ucr2\libc.a(lib_a-makebuf.o)
 .debug_aranges
                0x00000838       0x28 c:/program files (x86)/atmel/atmel toolchain/avr32 gcc/native/3.4.1057/avr32-gnu-toolchain/bin/../lib/gcc/avr32/4.4.7/../../../../avr32/lib/ucr2\libc.a(lib_a-malloc.o)
 .debug_aranges
                0x00000860       0x20 c:/program files (x86)/atmel/atmel toolchain/avr32 gcc/native/3.4.1057/avr32-gnu-toolchain/bin/../lib/gcc/avr32/4.4.7/../../../../avr32/lib/ucr2\libc.a(lib_a-mallocr.o)
 .debug_aranges
                0x00000880       0x20 c:/program files (x86)/atmel/atmel toolchain/avr32 gcc/native/3.4.1057/avr32-gnu-toolchain/bin/../lib/gcc/avr32/4.4.7/../../../../avr32/lib/ucr2\libc.a(lib_a-memchr.o)
 .debug_aranges
                0x000008a0       0x20 c:/program files (x86)/atmel/atmel toolchain/avr32 gcc/native/3.4.1057/avr32-gnu-toolchain/bin/../lib/gcc/avr32/4.4.7/../../../../avr32/lib/ucr2\libc.a(lib_a-memmove.o)
 .debug_aranges
                0x000008c0       0x20 c:/program files (x86)/atmel/atmel toolchain/avr32 gcc/native/3.4.1057/avr32-gnu-toolchain/bin/../lib/gcc/avr32/4.4.7/../../../../avr32/lib/ucr2\libc.a(lib_a-memset.o)
 .debug_aranges
                0x000008e0       0x28 c:/program files (x86)/atmel/atmel toolchain/avr32 gcc/native/3.4.1057/avr32-gnu-toolchain/bin/../lib/gcc/avr32/4.4.7/../../../../avr32/lib/ucr2\libc.a(lib_a-mlock.o)
 .debug_aranges
                0x00000908       0xb0 c:/program files (x86)/atmel/atmel toolchain/avr32 gcc/native/3.4.1057/avr32-gnu-toolchain/bin/../lib/gcc/avr32/4.4.7/../../../../avr32/lib/ucr2\libc.a(lib_a-mprec.o)
 .debug_aranges
                0x000009b8       0x20 c:/program files (x86)/atmel/atmel toolchain/avr32 gcc/native/3.4.1057/avr32-gnu-toolchain/bin/../lib/gcc/avr32/4.4.7/../../../../avr32/lib/ucr2\libc.a(lib_a-reallocr.o)
 .debug_aranges
                0x000009d8       0x20 c:/program files (x86)/atmel/atmel toolchain/avr32 gcc/native/3.4.1057/avr32-gnu-toolchain/bin/../lib/gcc/avr32/4.4.7/../../../../avr32/lib/ucr2\libc.a(lib_a-s_isinfd.o)
 .debug_aranges
                0x000009f8       0x20 c:/program files (x86)/atmel/atmel toolchain/avr32 gcc/native/3.4.1057/avr32-gnu-toolchain/bin/../lib/gcc/avr32/4.4.7/../../../../avr32/lib/ucr2\libc.a(lib_a-s_isnand.o)
 .debug_aranges
                0x00000a18       0x20 c:/program files (x86)/atmel/atmel toolchain/avr32 gcc/native/3.4.1057/avr32-gnu-toolchain/bin/../lib/gcc/avr32/4.4.7/../../../../avr32/lib/ucr2\libc.a(lib_a-sbrkr.o)
 .debug_aranges
                0x00000a38       0x38 c:/program files (x86)/atmel/atmel toolchain/avr32 gcc/native/3.4.1057/avr32-gnu-toolchain/bin/../lib/gcc/avr32/4.4.7/../../../../avr32/lib/ucr2\libc.a(lib_a-stdio.o)
 .debug_aranges
                0x00000a70       0x20 c:/program files (x86)/atmel/atmel toolchain/avr32 gcc/native/3.4.1057/avr32-gnu-toolchain/bin/../lib/gcc/avr32/4.4.7/../../../../avr32/lib/ucr2\libc.a(lib_a-strlen.o)
 .debug_aranges
                0x00000a90       0xf8 c:/program files (x86)/atmel/atmel toolchain/avr32 gcc/native/3.4.1057/avr32-gnu-toolchain/bin/../lib/gcc/avr32/4.4.7/../../../../avr32/lib/ucr2\libc.a(lib_a-syscalls.o)
 .debug_aranges
                0x00000b88       0x20 c:/program files (x86)/atmel/atmel toolchain/avr32 gcc/native/3.4.1057/avr32-gnu-toolchain/bin/../lib/gcc/avr32/4.4.7/../../../../avr32/lib/ucr2\libc.a(lib_a-writer.o)
 .debug_aranges
                0x00000ba8       0x20 c:/program files (x86)/atmel/atmel toolchain/avr32 gcc/native/3.4.1057/avr32-gnu-toolchain/bin/../lib/gcc/avr32/4.4.7/../../../../avr32/lib/ucr2\libc.a(lib_a-callocr.o)
 .debug_aranges
                0x00000bc8       0x20 c:/program files (x86)/atmel/atmel toolchain/avr32 gcc/native/3.4.1057/avr32-gnu-toolchain/bin/../lib/gcc/avr32/4.4.7/../../../../avr32/lib/ucr2\libc.a(lib_a-closer.o)
 .debug_aranges
                0x00000be8       0x20 c:/program files (x86)/atmel/atmel toolchain/avr32 gcc/native/3.4.1057/avr32-gnu-toolchain/bin/../lib/gcc/avr32/4.4.7/../../../../avr32/lib/ucr2\libc.a(lib_a-errno.o)
 .debug_aranges
                0x00000c08       0x28 c:/program files (x86)/atmel/atmel toolchain/avr32 gcc/native/3.4.1057/avr32-gnu-toolchain/bin/../lib/gcc/avr32/4.4.7/../../../../avr32/lib/ucr2\libc.a(lib_a-fclose.o)
 .debug_aranges
                0x00000c30       0x20 c:/program files (x86)/atmel/atmel toolchain/avr32 gcc/native/3.4.1057/avr32-gnu-toolchain/bin/../lib/gcc/avr32/4.4.7/../../../../avr32/lib/ucr2\libc.a(lib_a-fstatr.o)
 .debug_aranges
                0x00000c50       0x20 c:/program files (x86)/atmel/atmel toolchain/avr32 gcc/native/3.4.1057/avr32-gnu-toolchain/bin/../lib/gcc/avr32/4.4.7/../../../../avr32/lib/ucr2\libc.a(lib_a-lseekr.o)
 .debug_aranges
                0x00000c70       0x20 c:/program files (x86)/atmel/atmel toolchain/avr32 gcc/native/3.4.1057/avr32-gnu-toolchain/bin/../lib/gcc/avr32/4.4.7/../../../../avr32/lib/ucr2\libc.a(lib_a-readr.o)
 .debug_aranges
                0x00000c90       0x30 c:/program files (x86)/atmel/atmel toolchain/avr32 gcc/native/3.4.1057/avr32-gnu-toolchain/bin/../lib/gcc/avr32/4.4.7/../../../../avr32/lib/ucr2\libc.a(lib_a-reent.o)
 .debug_aranges
                0x00000cc0       0x20 c:/program files (x86)/atmel/atmel toolchain/avr32 gcc/native/3.4.1057/avr32-gnu-toolchain/bin/../lib/gcc/avr32/4.4.7/ucr2\libgcc.a(_udivdi3.o)
 .debug_aranges
                0x00000ce0       0x20 c:/program files (x86)/atmel/atmel toolchain/avr32 gcc/native/3.4.1057/avr32-gnu-toolchain/bin/../lib/gcc/avr32/4.4.7/ucr2\libgcc.a(_umoddi3.o)

.debug_pubnames
                0x00000000     0x177b
 *(.debug_pubnames)
 .debug_pubnames
                0x00000000       0x37 src/main.o
 .debug_pubnames
                0x00000037       0xf6 src/ASF/avr32/boards/evk1100/led.o
 .debug_pubnames
                0x0000012d      0x114 src/ASF/avr32/components/display/dip204/dip204.o
 .debug_pubnames
                0x00000241      0x330 src/ASF/avr32/drivers/gpio/gpio.o
 .debug_pubnames
                0x00000571       0x62 src/ASF/avr32/drivers/intc/intc.o
 .debug_pubnames
                0x000005d3      0x3ee src/ASF/avr32/drivers/pm/pm.o
 .debug_pubnames
                0x000009c1       0x9a src/ASF/avr32/drivers/pwm/pwm.o
 .debug_pubnames
                0x00000a5b      0x178 src/ASF/avr32/drivers/spi/spi.o
 .debug_pubnames
                0x00000bd3      0x183 src/can/can.o
 .debug_pubnames
                0x00000d56       0x2f c:/program files (x86)/atmel/atmel toolchain/avr32 gcc/native/3.4.1057/avr32-gnu-toolchain/bin/../lib/gcc/avr32/4.4.7/../../../../avr32/lib/ucr2\libc.a(lib_a-vsprintf.o)
 .debug_pubnames
                0x00000d85       0x39 c:/program files (x86)/atmel/atmel toolchain/avr32 gcc/native/3.4.1057/avr32-gnu-toolchain/bin/../lib/gcc/avr32/4.4.7/../../../../avr32/lib/ucr2\libc.a(lib_a-impure.o)
 .debug_pubnames
                0x00000dbe       0x2f c:/program files (x86)/atmel/atmel toolchain/avr32 gcc/native/3.4.1057/avr32-gnu-toolchain/bin/../lib/gcc/avr32/4.4.7/../../../../avr32/lib/ucr2\libc.a(lib_a-vfprintf.o)
 .debug_pubnames
                0x00000ded       0x22 c:/program files (x86)/atmel/atmel toolchain/avr32 gcc/native/3.4.1057/avr32-gnu-toolchain/bin/../lib/gcc/avr32/4.4.7/../../../../avr32/lib/ucr2\libc.a(lib_a-wsetup.o)
 .debug_pubnames
                0x00000e0f       0x1e c:/program files (x86)/atmel/atmel toolchain/avr32 gcc/native/3.4.1057/avr32-gnu-toolchain/bin/../lib/gcc/avr32/4.4.7/../../../../avr32/lib/ucr2\libc.a(lib_a-dtoa.o)
 .debug_pubnames
                0x00000e2d       0x2b c:/program files (x86)/atmel/atmel toolchain/avr32 gcc/native/3.4.1057/avr32-gnu-toolchain/bin/../lib/gcc/avr32/4.4.7/../../../../avr32/lib/ucr2\libc.a(lib_a-fflush.o)
 .debug_pubnames
                0x00000e58      0x119 c:/program files (x86)/atmel/atmel toolchain/avr32 gcc/native/3.4.1057/avr32-gnu-toolchain/bin/../lib/gcc/avr32/4.4.7/../../../../avr32/lib/ucr2\libc.a(lib_a-findfp.o)
 .debug_pubnames
                0x00000f71       0x31 c:/program files (x86)/atmel/atmel toolchain/avr32 gcc/native/3.4.1057/avr32-gnu-toolchain/bin/../lib/gcc/avr32/4.4.7/../../../../avr32/lib/ucr2\libc.a(lib_a-freer.o)
 .debug_pubnames
                0x00000fa2       0x23 c:/program files (x86)/atmel/atmel toolchain/avr32 gcc/native/3.4.1057/avr32-gnu-toolchain/bin/../lib/gcc/avr32/4.4.7/../../../../avr32/lib/ucr2\libc.a(lib_a-fvwrite.o)
 .debug_pubnames
                0x00000fc5       0x2e c:/program files (x86)/atmel/atmel toolchain/avr32 gcc/native/3.4.1057/avr32-gnu-toolchain/bin/../lib/gcc/avr32/4.4.7/../../../../avr32/lib/ucr2\libc.a(lib_a-fwalk.o)
 .debug_pubnames
                0x00000ff3       0xc3 c:/program files (x86)/atmel/atmel toolchain/avr32 gcc/native/3.4.1057/avr32-gnu-toolchain/bin/../lib/gcc/avr32/4.4.7/../../../../avr32/lib/ucr2\libc.a(lib_a-locale.o)
 .debug_pubnames
                0x000010b6       0x23 c:/program files (x86)/atmel/atmel toolchain/avr32 gcc/native/3.4.1057/avr32-gnu-toolchain/bin/../lib/gcc/avr32/4.4.7/../../../../avr32/lib/ucr2\libc.a(lib_a-makebuf.o)
 .debug_pubnames
                0x000010d9       0x26 c:/program files (x86)/atmel/atmel toolchain/avr32 gcc/native/3.4.1057/avr32-gnu-toolchain/bin/../lib/gcc/avr32/4.4.7/../../../../avr32/lib/ucr2\libc.a(lib_a-malloc.o)
 .debug_pubnames
                0x000010ff       0xce c:/program files (x86)/atmel/atmel toolchain/avr32 gcc/native/3.4.1057/avr32-gnu-toolchain/bin/../lib/gcc/avr32/4.4.7/../../../../avr32/lib/ucr2\libc.a(lib_a-mallocr.o)
 .debug_pubnames
                0x000011cd       0x1d c:/program files (x86)/atmel/atmel toolchain/avr32 gcc/native/3.4.1057/avr32-gnu-toolchain/bin/../lib/gcc/avr32/4.4.7/../../../../avr32/lib/ucr2\libc.a(lib_a-memchr.o)
 .debug_pubnames
                0x000011ea       0x1e c:/program files (x86)/atmel/atmel toolchain/avr32 gcc/native/3.4.1057/avr32-gnu-toolchain/bin/../lib/gcc/avr32/4.4.7/../../../../avr32/lib/ucr2\libc.a(lib_a-memmove.o)
 .debug_pubnames
                0x00001208       0x1d c:/program files (x86)/atmel/atmel toolchain/avr32 gcc/native/3.4.1057/avr32-gnu-toolchain/bin/../lib/gcc/avr32/4.4.7/../../../../avr32/lib/ucr2\libc.a(lib_a-memset.o)
 .debug_pubnames
                0x00001225       0x38 c:/program files (x86)/atmel/atmel toolchain/avr32 gcc/native/3.4.1057/avr32-gnu-toolchain/bin/../lib/gcc/avr32/4.4.7/../../../../avr32/lib/ucr2\libc.a(lib_a-mlock.o)
 .debug_pubnames
                0x0000125d      0x13a c:/program files (x86)/atmel/atmel toolchain/avr32 gcc/native/3.4.1057/avr32-gnu-toolchain/bin/../lib/gcc/avr32/4.4.7/../../../../avr32/lib/ucr2\libc.a(lib_a-mprec.o)
 .debug_pubnames
                0x00001397       0x21 c:/program files (x86)/atmel/atmel toolchain/avr32 gcc/native/3.4.1057/avr32-gnu-toolchain/bin/../lib/gcc/avr32/4.4.7/../../../../avr32/lib/ucr2\libc.a(lib_a-reallocr.o)
 .debug_pubnames
                0x000013b8       0x1f c:/program files (x86)/atmel/atmel toolchain/avr32 gcc/native/3.4.1057/avr32-gnu-toolchain/bin/../lib/gcc/avr32/4.4.7/../../../../avr32/lib/ucr2\libc.a(lib_a-s_isinfd.o)
 .debug_pubnames
                0x000013d7       0x1f c:/program files (x86)/atmel/atmel toolchain/avr32 gcc/native/3.4.1057/avr32-gnu-toolchain/bin/../lib/gcc/avr32/4.4.7/../../../../avr32/lib/ucr2\libc.a(lib_a-s_isnand.o)
 .debug_pubnames
                0x000013f6       0x1e c:/program files (x86)/atmel/atmel toolchain/avr32 gcc/native/3.4.1057/avr32-gnu-toolchain/bin/../lib/gcc/avr32/4.4.7/../../../../avr32/lib/ucr2\libc.a(lib_a-sbrkr.o)
 .debug_pubnames
                0x00001414       0x44 c:/program files (x86)/atmel/atmel toolchain/avr32 gcc/native/3.4.1057/avr32-gnu-toolchain/bin/../lib/gcc/avr32/4.4.7/../../../../avr32/lib/ucr2\libc.a(lib_a-stdio.o)
 .debug_pubnames
                0x00001458       0x1d c:/program files (x86)/atmel/atmel toolchain/avr32 gcc/native/3.4.1057/avr32-gnu-toolchain/bin/../lib/gcc/avr32/4.4.7/../../../../avr32/lib/ucr2\libc.a(lib_a-strlen.o)
 .debug_pubnames
                0x00001475      0x171 c:/program files (x86)/atmel/atmel toolchain/avr32 gcc/native/3.4.1057/avr32-gnu-toolchain/bin/../lib/gcc/avr32/4.4.7/../../../../avr32/lib/ucr2\libc.a(lib_a-syscalls.o)
 .debug_pubnames
                0x000015e6       0x1f c:/program files (x86)/atmel/atmel toolchain/avr32 gcc/native/3.4.1057/avr32-gnu-toolchain/bin/../lib/gcc/avr32/4.4.7/../../../../avr32/lib/ucr2\libc.a(lib_a-writer.o)
 .debug_pubnames
                0x00001605       0x20 c:/program files (x86)/atmel/atmel toolchain/avr32 gcc/native/3.4.1057/avr32-gnu-toolchain/bin/../lib/gcc/avr32/4.4.7/../../../../avr32/lib/ucr2\libc.a(lib_a-callocr.o)
 .debug_pubnames
                0x00001625       0x1f c:/program files (x86)/atmel/atmel toolchain/avr32 gcc/native/3.4.1057/avr32-gnu-toolchain/bin/../lib/gcc/avr32/4.4.7/../../../../avr32/lib/ucr2\libc.a(lib_a-closer.o)
 .debug_pubnames
                0x00001644       0x1e c:/program files (x86)/atmel/atmel toolchain/avr32 gcc/native/3.4.1057/avr32-gnu-toolchain/bin/../lib/gcc/avr32/4.4.7/../../../../avr32/lib/ucr2\libc.a(lib_a-errno.o)
 .debug_pubnames
                0x00001662       0x2b c:/program files (x86)/atmel/atmel toolchain/avr32 gcc/native/3.4.1057/avr32-gnu-toolchain/bin/../lib/gcc/avr32/4.4.7/../../../../avr32/lib/ucr2\libc.a(lib_a-fclose.o)
 .debug_pubnames
                0x0000168d       0x1f c:/program files (x86)/atmel/atmel toolchain/avr32 gcc/native/3.4.1057/avr32-gnu-toolchain/bin/../lib/gcc/avr32/4.4.7/../../../../avr32/lib/ucr2\libc.a(lib_a-fstatr.o)
 .debug_pubnames
                0x000016ac       0x1f c:/program files (x86)/atmel/atmel toolchain/avr32 gcc/native/3.4.1057/avr32-gnu-toolchain/bin/../lib/gcc/avr32/4.4.7/../../../../avr32/lib/ucr2\libc.a(lib_a-lseekr.o)
 .debug_pubnames
                0x000016cb       0x1e c:/program files (x86)/atmel/atmel toolchain/avr32 gcc/native/3.4.1057/avr32-gnu-toolchain/bin/../lib/gcc/avr32/4.4.7/../../../../avr32/lib/ucr2\libc.a(lib_a-readr.o)
 .debug_pubnames
                0x000016e9       0x52 c:/program files (x86)/atmel/atmel toolchain/avr32 gcc/native/3.4.1057/avr32-gnu-toolchain/bin/../lib/gcc/avr32/4.4.7/../../../../avr32/lib/ucr2\libc.a(lib_a-reent.o)
 .debug_pubnames
                0x0000173b       0x20 c:/program files (x86)/atmel/atmel toolchain/avr32 gcc/native/3.4.1057/avr32-gnu-toolchain/bin/../lib/gcc/avr32/4.4.7/ucr2\libgcc.a(_udivdi3.o)
 .debug_pubnames
                0x0000175b       0x20 c:/program files (x86)/atmel/atmel toolchain/avr32 gcc/native/3.4.1057/avr32-gnu-toolchain/bin/../lib/gcc/avr32/4.4.7/ucr2\libgcc.a(_umoddi3.o)

.debug_info     0x00000000    0x1d841
 *(.debug_info .gnu.linkonce.wi.*)
 .debug_info    0x00000000     0x109f src/main.o
 .debug_info    0x0000109f      0xf01 src/ASF/avr32/boards/evk1100/led.o
 .debug_info    0x00001fa0     0x1419 src/ASF/avr32/components/display/dip204/dip204.o
 .debug_info    0x000033b9      0xb1b src/ASF/avr32/drivers/gpio/gpio.o
 .debug_info    0x00003ed4       0xa2 src/ASF/avr32/drivers/intc/exception.o
 .debug_info    0x00003f76      0x5b3 src/ASF/avr32/drivers/intc/intc.o
 .debug_info    0x00004529     0x1a59 src/ASF/avr32/drivers/pm/pm.o
 .debug_info    0x00005f82      0xa08 src/ASF/avr32/drivers/pwm/pwm.o
 .debug_info    0x0000698a     0x1090 src/ASF/avr32/drivers/spi/spi.o
 .debug_info    0x00007a1a       0xa1 src/ASF/avr32/utils/startup/startup_uc3.o
 .debug_info    0x00007abb       0xa8 src/ASF/avr32/utils/startup/trampoline_uc3.o
 .debug_info    0x00007b63     0x13a4 src/can/can.o
 .debug_info    0x00008f07      0x96c c:/program files (x86)/atmel/atmel toolchain/avr32 gcc/native/3.4.1057/avr32-gnu-toolchain/bin/../lib/gcc/avr32/4.4.7/../../../../avr32/lib/ucr2\libc.a(lib_a-vsprintf.o)
 .debug_info    0x00009873      0x960 c:/program files (x86)/atmel/atmel toolchain/avr32 gcc/native/3.4.1057/avr32-gnu-toolchain/bin/../lib/gcc/avr32/4.4.7/../../../../avr32/lib/ucr2\libc.a(lib_a-impure.o)
 .debug_info    0x0000a1d3     0x15e8 c:/program files (x86)/atmel/atmel toolchain/avr32 gcc/native/3.4.1057/avr32-gnu-toolchain/bin/../lib/gcc/avr32/4.4.7/../../../../avr32/lib/ucr2\libc.a(lib_a-vfprintf.o)
 .debug_info    0x0000b7bb      0x982 c:/program files (x86)/atmel/atmel toolchain/avr32 gcc/native/3.4.1057/avr32-gnu-toolchain/bin/../lib/gcc/avr32/4.4.7/../../../../avr32/lib/ucr2\libc.a(lib_a-wsetup.o)
 .debug_info    0x0000c13d      0xcf7 c:/program files (x86)/atmel/atmel toolchain/avr32 gcc/native/3.4.1057/avr32-gnu-toolchain/bin/../lib/gcc/avr32/4.4.7/../../../../avr32/lib/ucr2\libc.a(lib_a-dtoa.o)
 .debug_info    0x0000ce34      0xa22 c:/program files (x86)/atmel/atmel toolchain/avr32 gcc/native/3.4.1057/avr32-gnu-toolchain/bin/../lib/gcc/avr32/4.4.7/../../../../avr32/lib/ucr2\libc.a(lib_a-fflush.o)
 .debug_info    0x0000d856      0xc2a c:/program files (x86)/atmel/atmel toolchain/avr32 gcc/native/3.4.1057/avr32-gnu-toolchain/bin/../lib/gcc/avr32/4.4.7/../../../../avr32/lib/ucr2\libc.a(lib_a-findfp.o)
 .debug_info    0x0000e480      0xb3d c:/program files (x86)/atmel/atmel toolchain/avr32 gcc/native/3.4.1057/avr32-gnu-toolchain/bin/../lib/gcc/avr32/4.4.7/../../../../avr32/lib/ucr2\libc.a(lib_a-freer.o)
 .debug_info    0x0000efbd      0x9fc c:/program files (x86)/atmel/atmel toolchain/avr32 gcc/native/3.4.1057/avr32-gnu-toolchain/bin/../lib/gcc/avr32/4.4.7/../../../../avr32/lib/ucr2\libc.a(lib_a-fvwrite.o)
 .debug_info    0x0000f9b9      0xa61 c:/program files (x86)/atmel/atmel toolchain/avr32 gcc/native/3.4.1057/avr32-gnu-toolchain/bin/../lib/gcc/avr32/4.4.7/../../../../avr32/lib/ucr2\libc.a(lib_a-fwalk.o)
 .debug_info    0x0001041a      0xb24 c:/program files (x86)/atmel/atmel toolchain/avr32 gcc/native/3.4.1057/avr32-gnu-toolchain/bin/../lib/gcc/avr32/4.4.7/../../../../avr32/lib/ucr2\libc.a(lib_a-locale.o)
 .debug_info    0x00010f3e      0xa96 c:/program files (x86)/atmel/atmel toolchain/avr32 gcc/native/3.4.1057/avr32-gnu-toolchain/bin/../lib/gcc/avr32/4.4.7/../../../../avr32/lib/ucr2\libc.a(lib_a-makebuf.o)
 .debug_info    0x000119d4      0x8ea c:/program files (x86)/atmel/atmel toolchain/avr32 gcc/native/3.4.1057/avr32-gnu-toolchain/bin/../lib/gcc/avr32/4.4.7/../../../../avr32/lib/ucr2\libc.a(lib_a-malloc.o)
 .debug_info    0x000122be      0xc4e c:/program files (x86)/atmel/atmel toolchain/avr32 gcc/native/3.4.1057/avr32-gnu-toolchain/bin/../lib/gcc/avr32/4.4.7/../../../../avr32/lib/ucr2\libc.a(lib_a-mallocr.o)
 .debug_info    0x00012f0c       0xe7 c:/program files (x86)/atmel/atmel toolchain/avr32 gcc/native/3.4.1057/avr32-gnu-toolchain/bin/../lib/gcc/avr32/4.4.7/../../../../avr32/lib/ucr2\libc.a(lib_a-memchr.o)
 .debug_info    0x00012ff3      0x102 c:/program files (x86)/atmel/atmel toolchain/avr32 gcc/native/3.4.1057/avr32-gnu-toolchain/bin/../lib/gcc/avr32/4.4.7/../../../../avr32/lib/ucr2\libc.a(lib_a-memmove.o)
 .debug_info    0x000130f5       0xcd c:/program files (x86)/atmel/atmel toolchain/avr32 gcc/native/3.4.1057/avr32-gnu-toolchain/bin/../lib/gcc/avr32/4.4.7/../../../../avr32/lib/ucr2\libc.a(lib_a-memset.o)
 .debug_info    0x000131c2      0x8cf c:/program files (x86)/atmel/atmel toolchain/avr32 gcc/native/3.4.1057/avr32-gnu-toolchain/bin/../lib/gcc/avr32/4.4.7/../../../../avr32/lib/ucr2\libc.a(lib_a-mlock.o)
 .debug_info    0x00013a91     0x149a c:/program files (x86)/atmel/atmel toolchain/avr32 gcc/native/3.4.1057/avr32-gnu-toolchain/bin/../lib/gcc/avr32/4.4.7/../../../../avr32/lib/ucr2\libc.a(lib_a-mprec.o)
 .debug_info    0x00014f2b      0xb17 c:/program files (x86)/atmel/atmel toolchain/avr32 gcc/native/3.4.1057/avr32-gnu-toolchain/bin/../lib/gcc/avr32/4.4.7/../../../../avr32/lib/ucr2\libc.a(lib_a-reallocr.o)
 .debug_info    0x00015a42      0x14d c:/program files (x86)/atmel/atmel toolchain/avr32 gcc/native/3.4.1057/avr32-gnu-toolchain/bin/../lib/gcc/avr32/4.4.7/../../../../avr32/lib/ucr2\libc.a(lib_a-s_isinfd.o)
 .debug_info    0x00015b8f      0x14c c:/program files (x86)/atmel/atmel toolchain/avr32 gcc/native/3.4.1057/avr32-gnu-toolchain/bin/../lib/gcc/avr32/4.4.7/../../../../avr32/lib/ucr2\libc.a(lib_a-s_isnand.o)
 .debug_info    0x00015cdb      0x8de c:/program files (x86)/atmel/atmel toolchain/avr32 gcc/native/3.4.1057/avr32-gnu-toolchain/bin/../lib/gcc/avr32/4.4.7/../../../../avr32/lib/ucr2\libc.a(lib_a-sbrkr.o)
 .debug_info    0x000165b9      0xa28 c:/program files (x86)/atmel/atmel toolchain/avr32 gcc/native/3.4.1057/avr32-gnu-toolchain/bin/../lib/gcc/avr32/4.4.7/../../../../avr32/lib/ucr2\libc.a(lib_a-stdio.o)
 .debug_info    0x00016fe1       0xbe c:/program files (x86)/atmel/atmel toolchain/avr32 gcc/native/3.4.1057/avr32-gnu-toolchain/bin/../lib/gcc/avr32/4.4.7/../../../../avr32/lib/ucr2\libc.a(lib_a-strlen.o)
 .debug_info    0x0001709f      0x93a c:/program files (x86)/atmel/atmel toolchain/avr32 gcc/native/3.4.1057/avr32-gnu-toolchain/bin/../lib/gcc/avr32/4.4.7/../../../../avr32/lib/ucr2\libc.a(lib_a-syscalls.o)
 .debug_info    0x000179d9      0x90d c:/program files (x86)/atmel/atmel toolchain/avr32 gcc/native/3.4.1057/avr32-gnu-toolchain/bin/../lib/gcc/avr32/4.4.7/../../../../avr32/lib/ucr2\libc.a(lib_a-writer.o)
 .debug_info    0x000182e6      0x997 c:/program files (x86)/atmel/atmel toolchain/avr32 gcc/native/3.4.1057/avr32-gnu-toolchain/bin/../lib/gcc/avr32/4.4.7/../../../../avr32/lib/ucr2\libc.a(lib_a-callocr.o)
 .debug_info    0x00018c7d      0x8d2 c:/program files (x86)/atmel/atmel toolchain/avr32 gcc/native/3.4.1057/avr32-gnu-toolchain/bin/../lib/gcc/avr32/4.4.7/../../../../avr32/lib/ucr2\libc.a(lib_a-closer.o)
 .debug_info    0x0001954f      0x8a6 c:/program files (x86)/atmel/atmel toolchain/avr32 gcc/native/3.4.1057/avr32-gnu-toolchain/bin/../lib/gcc/avr32/4.4.7/../../../../avr32/lib/ucr2\libc.a(lib_a-errno.o)
 .debug_info    0x00019df5      0x9bc c:/program files (x86)/atmel/atmel toolchain/avr32 gcc/native/3.4.1057/avr32-gnu-toolchain/bin/../lib/gcc/avr32/4.4.7/../../../../avr32/lib/ucr2\libc.a(lib_a-fclose.o)
 .debug_info    0x0001a7b1      0xa76 c:/program files (x86)/atmel/atmel toolchain/avr32 gcc/native/3.4.1057/avr32-gnu-toolchain/bin/../lib/gcc/avr32/4.4.7/../../../../avr32/lib/ucr2\libc.a(lib_a-fstatr.o)
 .debug_info    0x0001b227      0x8fb c:/program files (x86)/atmel/atmel toolchain/avr32 gcc/native/3.4.1057/avr32-gnu-toolchain/bin/../lib/gcc/avr32/4.4.7/../../../../avr32/lib/ucr2\libc.a(lib_a-lseekr.o)
 .debug_info    0x0001bb22      0x906 c:/program files (x86)/atmel/atmel toolchain/avr32 gcc/native/3.4.1057/avr32-gnu-toolchain/bin/../lib/gcc/avr32/4.4.7/../../../../avr32/lib/ucr2\libc.a(lib_a-readr.o)
 .debug_info    0x0001c428      0x973 c:/program files (x86)/atmel/atmel toolchain/avr32 gcc/native/3.4.1057/avr32-gnu-toolchain/bin/../lib/gcc/avr32/4.4.7/../../../../avr32/lib/ucr2\libc.a(lib_a-reent.o)
 .debug_info    0x0001cd9b      0x57b c:/program files (x86)/atmel/atmel toolchain/avr32 gcc/native/3.4.1057/avr32-gnu-toolchain/bin/../lib/gcc/avr32/4.4.7/ucr2\libgcc.a(_udivdi3.o)
 .debug_info    0x0001d316      0x52b c:/program files (x86)/atmel/atmel toolchain/avr32 gcc/native/3.4.1057/avr32-gnu-toolchain/bin/../lib/gcc/avr32/4.4.7/ucr2\libgcc.a(_umoddi3.o)

.debug_abbrev   0x00000000     0x50e1
 *(.debug_abbrev)
 .debug_abbrev  0x00000000      0x224 src/main.o
 .debug_abbrev  0x00000224      0x286 src/ASF/avr32/boards/evk1100/led.o
 .debug_abbrev  0x000004aa      0x2da src/ASF/avr32/components/display/dip204/dip204.o
 .debug_abbrev  0x00000784      0x28b src/ASF/avr32/drivers/gpio/gpio.o
 .debug_abbrev  0x00000a0f       0x14 src/ASF/avr32/drivers/intc/exception.o
 .debug_abbrev  0x00000a23      0x1f2 src/ASF/avr32/drivers/intc/intc.o
 .debug_abbrev  0x00000c15      0x2d1 src/ASF/avr32/drivers/pm/pm.o
 .debug_abbrev  0x00000ee6      0x19d src/ASF/avr32/drivers/pwm/pwm.o
 .debug_abbrev  0x00001083      0x281 src/ASF/avr32/drivers/spi/spi.o
 .debug_abbrev  0x00001304       0x12 src/ASF/avr32/utils/startup/startup_uc3.o
 .debug_abbrev  0x00001316       0x14 src/ASF/avr32/utils/startup/trampoline_uc3.o
 .debug_abbrev  0x0000132a      0x2ff src/can/can.o
 .debug_abbrev  0x00001629      0x19f c:/program files (x86)/atmel/atmel toolchain/avr32 gcc/native/3.4.1057/avr32-gnu-toolchain/bin/../lib/gcc/avr32/4.4.7/../../../../avr32/lib/ucr2\libc.a(lib_a-vsprintf.o)
 .debug_abbrev  0x000017c8      0x160 c:/program files (x86)/atmel/atmel toolchain/avr32 gcc/native/3.4.1057/avr32-gnu-toolchain/bin/../lib/gcc/avr32/4.4.7/../../../../avr32/lib/ucr2\libc.a(lib_a-impure.o)
 .debug_abbrev  0x00001928      0x3dd c:/program files (x86)/atmel/atmel toolchain/avr32 gcc/native/3.4.1057/avr32-gnu-toolchain/bin/../lib/gcc/avr32/4.4.7/../../../../avr32/lib/ucr2\libc.a(lib_a-vfprintf.o)
 .debug_abbrev  0x00001d05      0x16a c:/program files (x86)/atmel/atmel toolchain/avr32 gcc/native/3.4.1057/avr32-gnu-toolchain/bin/../lib/gcc/avr32/4.4.7/../../../../avr32/lib/ucr2\libc.a(lib_a-wsetup.o)
 .debug_abbrev  0x00001e6f      0x251 c:/program files (x86)/atmel/atmel toolchain/avr32 gcc/native/3.4.1057/avr32-gnu-toolchain/bin/../lib/gcc/avr32/4.4.7/../../../../avr32/lib/ucr2\libc.a(lib_a-dtoa.o)
 .debug_abbrev  0x000020c0      0x1c6 c:/program files (x86)/atmel/atmel toolchain/avr32 gcc/native/3.4.1057/avr32-gnu-toolchain/bin/../lib/gcc/avr32/4.4.7/../../../../avr32/lib/ucr2\libc.a(lib_a-fflush.o)
 .debug_abbrev  0x00002286      0x28c c:/program files (x86)/atmel/atmel toolchain/avr32 gcc/native/3.4.1057/avr32-gnu-toolchain/bin/../lib/gcc/avr32/4.4.7/../../../../avr32/lib/ucr2\libc.a(lib_a-findfp.o)
 .debug_abbrev  0x00002512      0x1d9 c:/program files (x86)/atmel/atmel toolchain/avr32 gcc/native/3.4.1057/avr32-gnu-toolchain/bin/../lib/gcc/avr32/4.4.7/../../../../avr32/lib/ucr2\libc.a(lib_a-freer.o)
 .debug_abbrev  0x000026eb      0x1b4 c:/program files (x86)/atmel/atmel toolchain/avr32 gcc/native/3.4.1057/avr32-gnu-toolchain/bin/../lib/gcc/avr32/4.4.7/../../../../avr32/lib/ucr2\libc.a(lib_a-fvwrite.o)
 .debug_abbrev  0x0000289f      0x1df c:/program files (x86)/atmel/atmel toolchain/avr32 gcc/native/3.4.1057/avr32-gnu-toolchain/bin/../lib/gcc/avr32/4.4.7/../../../../avr32/lib/ucr2\libc.a(lib_a-fwalk.o)
 .debug_abbrev  0x00002a7e      0x210 c:/program files (x86)/atmel/atmel toolchain/avr32 gcc/native/3.4.1057/avr32-gnu-toolchain/bin/../lib/gcc/avr32/4.4.7/../../../../avr32/lib/ucr2\libc.a(lib_a-locale.o)
 .debug_abbrev  0x00002c8e      0x17b c:/program files (x86)/atmel/atmel toolchain/avr32 gcc/native/3.4.1057/avr32-gnu-toolchain/bin/../lib/gcc/avr32/4.4.7/../../../../avr32/lib/ucr2\libc.a(lib_a-makebuf.o)
 .debug_abbrev  0x00002e09      0x178 c:/program files (x86)/atmel/atmel toolchain/avr32 gcc/native/3.4.1057/avr32-gnu-toolchain/bin/../lib/gcc/avr32/4.4.7/../../../../avr32/lib/ucr2\libc.a(lib_a-malloc.o)
 .debug_abbrev  0x00002f81      0x205 c:/program files (x86)/atmel/atmel toolchain/avr32 gcc/native/3.4.1057/avr32-gnu-toolchain/bin/../lib/gcc/avr32/4.4.7/../../../../avr32/lib/ucr2\libc.a(lib_a-mallocr.o)
 .debug_abbrev  0x00003186       0xb1 c:/program files (x86)/atmel/atmel toolchain/avr32 gcc/native/3.4.1057/avr32-gnu-toolchain/bin/../lib/gcc/avr32/4.4.7/../../../../avr32/lib/ucr2\libc.a(lib_a-memchr.o)
 .debug_abbrev  0x00003237       0xa2 c:/program files (x86)/atmel/atmel toolchain/avr32 gcc/native/3.4.1057/avr32-gnu-toolchain/bin/../lib/gcc/avr32/4.4.7/../../../../avr32/lib/ucr2\libc.a(lib_a-memmove.o)
 .debug_abbrev  0x000032d9       0x85 c:/program files (x86)/atmel/atmel toolchain/avr32 gcc/native/3.4.1057/avr32-gnu-toolchain/bin/../lib/gcc/avr32/4.4.7/../../../../avr32/lib/ucr2\libc.a(lib_a-memset.o)
 .debug_abbrev  0x0000335e      0x15b c:/program files (x86)/atmel/atmel toolchain/avr32 gcc/native/3.4.1057/avr32-gnu-toolchain/bin/../lib/gcc/avr32/4.4.7/../../../../avr32/lib/ucr2\libc.a(lib_a-mlock.o)
 .debug_abbrev  0x000034b9      0x30e c:/program files (x86)/atmel/atmel toolchain/avr32 gcc/native/3.4.1057/avr32-gnu-toolchain/bin/../lib/gcc/avr32/4.4.7/../../../../avr32/lib/ucr2\libc.a(lib_a-mprec.o)
 .debug_abbrev  0x000037c7      0x1c1 c:/program files (x86)/atmel/atmel toolchain/avr32 gcc/native/3.4.1057/avr32-gnu-toolchain/bin/../lib/gcc/avr32/4.4.7/../../../../avr32/lib/ucr2\libc.a(lib_a-reallocr.o)
 .debug_abbrev  0x00003988       0xdd c:/program files (x86)/atmel/atmel toolchain/avr32 gcc/native/3.4.1057/avr32-gnu-toolchain/bin/../lib/gcc/avr32/4.4.7/../../../../avr32/lib/ucr2\libc.a(lib_a-s_isinfd.o)
 .debug_abbrev  0x00003a65       0xce c:/program files (x86)/atmel/atmel toolchain/avr32 gcc/native/3.4.1057/avr32-gnu-toolchain/bin/../lib/gcc/avr32/4.4.7/../../../../avr32/lib/ucr2\libc.a(lib_a-s_isnand.o)
 .debug_abbrev  0x00003b33      0x17f c:/program files (x86)/atmel/atmel toolchain/avr32 gcc/native/3.4.1057/avr32-gnu-toolchain/bin/../lib/gcc/avr32/4.4.7/../../../../avr32/lib/ucr2\libc.a(lib_a-sbrkr.o)
 .debug_abbrev  0x00003cb2      0x192 c:/program files (x86)/atmel/atmel toolchain/avr32 gcc/native/3.4.1057/avr32-gnu-toolchain/bin/../lib/gcc/avr32/4.4.7/../../../../avr32/lib/ucr2\libc.a(lib_a-stdio.o)
 .debug_abbrev  0x00003e44       0x83 c:/program files (x86)/atmel/atmel toolchain/avr32 gcc/native/3.4.1057/avr32-gnu-toolchain/bin/../lib/gcc/avr32/4.4.7/../../../../avr32/lib/ucr2\libc.a(lib_a-strlen.o)
 .debug_abbrev  0x00003ec7      0x19a c:/program files (x86)/atmel/atmel toolchain/avr32 gcc/native/3.4.1057/avr32-gnu-toolchain/bin/../lib/gcc/avr32/4.4.7/../../../../avr32/lib/ucr2\libc.a(lib_a-syscalls.o)
 .debug_abbrev  0x00004061      0x175 c:/program files (x86)/atmel/atmel toolchain/avr32 gcc/native/3.4.1057/avr32-gnu-toolchain/bin/../lib/gcc/avr32/4.4.7/../../../../avr32/lib/ucr2\libc.a(lib_a-writer.o)
 .debug_abbrev  0x000041d6      0x193 c:/program files (x86)/atmel/atmel toolchain/avr32 gcc/native/3.4.1057/avr32-gnu-toolchain/bin/../lib/gcc/avr32/4.4.7/../../../../avr32/lib/ucr2\libc.a(lib_a-callocr.o)
 .debug_abbrev  0x00004369      0x170 c:/program files (x86)/atmel/atmel toolchain/avr32 gcc/native/3.4.1057/avr32-gnu-toolchain/bin/../lib/gcc/avr32/4.4.7/../../../../avr32/lib/ucr2\libc.a(lib_a-closer.o)